Component: Arm Compiler for Embedded 6.24 Tool: armlink [5f371500]

==============================================================================

Section Cross References

    startup_stm32h562xx.o(RESET) refers to startup_stm32h562xx.o(STACK) for __initial_sp
    startup_stm32h562xx.o(RESET) refers to startup_stm32h562xx.o(.text) for Reset_Handler
    startup_stm32h562xx.o(RESET) refers to stm32h5xx_it.o(.text.NMI_Handler) for NMI_Handler
    startup_stm32h562xx.o(RESET) refers to stm32h5xx_it.o(.text.HardFault_Handler) for HardFault_Handler
    startup_stm32h562xx.o(RESET) refers to stm32h5xx_it.o(.text.MemManage_Handler) for MemManage_Handler
    startup_stm32h562xx.o(RESET) refers to stm32h5xx_it.o(.text.BusFault_Handler) for BusFault_Handler
    startup_stm32h562xx.o(RESET) refers to stm32h5xx_it.o(.text.UsageFault_Handler) for UsageFault_Handler
    startup_stm32h562xx.o(RESET) refers to portasm.o(.text.SVC_Handler) for SVC_Handler
    startup_stm32h562xx.o(RESET) refers to stm32h5xx_it.o(.text.DebugMon_Handler) for DebugMon_Handler
    startup_stm32h562xx.o(RESET) refers to portasm.o(.text.PendSV_Handler) for PendSV_Handler
    startup_stm32h562xx.o(RESET) refers to port.o(.text.SysTick_Handler) for SysTick_Handler
    startup_stm32h562xx.o(RESET) refers to stm32h5xx_it.o(.text.EXTI1_IRQHandler) for EXTI1_IRQHandler
    startup_stm32h562xx.o(RESET) refers to stm32h5xx_it.o(.text.TIM2_IRQHandler) for TIM2_IRQHandler
    startup_stm32h562xx.o(.text) refers to system_stm32h5xx.o(.text.SystemInit) for SystemInit
    startup_stm32h562xx.o(.text) refers to entry.o(.ARM.Collect$$$$00000000) for __main
    main.o(.text.main) refers to stm32h5xx_hal.o(.text.HAL_Init) for HAL_Init
    main.o(.text.main) refers to main.o(.text.SystemClock_Config) for SystemClock_Config
    main.o(.text.main) refers to gpio.o(.text.MX_GPIO_Init) for MX_GPIO_Init
    main.o(.text.main) refers to flash.o(.text.MX_FLASH_Init) for MX_FLASH_Init
    main.o(.text.main) refers to iwdg.o(.text.MX_IWDG_Init) for MX_IWDG_Init
    main.o(.text.main) refers to lptim.o(.text.MX_LPTIM1_Init) for MX_LPTIM1_Init
    main.o(.text.main) refers to lcd.o(.text.LCD_Start) for LCD_Start
    main.o(.text.main) refers to lcd.o(.text.LCD_demo) for LCD_demo
    main.o(.ARM.exidx.text.main) refers to main.o(.text.main) for [Anonymous Symbol]
    main.o(.text.SystemClock_Config) refers to memseta.o(.text) for __aeabi_memclr4
    main.o(.text.SystemClock_Config) refers to stm32h5xx_hal_rcc.o(.text.HAL_RCC_OscConfig) for HAL_RCC_OscConfig
    main.o(.text.SystemClock_Config) refers to main.o(.text.Error_Handler) for Error_Handler
    main.o(.text.SystemClock_Config) refers to stm32h5xx_hal_rcc.o(.text.HAL_RCC_ClockConfig) for HAL_RCC_ClockConfig
    main.o(.ARM.exidx.text.SystemClock_Config) refers to main.o(.text.SystemClock_Config) for [Anonymous Symbol]
    main.o(.ARM.exidx.text.Error_Handler) refers to main.o(.text.Error_Handler) for [Anonymous Symbol]
    main.o(.text.HAL_TIM_PeriodElapsedCallback) refers to stm32h5xx_hal.o(.text.HAL_IncTick) for HAL_IncTick
    main.o(.ARM.exidx.text.HAL_TIM_PeriodElapsedCallback) refers to main.o(.text.HAL_TIM_PeriodElapsedCallback) for [Anonymous Symbol]
    gpio.o(.text.MX_GPIO_Init) refers to stm32h5xx_hal_gpio.o(.text.HAL_GPIO_WritePin) for HAL_GPIO_WritePin
    gpio.o(.text.MX_GPIO_Init) refers to stm32h5xx_hal_gpio.o(.text.HAL_GPIO_Init) for HAL_GPIO_Init
    gpio.o(.text.MX_GPIO_Init) refers to stm32h5xx_hal_cortex.o(.text.HAL_NVIC_SetPriority) for HAL_NVIC_SetPriority
    gpio.o(.text.MX_GPIO_Init) refers to stm32h5xx_hal_cortex.o(.text.HAL_NVIC_EnableIRQ) for HAL_NVIC_EnableIRQ
    gpio.o(.ARM.exidx.text.MX_GPIO_Init) refers to gpio.o(.text.MX_GPIO_Init) for [Anonymous Symbol]
    flash.o(.text.MX_FLASH_Init) refers to stm32h5xx_hal_flash.o(.text.HAL_FLASH_Unlock) for HAL_FLASH_Unlock
    flash.o(.text.MX_FLASH_Init) refers to main.o(.text.Error_Handler) for Error_Handler
    flash.o(.text.MX_FLASH_Init) refers to stm32h5xx_hal_flash.o(.text.HAL_FLASH_Lock) for HAL_FLASH_Lock
    flash.o(.ARM.exidx.text.MX_FLASH_Init) refers to flash.o(.text.MX_FLASH_Init) for [Anonymous Symbol]
    iwdg.o(.text.MX_IWDG_Init) refers to iwdg.o(.bss.hiwdg) for hiwdg
    iwdg.o(.text.MX_IWDG_Init) refers to stm32h5xx_hal_iwdg.o(.text.HAL_IWDG_Init) for HAL_IWDG_Init
    iwdg.o(.text.MX_IWDG_Init) refers to main.o(.text.Error_Handler) for Error_Handler
    iwdg.o(.ARM.exidx.text.MX_IWDG_Init) refers to iwdg.o(.text.MX_IWDG_Init) for [Anonymous Symbol]
    lptim.o(.text.MX_LPTIM1_Init) refers to lptim.o(.bss.hlptim1) for hlptim1
    lptim.o(.text.MX_LPTIM1_Init) refers to stm32h5xx_hal_lptim.o(.text.HAL_LPTIM_Init) for HAL_LPTIM_Init
    lptim.o(.text.MX_LPTIM1_Init) refers to main.o(.text.Error_Handler) for Error_Handler
    lptim.o(.ARM.exidx.text.MX_LPTIM1_Init) refers to lptim.o(.text.MX_LPTIM1_Init) for [Anonymous Symbol]
    lptim.o(.text.HAL_LPTIM_MspInit) refers to memseta.o(.text) for __aeabi_memclr8
[...]
    ../clib/microlib/init/entry.s            0x00000000   Number         0  entry2.o ABSOLUTE
    ../clib/microlib/init/entry.s            0x00000000   Number         0  entry5.o ABSOLUTE
    ../clib/microlib/init/entry.s            0x00000000   Number         0  entry7a.o ABSOLUTE
    ../clib/microlib/init/entry.s            0x00000000   Number         0  entry7b.o ABSOLUTE
    ../clib/microlib/init/entry.s            0x00000000   Number         0  entry8a.o ABSOLUTE
    ../clib/microlib/init/entry.s            0x00000000   Number         0  entry8b.o ABSOLUTE
    ../clib/microlib/init/entry.s            0x00000000   Number         0  entry9a.o ABSOLUTE
    ../clib/microlib/init/entry.s            0x00000000   Number         0  entry9b.o ABSOLUTE
    ../clib/microlib/init/entry.s            0x00000000   Number         0  entry10a.o ABSOLUTE
    ../clib/microlib/init/entry.s            0x00000000   Number         0  entry10b.o ABSOLUTE
    ../clib/microlib/init/entry.s            0x00000000   Number         0  entry11a.o ABSOLUTE
    ../clib/microlib/init/entry.s            0x00000000   Number         0  entry11b.o ABSOLUTE
    ../clib/microlib/longlong.c              0x00000000   Number         0  llshl.o ABSOLUTE
    ../clib/microlib/longlong.c              0x00000000   Number         0  llushr.o ABSOLUTE
    ../clib/microlib/longlong.c              0x00000000   Number         0  llsshr.o ABSOLUTE
    ../clib/microlib/printf/printf.c         0x00000000   Number         0  printfa.o ABSOLUTE
    ../clib/microlib/stdio/fputc.c           0x00000000   Number         0  fputc.o ABSOLUTE
    ../clib/microlib/stdio/fputc.c           0x00000000   Number         0  fputc_h.o ABSOLUTE
    ../clib/microlib/stdio/semi.s            0x00000000   Number         0  semi.o ABSOLUTE
    ../clib/microlib/stdio/streams.c         0x00000000   Number         0  stdout.o ABSOLUTE
    ../clib/microlib/string/memcpy.c         0x00000000   Number         0  memcpya.o ABSOLUTE
    ../clib/microlib/string/memcpy.c         0x00000000   Number         0  memcpyb.o ABSOLUTE
    ../clib/microlib/string/memset.c         0x00000000   Number         0  memseta.o ABSOLUTE
    ../clib/microlib/string/strcpy.c         0x00000000   Number         0  strcpy.o ABSOLUTE
    ../clib/microlib/string/strlen.c         0x00000000   Number         0  strlen.o ABSOLUTE
    ../clib/microlib/stubs.s                 0x00000000   Number         0  iusefp.o ABSOLUTE
    ../clib/microlib/stubs.s                 0x00000000   Number         0  iusesemip.o ABSOLUTE
    ../fplib/microlib/fpadd.c                0x00000000   Number         0  dadd.o ABSOLUTE
    ../fplib/microlib/fpdiv.c                0x00000000   Number         0  ddiv.o ABSOLUTE
    ../fplib/microlib/fpepilogue.c           0x00000000   Number         0  depilogue.o ABSOLUTE
    ../fplib/microlib/fpfix.c                0x00000000   Number         0  dfixul.o ABSOLUTE
    ../fplib/microlib/fpmul.c                0x00000000   Number         0  dmul.o ABSOLUTE
    I2C.c                                    0x00000000   Number         0  i2c.o ABSOLUTE
    LCD.c                                    0x00000000   Number         0  lcd.o ABSOLUTE
    SPI.c                                    0x00000000   Number         0  spi.o ABSOLUTE
    cdrcmple.s                               0x00000000   Number         0  cdrcmple.o ABSOLUTE
    croutine.c                               0x00000000   Number         0  croutine.o ABSOLUTE
    dc.s                                     0x00000000   Number         0  dc.o ABSOLUTE
    event_groups.c                           0x00000000   Number         0  event_groups.o ABSOLUTE
    flash.c                                  0x00000000   Number         0  flash.o ABSOLUTE
    gpio.c                                   0x00000000   Number         0  gpio.o ABSOLUTE
    handlers.s                               0x00000000   Number         0  handlers.o ABSOLUTE
    heap_4.c                                 0x00000000   Number         0  heap_4.o ABSOLUTE
    init.s                                   0x00000000   Number         0  init.o ABSOLUTE
    iwdg.c                                   0x00000000   Number         0  iwdg.o ABSOLUTE
    list.c                                   0x00000000   Number         0  list.o ABSOLUTE
    lptim.c                                  0x00000000   Number         0  lptim.o ABSOLUTE
    main.c                                   0x00000000   Number         0  main.o ABSOLUTE
    port.c                                   0x00000000   Number         0  port.o ABSOLUTE
    portasm.c                                0x00000000   Number         0  portasm.o ABSOLUTE
    queue.c                                  0x00000000   Number         0  queue.o ABSOLUTE
    startup_stm32h562xx.s                    0x00000000   Number         0  startup_stm32h562xx.o ABSOLUTE
    stm32h5xx_hal.c                          0x00000000   Number         0  stm32h5xx_hal.o ABSOLUTE
    stm32h5xx_hal_cortex.c                   0x00000000   Number         0  stm32h5xx_hal_cortex.o ABSOLUTE
    stm32h5xx_hal_dma.c                      0x00000000   Number         0  stm32h5xx_hal_dma.o ABSOLUTE
    stm32h5xx_hal_dma_ex.c                   0x00000000   Number         0  stm32h5xx_hal_dma_ex.o ABSOLUTE
    stm32h5xx_hal_exti.c                     0x00000000   Number         0  stm32h5xx_hal_exti.o ABSOLUTE
    stm32h5xx_hal_flash.c                    0x00000000   Number         0  stm32h5xx_hal_flash.o ABSOLUTE
    stm32h5xx_hal_flash_ex.c                 0x00000000   Number         0  stm32h5xx_hal_flash_ex.o ABSOLUTE
    stm32h5xx_hal_gpio.c                     0x00000000   Number         0  stm32h5xx_hal_gpio.o ABSOLUTE
    stm32h5xx_hal_iwdg.c                     0x00000000   Number         0  stm32h5xx_hal_iwdg.o ABSOLUTE
    stm32h5xx_hal_lptim.c                    0x00000000   Number         0  stm32h5xx_hal_lptim.o ABSOLUTE
    stm32h5xx_hal_msp.c                      0x00000000   Number         0  stm32h5xx_hal_msp.o ABSOLUTE
    stm32h5xx_hal_pwr.c                      0x00000000   Number         0  stm32h5xx_hal_pwr.o ABSOLUTE
    stm32h5xx_hal_pwr_ex.c                   0x00000000   Number         0  stm32h5xx_hal_pwr_ex.o ABSOLUTE
    stm32h5xx_hal_rcc.c                      0x00000000   Number         0  stm32h5xx_hal_rcc.o ABSOLUTE
    stm32h5xx_hal_rcc_ex.c                   0x00000000   Number         0  stm32h5xx_hal_rcc_ex.o ABSOLUTE
    stm32h5xx_hal_tim.c                      0x00000000   Number         0  stm32h5xx_hal_tim.o ABSOLUTE
    stm32h5xx_hal_tim_ex.c                   0x00000000   Number         0  stm32h5xx_hal_tim_ex.o ABSOLUTE
    stm32h5xx_hal_timebase_tim.c             0x00000000   Number         0  stm32h5xx_hal_timebase_tim.o ABSOLUTE
    stm32h5xx_it.c                           0x00000000   Number         0  stm32h5xx_it.o ABSOLUTE
    stream_buffer.c                          0x00000000   Number         0  stream_buffer.o ABSOLUTE
    system_stm32h5xx.c                       0x00000000   Number         0  system_stm32h5xx.o ABSOLUTE
    tasks.c                                  0x00000000   Number         0  tasks.o ABSOLUTE
    timers.c                                 0x00000000   Number         0  timers.o ABSOLUTE
    RESET                                    0x08000000   Section      588  startup_stm32h562xx.o(RESET)
    .ARM.Collect$$$$00000000                 0x0800024c   Section        0  entry.o(.ARM.Collect$$$$00000000)
    .ARM.Collect$$$$00000001                 0x0800024c   Section        4  entry2.o(.ARM.Collect$$$$00000001)
    .ARM.Collect$$$$00000004                 0x08000250   Section        4  entry5.o(.ARM.Collect$$$$00000004)
    .ARM.Collect$$$$00000008                 0x08000254   Section        0  entry7b.o(.ARM.Collect$$$$00000008)
    .ARM.Collect$$$$0000000A                 0x08000254   Section        0  entry8b.o(.ARM.Collect$$$$0000000A)
    .ARM.Collect$$$$0000000B                 0x08000254   Section        8  entry9a.o(.ARM.Collect$$$$0000000B)
    __lit__00000000                          0x0800025c   Data           4  entry2.o(.ARM.Collect$$$$00002712)
    .ARM.Collect$$$$0000000D                 0x0800025c   Section        0  entry10a.o(.ARM.Collect$$$$0000000D)
    .ARM.Collect$$$$0000000F                 0x0800025c   Section        0  entry11a.o(.ARM.Collect$$$$0000000F)
    .ARM.Collect$$$$00002712                 0x0800025c   Section        4  entry2.o(.ARM.Collect$$$$00002712)
    $v0                                      0x08000260   Number         0  startup_stm32h562xx.o(.text)
    .text                                    0x08000260   Section       40  startup_stm32h562xx.o(.text)
    .text                                    0x08000288   Section        0  memseta.o(.text)
    .text                                    0x080002ac   Section        0  uidiv.o(.text)
    .text                                    0x080002d8   Section        0  uldiv.o(.text)
    .text                                    0x0800033a   Section        0  iusefp.o(.text)
    .text                                    0x0800033a   Section        0  dadd.o(.text)
    .text                                    0x08000488   Section        0  dmul.o(.text)
    .text                                    0x0800056c   Section        0  ddiv.o(.text)
    .text                                    0x0800064a   Section        0  dfixul.o(.text)
    .text                                    0x0800067c   Section       48  cdrcmple.o(.text)
    .text                                    0x080006ac   Section       48  init.o(.text)
    .text                                    0x080006dc   Section        0  semi.o(.text)
    .text                                    0x080006dc   Section        0  llshl.o(.text)
    .text                                    0x080006fa   Section        0  llushr.o(.text)
    .text                                    0x0800071a   Section        0  llsshr.o(.text)
    .text                                    0x0800073e   Section        0  iusesemip.o(.text)
    .text                                    0x0800073e   Section        0  depilogue.o(.text)
    .text                                    0x080007f8   Section        0  __dczerorl2.o(.text)
    [Anonymous Symbol]                       0x08000850   Section        0  stm32h5xx_it.o(.text.BusFault_Handler)
    [Anonymous Symbol]                       0x08000854   Section        0  stm32h5xx_it.o(.text.DebugMon_Handler)
    [Anonymous Symbol]                       0x08000858   Section        0  stm32h5xx_it.o(.text.EXTI1_IRQHandler)
    [Anonymous Symbol]                       0x08000864   Section        0  main.o(.text.Error_Handler)
    [Anonymous Symbol]                       0x0800086c   Section        0  stm32h5xx_hal.o(.text.HAL_Delay)
    [Anonymous Symbol]                       0x080008b0   Section        0  stm32h5xx_hal_flash.o(.text.HAL_FLASH_Lock)
    [Anonymous Symbol]                       0x080008e0   Section        0  stm32h5xx_hal_flash.o(.text.HAL_FLASH_Unlock)
    [Anonymous Symbol]                       0x08000938   Section        0  stm32h5xx_it.o(.text.HAL_GPIO_EXTI_Falling_Callback)
    [Anonymous Symbol]                       0x0800095c   Section        0  stm32h5xx_hal_gpio.o(.text.HAL_GPIO_EXTI_IRQHandler)
    [Anonymous Symbol]                       0x080009c0   Section        0  stm32h5xx_hal_gpio.o(.text.HAL_GPIO_EXTI_Rising_Callback)
    [Anonymous Symbol]                       0x080009cc   Section        0  stm32h5xx_hal_gpio.o(.text.HAL_GPIO_Init)
    [Anonymous Symbol]                       0x08000cb8   Section        0  stm32h5xx_hal_gpio.o(.text.HAL_GPIO_ReadPin)
    [Anonymous Symbol]                       0x08000ce8   Section        0  stm32h5xx_hal_gpio.o(.text.HAL_GPIO_WritePin)
    [Anonymous Symbol]                       0x08000d14   Section        0  stm32h5xx_hal.o(.text.HAL_GetTick)
    [Anonymous Symbol]                       0x08000d20   Section        0  stm32h5xx_hal_iwdg.o(.text.HAL_IWDG_Init)
    [Anonymous Symbol]                       0x08000e30   Section        0  stm32h5xx_hal_iwdg.o(.text.HAL_IWDG_MspInit)
    [Anonymous Symbol]                       0x08000e38   Section        0  stm32h5xx_hal.o(.text.HAL_IncTick)
    [Anonymous Symbol]                       0x08000e54   Section        0  stm32h5xx_hal.o(.text.HAL_Init)
    [Anonymous Symbol]                       0x08000eb4   Section        0  stm32h5xx_hal_timebase_tim.o(.text.HAL_InitTick)
    [Anonymous Symbol]                       0x08000f94   Section        0  stm32h5xx_hal_lptim.o(.text.HAL_LPTIM_Init)
    [Anonymous Symbol]                       0x080011a8   Section        0  lptim.o(.text.HAL_LPTIM_MspInit)
    [Anonymous Symbol]                       0x08001204   Section        0  stm32h5xx_hal_msp.o(.text.HAL_MspInit)
    [Anonymous Symbol]                       0x08001208   Section        0  stm32h5xx_hal_cortex.o(.text.HAL_NVIC_EnableIRQ)
    [Anonymous Symbol]                       0x0800121c   Section        0  stm32h5xx_hal_cortex.o(.text.HAL_NVIC_SetPriority)
    [Anonymous Symbol]                       0x0800124c   Section        0  stm32h5xx_hal_cortex.o(.text.HAL_NVIC_SetPriorityGrouping)
    [Anonymous Symbol]                       0x0800125c   Section        0  stm32h5xx_hal_rcc_ex.o(.text.HAL_RCCEx_PeriphCLKConfig)
    [Anonymous Symbol]                       0x08002ad4   Section        0  stm32h5xx_hal_rcc.o(.text.HAL_RCC_ClockConfig)
    [Anonymous Symbol]                       0x08002f68   Section        0  stm32h5xx_hal_rcc.o(.text.HAL_RCC_GetClockConfig)
    [Anonymous Symbol]                       0x08002fd4   Section        0  stm32h5xx_hal_rcc.o(.text.HAL_RCC_GetHCLKFreq)
    [Anonymous Symbol]                       0x08003008   Section        0  stm32h5xx_hal_rcc.o(.text.HAL_RCC_GetPCLK1Freq)
    [Anonymous Symbol]                       0x08003030   Section        0  stm32h5xx_hal_rcc.o(.text.HAL_RCC_GetSysClockFreq)
    [Anonymous Symbol]                       0x080032fc   Section        0  stm32h5xx_hal_rcc.o(.text.HAL_RCC_OscConfig)
    [Anonymous Symbol]                       0x08003cf8   Section        0  stm32h5xx_hal_cortex.o(.text.HAL_SYSTICK_CLKSourceConfig)
    [Anonymous Symbol]                       0x08003d94   Section        0  stm32h5xx_hal_tim_ex.o(.text.HAL_TIMEx_Break2Callback)
    [Anonymous Symbol]                       0x08003d9c   Section        0  stm32h5xx_hal_tim_ex.o(.text.HAL_TIMEx_BreakCallback)
    [Anonymous Symbol]                       0x08003da4   Section        0  stm32h5xx_hal_tim_ex.o(.text.HAL_TIMEx_CommutCallback)
    [Anonymous Symbol]                       0x08003dac   Section        0  stm32h5xx_hal_tim_ex.o(.text.HAL_TIMEx_DirectionChangeCallback)
    [Anonymous Symbol]                       0x08003db4   Section        0  stm32h5xx_hal_tim_ex.o(.text.HAL_TIMEx_EncoderIndexCallback)
    [Anonymous Symbol]                       0x08003dbc   Section        0  stm32h5xx_hal_tim_ex.o(.text.HAL_TIMEx_IndexErrorCallback)
    [Anonymous Symbol]                       0x08003dc4   Section        0  stm32h5xx_hal_tim_ex.o(.text.HAL_TIMEx_TransitionErrorCallback)
    [Anonymous Symbol]                       0x08003dcc   Section        0  stm32h5xx_hal_tim.o(.text.HAL_TIM_Base_Init)
    [Anonymous Symbol]                       0x08003e74   Section        0  stm32h5xx_hal_tim.o(.text.HAL_TIM_Base_MspInit)
    [Anonymous Symbol]                       0x08003e7c   Section        0  stm32h5xx_hal_tim.o(.text.HAL_TIM_Base_Start_IT)
    [Anonymous Symbol]                       0x08004010   Section        0  stm32h5xx_hal_tim.o(.text.HAL_TIM_IC_CaptureCallback)
    [Anonymous Symbol]                       0x08004018   Section        0  stm32h5xx_hal_tim.o(.text.HAL_TIM_IRQHandler)
    [Anonymous Symbol]                       0x08004318   Section        0  stm32h5xx_hal_tim.o(.text.HAL_TIM_OC_DelayElapsedCallback)
    [Anonymous Symbol]                       0x08004320   Section        0  stm32h5xx_hal_tim.o(.text.HAL_TIM_PWM_PulseFinishedCallback)
    [Anonymous Symbol]                       0x08004328   Section        0  main.o(.text.HAL_TIM_PeriodElapsedCallback)
    [Anonymous Symbol]                       0x08004344   Section        0  stm32h5xx_hal_tim.o(.text.HAL_TIM_TriggerCallback)
    [Anonymous Symbol]                       0x0800434c   Section        0  stm32h5xx_it.o(.text.HardFault_Handler)
    [Anonymous Symbol]                       0x08004350   Section        0  i2c.o(.text.I2C_Delay)
    [Anonymous Symbol]                       0x0800436c   Section        0  i2c.o(.text.I2C_Start)
    [Anonymous Symbol]                       0x080043a8   Section        0  i2c.o(.text.I2C_Stop)
    [Anonymous Symbol]                       0x080043e4   Section        0  i2c.o(.text.I2C_WriteByte)
    [Anonymous Symbol]                       0x080044b4   Section        0  lcd.o(.text.LCD_Start)
    [Anonymous Symbol]                       0x080044e4   Section        0  lcd.o(.text.LCD_demo)
    LPTIM_WaitForFlag                        0x08004731   Thumb Code   136  stm32h5xx_hal_lptim.o(.text.LPTIM_WaitForFlag)
    [Anonymous Symbol]                       0x08004730   Section        0  stm32h5xx_hal_lptim.o(.text.LPTIM_WaitForFlag)
    [Anonymous Symbol]                       0x080047b8   Section        0  flash.o(.text.MX_FLASH_Init)
    [Anonymous Symbol]                       0x080047d8   Section        0  gpio.o(.text.MX_GPIO_Init)
    [Anonymous Symbol]                       0x08004914   Section        0  iwdg.o(.text.MX_IWDG_Init)
    [Anonymous Symbol]                       0x08004948   Section        0  lptim.o(.text.MX_LPTIM1_Init)
    [Anonymous Symbol]                       0x08004988   Section        0  stm32h5xx_it.o(.text.MemManage_Handler)
    [Anonymous Symbol]                       0x0800498c   Section        0  stm32h5xx_it.o(.text.NMI_Handler)
    NVIC_EncodePriority                      0x08004991   Thumb Code   108  stm32h5xx_hal_cortex.o(.text.NVIC_EncodePriority)
    [Anonymous Symbol]                       0x08004990   Section        0  stm32h5xx_hal_cortex.o(.text.NVIC_EncodePriority)
    [Anonymous Symbol]                       0x08004a00   Section        0  portasm.o(.text.PendSV_Handler)
    pxCurrentTCBConst                        0x08004a50   Number         0  portasm.o(.text.PendSV_Handler)
    RCCEx_PLL2_Config                        0x08004a55   Thumb Code   364  stm32h5xx_hal_rcc_ex.o(.text.RCCEx_PLL2_Config)
    [Anonymous Symbol]                       0x08004a54   Section        0  stm32h5xx_hal_rcc_ex.o(.text.RCCEx_PLL2_Config)
    RCCEx_PLL3_Config                        0x08004bc1   Thumb Code   364  stm32h5xx_hal_rcc_ex.o(.text.RCCEx_PLL3_Config)
    [Anonymous Symbol]                       0x08004bc0   Section        0  stm32h5xx_hal_rcc_ex.o(.text.RCCEx_PLL3_Config)
    [Anonymous Symbol]                       0x08004d2c   Section        0  spi.o(.text.SPI_ReadByte)
    [Anonymous Symbol]                       0x08004dbc   Section        0  spi.o(.text.SPI_WriteByte)
    [Anonymous Symbol]                       0x08004e40   Section        0  portasm.o(.text.SVC_Handler)
    svchandler_address_const                 0x08004e60   Number         0  portasm.o(.text.SVC_Handler)
    [Anonymous Symbol]                       0x08004e64   Section        0  port.o(.text.SysTick_Handler)
    [Anonymous Symbol]                       0x08004e90   Section        0  main.o(.text.SystemClock_Config)
    [Anonymous Symbol]                       0x08004f5c   Section        0  system_stm32h5xx.o(.text.SystemInit)
    [Anonymous Symbol]                       0x08005094   Section        0  stm32h5xx_it.o(.text.TIM2_IRQHandler)
    [Anonymous Symbol]                       0x080050a4   Section        0  stm32h5xx_hal_tim.o(.text.TIM_Base_SetConfig)
    [Anonymous Symbol]                       0x08005400   Section        0  stm32h5xx_it.o(.text.UsageFault_Handler)
    __NVIC_EnableIRQ                         0x08005405   Thumb Code    48  stm32h5xx_hal_cortex.o(.text.__NVIC_EnableIRQ)
    [Anonymous Symbol]                       0x08005404   Section        0  stm32h5xx_hal_cortex.o(.text.__NVIC_EnableIRQ)
    __NVIC_GetPriorityGrouping               0x08005435   Thumb Code    16  stm32h5xx_hal_cortex.o(.text.__NVIC_GetPriorityGrouping)
    [Anonymous Symbol]                       0x08005434   Section        0  stm32h5xx_hal_cortex.o(.text.__NVIC_GetPriorityGrouping)
    __NVIC_SetPriority                       0x08005445   Thumb Code    66  stm32h5xx_hal_cortex.o(.text.__NVIC_SetPriority)
    [Anonymous Symbol]                       0x08005444   Section        0  stm32h5xx_hal_cortex.o(.text.__NVIC_SetPriority)
    __NVIC_SetPriorityGrouping               0x08005489   Thumb Code    60  stm32h5xx_hal_cortex.o(.text.__NVIC_SetPriorityGrouping)
    [Anonymous Symbol]                       0x08005488   Section        0  stm32h5xx_hal_cortex.o(.text.__NVIC_SetPriorityGrouping)
    [Anonymous Symbol]                       0x080054c4   Section        0  lcd.o(.text.clear_screen)
    [Anonymous Symbol]                       0x0800554c   Section        0  lcd.o(.text.delay)
    [Anonymous Symbol]                       0x08005560   Section        0  lcd.o(.text.display_GB2312_string)
    [Anonymous Symbol]                       0x080057a4   Section        0  lcd.o(.text.display_graphic_128x64)
    [Anonymous Symbol]                       0x08005888   Section        0  lcd.o(.text.display_graphic_16x16)
    [Anonymous Symbol]                       0x08005964   Section        0  lcd.o(.text.display_graphic_32x32)
    [Anonymous Symbol]                       0x08005a48   Section        0  lcd.o(.text.display_graphic_5x7)
    [Anonymous Symbol]                       0x08005b0c   Section        0  lcd.o(.text.display_graphic_8x16)
    [Anonymous Symbol]                       0x08005be8   Section        0  lcd.o(.text.display_string_5x7)
    get_data_from_ROM                        0x08005cbd   Thumb Code     8  lcd.o(.text.get_data_from_ROM)
    [Anonymous Symbol]                       0x08005cbc   Section        0  lcd.o(.text.get_data_from_ROM)
    [Anonymous Symbol]                       0x08005cc4   Section        0  lcd.o(.text.get_n_bytes_data_from_ROM)
    [Anonymous Symbol]                       0x08005d60   Section        0  lcd.o(.text.initial_lcd)
    [Anonymous Symbol]                       0x08005db0   Section        0  main.o(.text.main)
    prvResetNextTaskUnblockTime              0x08005ddd   Thumb Code    60  tasks.o(.text.prvResetNextTaskUnblockTime)
    [Anonymous Symbol]                       0x08005ddc   Section        0  tasks.o(.text.prvResetNextTaskUnblockTime)
    [Anonymous Symbol]                       0x08005e18   Section        0  lcd.o(.text.send_command_to_ROM)
    [Anonymous Symbol]                       0x08005e2c   Section        0  lcd.o(.text.start_flag)
    [Anonymous Symbol]                       0x08005e34   Section        0  lcd.o(.text.stop_flag)
    [Anonymous Symbol]                       0x08005e3c   Section        0  lcd.o(.text.transfer)
    [Anonymous Symbol]                       0x08005e50   Section        0  portasm.o(.text.ulSetInterruptMask)
    [Anonymous Symbol]                       0x08005e68   Section        0  portasm.o(.text.vClearInterruptMask)
    __tagsym$$used.0                         0x08005e78   Number         0  port.o(.text.vPortSVCHandler_C)
    [Anonymous Symbol]                       0x08005e78   Section        0  port.o(.text.vPortSVCHandler_C)
    [Anonymous Symbol]                       0x08005ec0   Section        0  portasm.o(.text.vRestoreContextOfFirstTask)
    pxCurrentTCBConst2                       0x08005ef0   Number         0  portasm.o(.text.vRestoreContextOfFirstTask)
    __tagsym$$used.0                         0x08005ef4   Number         0  tasks.o(.text.vTaskSwitchContext)
    [Anonymous Symbol]                       0x08005ef4   Section        0  tasks.o(.text.vTaskSwitchContext)
    [Anonymous Symbol]                       0x08005fc0   Section        0  lcd.o(.text.waitkey)
    [Anonymous Symbol]                       0x08005ff8   Section        0  tasks.o(.text.xTaskIncrementTick)
    i.__0printf                              0x08006268   Section        0  printfa.o(i.__0printf)
    i.__scatterload_copy                     0x08006288   Section       14  handlers.o(i.__scatterload_copy)
    i.__scatterload_null                     0x08006296   Section        2  handlers.o(i.__scatterload_null)
    i.__scatterload_zeroinit                 0x08006298   Section       14  handlers.o(i.__scatterload_zeroinit)
    _fp_digits                               0x080062a9   Thumb Code   366  printfa.o(i._fp_digits)
    i._fp_digits                             0x080062a8   Section        0  printfa.o(i._fp_digits)
    _printf_core                             0x0800642d   Thumb Code  1744  printfa.o(i._printf_core)
    i._printf_core                           0x0800642c   Section        0  printfa.o(i._printf_core)
    _printf_post_padding                     0x08006b09   Thumb Code    36  printfa.o(i._printf_post_padding)
    i._printf_post_padding                   0x08006b08   Section        0  printfa.o(i._printf_post_padding)
    _printf_pre_padding                      0x08006b2d   Thumb Code    46  printfa.o(i._printf_pre_padding)
    i._printf_pre_padding                    0x08006b2c   Section        0  printfa.o(i._printf_pre_padding)
    i.fputc                                  0x08006b5a   Section        0  fputc.o(i.fputc)
    .L.str.9                                 0x08006b84   Data          26  lcd.o(.rodata.str1.1)
    [Anonymous Symbol]                       0x08006b84   Section        0  lcd.o(.rodata.str1.1)
    .L.str.10                                0x08006b9e   Data          22  lcd.o(.rodata.str1.1)
    .L.str.7                                 0x08006bb4   Data          22  lcd.o(.rodata.str1.1)
    .L.str.6                                 0x08006bca   Data          22  lcd.o(.rodata.str1.1)
    .L.str.8                                 0x08006be0   Data          22  lcd.o(.rodata.str1.1)
    .L.str.2                                 0x08006bf6   Data          17  lcd.o(.rodata.str1.1)
    .L.str.1                                 0x08006c07   Data          17  lcd.o(.rodata.str1.1)
    .L.str                                   0x08006c18   Data          17  lcd.o(.rodata.str1.1)
    .L.str.5                                 0x08006c29   Data          22  lcd.o(.rodata.str1.1)
    .L.str.4                                 0x08006c3f   Data          26  lcd.o(.rodata.str1.1)
    .L.str.3                                 0x08006c59   Data          17  lcd.o(.rodata.str1.1)
    .L.str                                   0x08006c6a   Data          16  tasks.o(.rodata.str1.1)
    .L.str                                   0x08006c6a   Data          16  tasks.o(.rodata.str1.1)
    [Anonymous Symbol]                       0x08006c6a   Section        0  tasks.o(.rodata.str1.1)
    .L.str.1                                 0x08006c8e   Data          24  tasks.o(.rodata.str1.1)
    .L.str.2                                 0x08006c92   Data           5  tasks.o(.rodata.str1.1)
    .L.str.3                                 0x08006c97   Data          15  tasks.o(.rodata.str1.1)
    .L.str.1                                 0x08006ca6   Data          32  port.o(.rodata.str1.1)
    [Anonymous Symbol]                       0x08006ca6   Section        0  port.o(.rodata.str1.1)
    .data                                    0x20000000   Section        4  stdout.o(.data)
    bmp_12864_1                              0x20000008   Data        1024  lcd.o(.data.bmp_12864_1)
    [Anonymous Symbol]                       0x20000008   Section        0  lcd.o(.data.bmp_12864_1)
    bmp_12864_2                              0x20000408   Data        1024  lcd.o(.data.bmp_12864_2)
    [Anonymous Symbol]                       0x20000408   Section        0  lcd.o(.data.bmp_12864_2)
    bmp_12864_3                              0x20000808   Data        1024  lcd.o(.data.bmp_12864_3)
    [Anonymous Symbol]                       0x20000808   Section        0  lcd.o(.data.bmp_12864_3)
    bmp_12864_4                              0x20000c08   Data        1024  lcd.o(.data.bmp_12864_4)
    [Anonymous Symbol]                       0x20000c08   Section        0  lcd.o(.data.bmp_12864_4)
    bmp_12864_5                              0x20001008   Data        1024  lcd.o(.data.bmp_12864_5)
    [Anonymous Symbol]                       0x20001008   Section        0  lcd.o(.data.bmp_12864_5)
    bmp_12864_6                              0x20001408   Data        1024  lcd.o(.data.bmp_12864_6)
    [Anonymous Symbol]                       0x20001408   Section        0  lcd.o(.data.bmp_12864_6)
    chang1                                   0x20001808   Data          32  lcd.o(.data.chang1)
    [Anonymous Symbol]                       0x20001808   Section        0  lcd.o(.data.chang1)
    chuan1                                   0x20001828   Data          32  lcd.o(.data.chuan1)
    [Anonymous Symbol]                       0x20001828   Section        0  lcd.o(.data.chuan1)
    fei1                                     0x20001848   Data          32  lcd.o(.data.fei1)
    [Anonymous Symbol]                       0x20001848   Section        0  lcd.o(.data.fei1)
    ge1                                      0x20001868   Data          32  lcd.o(.data.ge1)
    [Anonymous Symbol]                       0x20001868   Section        0  lcd.o(.data.ge1)
    mao_hao                                  0x20001888   Data          16  lcd.o(.data.mao_hao)
    [Anonymous Symbol]                       0x20001888   Section        0  lcd.o(.data.mao_hao)
    ming1                                    0x20001898   Data          32  lcd.o(.data.ming1)
    [Anonymous Symbol]                       0x20001898   Section        0  lcd.o(.data.ming1)
    qi1                                      0x200018b8   Data          32  lcd.o(.data.qi1)
    [Anonymous Symbol]                       0x200018b8   Section        0  lcd.o(.data.qi1)
    qu1                                      0x200018d8   Data          32  lcd.o(.data.qu1)
    [Anonymous Symbol]                       0x200018d8   Section        0  lcd.o(.data.qu1)
    wang1                                    0x20001900   Data          32  lcd.o(.data.wang1)
    [Anonymous Symbol]                       0x20001900   Section        0  lcd.o(.data.wang1)
    xing1                                    0x20001920   Data         124  lcd.o(.data.xing1)
    [Anonymous Symbol]                       0x20001920   Section        0  lcd.o(.data.xing1)
    yan1                                     0x2000199c   Data          32  lcd.o(.data.yan1)
    [Anonymous Symbol]                       0x2000199c   Section        0  lcd.o(.data.yan1)
    yun1                                     0x200019bc   Data         124  lcd.o(.data.yun1)
    [Anonymous Symbol]                       0x200019bc   Section        0  lcd.o(.data.yun1)
    zhe1                                     0x20001a38   Data          32  lcd.o(.data.zhe1)
    [Anonymous Symbol]                       0x20001a38   Section        0  lcd.o(.data.zhe1)
    zhong1                                   0x20001a58   Data         124  lcd.o(.data.zhong1)
    [Anonymous Symbol]                       0x20001a58   Section        0  lcd.o(.data.zhong1)
    pxDelayedTaskList                        0x20001b94   Data           4  tasks.o(.bss.pxDelayedTaskList)
    [Anonymous Symbol]                       0x20001b94   Section        0  tasks.o(.bss.pxDelayedTaskList)
    pxOverflowDelayedTaskList                0x20001b98   Data           4  tasks.o(.bss.pxOverflowDelayedTaskList)
    [Anonymous Symbol]                       0x20001b98   Section        0  tasks.o(.bss.pxOverflowDelayedTaskList)
    pxReadyTasksLists                        0x20001b9c   Data         640  tasks.o(.bss.pxReadyTasksLists)
    [Anonymous Symbol]                       0x20001b9c   Section        0  tasks.o(.bss.pxReadyTasksLists)
    uxSchedulerSuspended                     0x20001e20   Data           4  tasks.o(.bss.uxSchedulerSuspended)
    [Anonymous Symbol]                       0x20001e20   Section        0  tasks.o(.bss.uxSchedulerSuspended)
    uxTopReadyPriority                       0x20001e24   Data           4  tasks.o(.bss.uxTopReadyPriority)
    [Anonymous Symbol]                       0x20001e24   Section        0  tasks.o(.bss.uxTopReadyPriority)
    xNextTaskUnblockTime                     0x20001e28   Data           4  tasks.o(.bss.xNextTaskUnblockTime)
    [Anonymous Symbol]                       0x20001e28   Section        0  tasks.o(.bss.xNextTaskUnblockTime)
    xNumOfOverflows                          0x20001e2c   Data           4  tasks.o(.bss.xNumOfOverflows)
    [Anonymous Symbol]                       0x20001e2c   Section        0  tasks.o(.bss.xNumOfOverflows)
    xPendedTicks                             0x20001e30   Data           4  tasks.o(.bss.xPendedTicks)
    [Anonymous Symbol]                       0x20001e30   Section        0  tasks.o(.bss.xPendedTicks)
    xTickCount                               0x20001e34   Data           4  tasks.o(.bss.xTickCount)
    [Anonymous Symbol]                       0x20001e34   Section        0  tasks.o(.bss.xTickCount)
    xYieldPending                            0x20001e38   Data           4  tasks.o(.bss.xYieldPending)
    [Anonymous Symbol]                       0x20001e38   Section        0  tasks.o(.bss.xYieldPending)
    STACK                                    0x20001e40   Section     1024  startup_stm32h562xx.o(STACK)

    Global Symbols

    Symbol Name                              Value     Ov Type        Size  Object(Section)

    BuildAttributes$$THM_ISAv4$E$P$D$K$B$S$7EM$8M$VFPi5$EXTD16$VFPS$VFMA$PE$A:L22UL41UL21$X:L11$S22US41US21$IEEE1$IW$~IW$USESV6$~STKCKD$USESV7$~SHL$OSPACE$ROPI$EBA8$MICROLIB$REQ8$PRES8$EABIv2 0x00000000   Number         0  anon$$obj.o ABSOLUTE
    __cpp_initialize__aeabi_                  - Undefined Weak Reference
    __cxa_finalize                            - Undefined Weak Reference
    _clock_init                               - Undefined Weak Reference
    _microlib_exit                            - Undefined Weak Reference
    __Vectors_Size                           0x0000024c   Number         0  startup_stm32h562xx.o ABSOLUTE
    __Vectors                                0x08000000   Data           4  startup_stm32h562xx.o(RESET)
    __Vectors_End                            0x0800024c   Data           0  startup_stm32h562xx.o(RESET)
    __main                                   0x0800024d   Thumb Code     0  entry.o(.ARM.Collect$$$$00000000)
    _main_stk                                0x0800024d   Thumb Code     0  entry2.o(.ARM.Collect$$$$00000001)
    _main_scatterload                        0x08000251   Thumb Code     0  entry5.o(.ARM.Collect$$$$00000004)
    __main_after_scatterload                 0x08000255   Thumb Code     0  entry5.o(.ARM.Collect$$$$00000004)
    _main_clock                              0x08000255   Thumb Code     0  entry7b.o(.ARM.Collect$$$$00000008)
    _main_cpp_init                           0x08000255   Thumb Code     0  entry8b.o(.ARM.Collect$$$$0000000A)
    _main_init                               0x08000255   Thumb Code     0  entry9a.o(.ARM.Collect$$$$0000000B)
    __rt_final_cpp                           0x0800025d   Thumb Code     0  entry10a.o(.ARM.Collect$$$$0000000D)
    __rt_final_exit                          0x0800025d   Thumb Code     0  entry11a.o(.ARM.Collect$$$$0000000F)
    Reset_Handler                            0x08000261   Thumb Code     8  startup_stm32h562xx.o(.text)
    SecureFault_Handler                      0x08000273   Thumb Code     2  startup_stm32h562xx.o(.text)
    ADC1_IRQHandler                          0x0800027d   Thumb Code     0  startup_stm32h562xx.o(.text)
    ADC2_IRQHandler                          0x0800027d   Thumb Code     0  startup_stm32h562xx.o(.text)
    CEC_IRQHandler                           0x0800027d   Thumb Code     0  startup_stm32h562xx.o(.text)
    CORDIC_IRQHandler                        0x0800027d   Thumb Code     0  startup_stm32h562xx.o(.text)
    CRS_IRQHandler                           0x0800027d   Thumb Code     0  startup_stm32h562xx.o(.text)
    DAC1_IRQHandler                          0x0800027d   Thumb Code     0  startup_stm32h562xx.o(.text)
    DCACHE1_IRQHandler                       0x0800027d   Thumb Code     0  startup_stm32h562xx.o(.text)
    DCMI_PSSI_IRQHandler                     0x0800027d   Thumb Code     0  startup_stm32h562xx.o(.text)
    DTS_IRQHandler                           0x0800027d   Thumb Code     0  startup_stm32h562xx.o(.text)
    EXTI0_IRQHandler                         0x0800027d   Thumb Code     0  startup_stm32h562xx.o(.text)
    EXTI10_IRQHandler                        0x0800027d   Thumb Code     0  startup_stm32h562xx.o(.text)
    EXTI11_IRQHandler                        0x0800027d   Thumb Code     0  startup_stm32h562xx.o(.text)
    EXTI12_IRQHandler                        0x0800027d   Thumb Code     0  startup_stm32h562xx.o(.text)
    EXTI13_IRQHandler                        0x0800027d   Thumb Code     0  startup_stm32h562xx.o(.text)
    EXTI14_IRQHandler                        0x0800027d   Thumb Code     0  startup_stm32h562xx.o(.text)
    EXTI15_IRQHandler                        0x0800027d   Thumb Code     0  startup_stm32h562xx.o(.text)
    EXTI2_IRQHandler                         0x0800027d   Thumb Code     0  startup_stm32h562xx.o(.text)
    EXTI3_IRQHandler                         0x0800027d   Thumb Code     0  startup_stm32h562xx.o(.text)
    EXTI4_IRQHandler                         0x0800027d   Thumb Code     0  startup_stm32h562xx.o(.text)
    EXTI5_IRQHandler                         0x0800027d   Thumb Code     0  startup_stm32h562xx.o(.text)
    EXTI6_IRQHandler                         0x0800027d   Thumb Code     0  startup_stm32h562xx.o(.text)
    EXTI7_IRQHandler                         0x0800027d   Thumb Code     0  startup_stm32h562xx.o(.text)
    EXTI8_IRQHandler                         0x0800027d   Thumb Code     0  startup_stm32h562xx.o(.text)
    EXTI9_IRQHandler                         0x0800027d   Thumb Code     0  startup_stm32h562xx.o(.text)
    FDCAN1_IT0_IRQHandler                    0x0800027d   Thumb Code     0  startup_stm32h562xx.o(.text)
    FDCAN1_IT1_IRQHandler                    0x0800027d   Thumb Code     0  startup_stm32h562xx.o(.text)
    FLASH_IRQHandler                         0x0800027d   Thumb Code     0  startup_stm32h562xx.o(.text)
    FLASH_S_IRQHandler                       0x0800027d   Thumb Code     0  startup_stm32h562xx.o(.text)
    FMAC_IRQHandler                          0x0800027d   Thumb Code     0  startup_stm32h562xx.o(.text)
    FMC_IRQHandler                           0x0800027d   Thumb Code     0  startup_stm32h562xx.o(.text)
    FPU_IRQHandler                           0x0800027d   Thumb Code     0  startup_stm32h562xx.o(.text)
    GPDMA1_Channel0_IRQHandler               0x0800027d   Thumb Code     0  startup_stm32h562xx.o(.text)
    GPDMA1_Channel1_IRQHandler               0x0800027d   Thumb Code     0  startup_stm32h562xx.o(.text)
    GPDMA1_Channel2_IRQHandler               0x0800027d   Thumb Code     0  startup_stm32h562xx.o(.text)
    GPDMA1_Channel3_IRQHandler               0x0800027d   Thumb Code     0  startup_stm32h562xx.o(.text)
    GPDMA1_Channel4_IRQHandler               0x0800027d   Thumb Code     0  startup_stm32h562xx.o(.text)
    GPDMA1_Channel5_IRQHandler               0x0800027d   Thumb Code     0  startup_stm32h562xx.o(.text)
    GPDMA1_Channel6_IRQHandler               0x0800027d   Thumb Code     0  startup_stm32h562xx.o(.text)
    GPDMA1_Channel7_IRQHandler               0x0800027d   Thumb Code     0  startup_stm32h562xx.o(.text)
    GPDMA2_Channel0_IRQHandler               0x0800027d   Thumb Code     0  startup_stm32h562xx.o(.text)
    GPDMA2_Channel1_IRQHandler               0x0800027d   Thumb Code     0  startup_stm32h562xx.o(.text)
    GPDMA2_Channel2_IRQHandler               0x0800027d   Thumb Code     0  startup_stm32h562xx.o(.text)
    GPDMA2_Channel3_IRQHandler               0x0800027d   Thumb Code     0  startup_stm32h562xx.o(.text)
    GPDMA2_Channel4_IRQHandler               0x0800027d   Thumb Code     0  startup_stm32h562xx.o(.text)
    GPDMA2_Channel5_IRQHandler               0x0800027d   Thumb Code     0  startup_stm32h562xx.o(.text)
    GPDMA2_Channel6_IRQHandler               0x0800027d   Thumb Code     0  startup_stm32h562xx.o(.text)
    GPDMA2_Channel7_IRQHandler               0x0800027d   Thumb Code     0  startup_stm32h562xx.o(.text)
    GTZC_IRQHandler                          0x0800027d   Thumb Code     0  startup_stm32h562xx.o(.text)
    HASH_IRQHandler                          0x0800027d   Thumb Code     0  startup_stm32h562xx.o(.text)
    I2C1_ER_IRQHandler                       0x0800027d   Thumb Code     0  startup_stm32h562xx.o(.text)
    I2C1_EV_IRQHandler                       0x0800027d   Thumb Code     0  startup_stm32h562xx.o(.text)
    I2C2_ER_IRQHandler                       0x0800027d   Thumb Code     0  startup_stm32h562xx.o(.text)
    I2C2_EV_IRQHandler                       0x0800027d   Thumb Code     0  startup_stm32h562xx.o(.text)
    I2C3_ER_IRQHandler                       0x0800027d   Thumb Code     0  startup_stm32h562xx.o(.text)
    I2C3_EV_IRQHandler                       0x0800027d   Thumb Code     0  startup_stm32h562xx.o(.text)
    I2C4_ER_IRQHandler                       0x0800027d   Thumb Code     0  startup_stm32h562xx.o(.text)
    I2C4_EV_IRQHandler                       0x0800027d   Thumb Code     0  startup_stm32h562xx.o(.text)
    I3C1_ER_IRQHandler                       0x0800027d   Thumb Code     0  startup_stm32h562xx.o(.text)
    I3C1_EV_IRQHandler                       0x0800027d   Thumb Code     0  startup_stm32h562xx.o(.text)
    ICACHE_IRQHandler                        0x0800027d   Thumb Code     0  startup_stm32h562xx.o(.text)
    IWDG_IRQHandler                          0x0800027d   Thumb Code     0  startup_stm32h562xx.o(.text)
    LPTIM1_IRQHandler                        0x0800027d   Thumb Code     0  startup_stm32h562xx.o(.text)
    LPTIM2_IRQHandler                        0x0800027d   Thumb Code     0  startup_stm32h562xx.o(.text)
    LPTIM3_IRQHandler                        0x0800027d   Thumb Code     0  startup_stm32h562xx.o(.text)
    LPTIM4_IRQHandler                        0x0800027d   Thumb Code     0  startup_stm32h562xx.o(.text)
    LPTIM5_IRQHandler                        0x0800027d   Thumb Code     0  startup_stm32h562xx.o(.text)
    LPTIM6_IRQHandler                        0x0800027d   Thumb Code     0  startup_stm32h562xx.o(.text)
    LPUART1_IRQHandler                       0x0800027d   Thumb Code     0  startup_stm32h562xx.o(.text)
    OCTOSPI1_IRQHandler                      0x0800027d   Thumb Code     0  startup_stm32h562xx.o(.text)
    PVD_AVD_IRQHandler                       0x0800027d   Thumb Code     0  startup_stm32h562xx.o(.text)
    RAMCFG_IRQHandler                        0x0800027d   Thumb Code     0  startup_stm32h562xx.o(.text)
    RCC_IRQHandler                           0x0800027d   Thumb Code     0  startup_stm32h562xx.o(.text)
    RCC_S_IRQHandler                         0x0800027d   Thumb Code     0  startup_stm32h562xx.o(.text)
    RNG_IRQHandler                           0x0800027d   Thumb Code     0  startup_stm32h562xx.o(.text)
    RTC_IRQHandler                           0x0800027d   Thumb Code     0  startup_stm32h562xx.o(.text)
    RTC_S_IRQHandler                         0x0800027d   Thumb Code     0  startup_stm32h562xx.o(.text)
    SAI1_IRQHandler                          0x0800027d   Thumb Code     0  startup_stm32h562xx.o(.text)
    SAI2_IRQHandler                          0x0800027d   Thumb Code     0  startup_stm32h562xx.o(.text)
    SDMMC1_IRQHandler                        0x0800027d   Thumb Code     0  startup_stm32h562xx.o(.text)
    SPI1_IRQHandler                          0x0800027d   Thumb Code     0  startup_stm32h562xx.o(.text)
    SPI2_IRQHandler                          0x0800027d   Thumb Code     0  startup_stm32h562xx.o(.text)
    SPI3_IRQHandler                          0x0800027d   Thumb Code     0  startup_stm32h562xx.o(.text)
    SPI4_IRQHandler                          0x0800027d   Thumb Code     0  startup_stm32h562xx.o(.text)
    SPI5_IRQHandler                          0x0800027d   Thumb Code     0  startup_stm32h562xx.o(.text)
    SPI6_IRQHandler                          0x0800027d   Thumb Code     0  startup_stm32h562xx.o(.text)
    TAMP_IRQHandler                          0x0800027d   Thumb Code     0  startup_stm32h562xx.o(.text)
    TIM12_IRQHandler                         0x0800027d   Thumb Code     0  startup_stm32h562xx.o(.text)
    TIM13_IRQHandler                         0x0800027d   Thumb Code     0  startup_stm32h562xx.o(.text)
    TIM14_IRQHandler                         0x0800027d   Thumb Code     0  startup_stm32h562xx.o(.text)
    TIM15_IRQHandler                         0x0800027d   Thumb Code     0  startup_stm32h562xx.o(.text)
    TIM16_IRQHandler                         0x0800027d   Thumb Code     0  startup_stm32h562xx.o(.text)
    TIM17_IRQHandler                         0x0800027d   Thumb Code     0  startup_stm32h562xx.o(.text)
    TIM1_BRK_IRQHandler                      0x0800027d   Thumb Code     0  startup_stm32h562xx.o(.text)
    TIM1_CC_IRQHandler                       0x0800027d   Thumb Code     0  startup_stm32h562xx.o(.text)
    TIM1_TRG_COM_IRQHandler                  0x0800027d   Thumb Code     0  startup_stm32h562xx.o(.text)
    TIM1_UP_IRQHandler                       0x0800027d   Thumb Code     0  startup_stm32h562xx.o(.text)
    TIM3_IRQHandler                          0x0800027d   Thumb Code     0  startup_stm32h562xx.o(.text)
    TIM4_IRQHandler                          0x0800027d   Thumb Code     0  startup_stm32h562xx.o(.text)
    TIM5_IRQHandler                          0x0800027d   Thumb Code     0  startup_stm32h562xx.o(.text)
    TIM6_IRQHandler                          0x0800027d   Thumb Code     0  startup_stm32h562xx.o(.text)
    TIM7_IRQHandler                          0x0800027d   Thumb Code     0  startup_stm32h562xx.o(.text)
    TIM8_BRK_IRQHandler                      0x0800027d   Thumb Code     0  startup_stm32h562xx.o(.text)
    TIM8_CC_IRQHandler                       0x0800027d   Thumb Code     0  startup_stm32h562xx.o(.text)
    TIM8_TRG_COM_IRQHandler                  0x0800027d   Thumb Code     0  startup_stm32h562xx.o(.text)
    TIM8_UP_IRQHandler                       0x0800027d   Thumb Code     0  startup_stm32h562xx.o(.text)
    UART12_IRQHandler                        0x0800027d   Thumb Code     0  startup_stm32h562xx.o(.text)
    UART4_IRQHandler                         0x0800027d   Thumb Code     0  startup_stm32h562xx.o(.text)
    UART5_IRQHandler                         0x0800027d   Thumb Code     0  startup_stm32h562xx.o(.text)
    UART7_IRQHandler                         0x0800027d   Thumb Code     0  startup_stm32h562xx.o(.text)
    UART8_IRQHandler                         0x0800027d   Thumb Code     0  startup_stm32h562xx.o(.text)
    UART9_IRQHandler                         0x0800027d   Thumb Code     0  startup_stm32h562xx.o(.text)
    UCPD1_IRQHandler                         0x0800027d   Thumb Code     0  startup_stm32h562xx.o(.text)
    USART10_IRQHandler                       0x0800027d   Thumb Code     0  startup_stm32h562xx.o(.text)
    USART11_IRQHandler                       0x0800027d   Thumb Code     0  startup_stm32h562xx.o(.text)
    USART1_IRQHandler                        0x0800027d   Thumb Code     0  startup_stm32h562xx.o(.text)
    USART2_IRQHandler                        0x0800027d   Thumb Code     0  startup_stm32h562xx.o(.text)
    USART3_IRQHandler                        0x0800027d   Thumb Code     0  startup_stm32h562xx.o(.text)
    USART6_IRQHandler                        0x0800027d   Thumb Code     0  startup_stm32h562xx.o(.text)
    USB_DRD_FS_IRQHandler                    0x0800027d   Thumb Code     0  startup_stm32h562xx.o(.text)
    WWDG_IRQHandler                          0x0800027d   Thumb Code     0  startup_stm32h562xx.o(.text)
    __aeabi_memset                           0x08000289   Thumb Code    14  memseta.o(.text)
    __aeabi_memset4                          0x08000289   Thumb Code     0  memseta.o(.text)
    __aeabi_memset8                          0x08000289   Thumb Code     0  memseta.o(.text)
    __aeabi_memclr                           0x08000297   Thumb Code     4  memseta.o(.text)
    __aeabi_memclr4                          0x08000297   Thumb Code     0  memseta.o(.text)
    __aeabi_memclr8                          0x08000297   Thumb Code     0  memseta.o(.text)
    _memset$wrapper                          0x0800029b   Thumb Code    18  memseta.o(.text)
    __aeabi_uidiv                            0x080002ad   Thumb Code     0  uidiv.o(.text)
    __aeabi_uidivmod                         0x080002ad   Thumb Code    44  uidiv.o(.text)
    __aeabi_uldivmod                         0x080002d9   Thumb Code    98  uldiv.o(.text)
    __I$use$fp                               0x0800033b   Thumb Code     0  iusefp.o(.text)
    __aeabi_dadd                             0x0800033b   Thumb Code   322  dadd.o(.text)
    __aeabi_dsub                             0x0800047d   Thumb Code     6  dadd.o(.text)
    __aeabi_drsub                            0x08000483   Thumb Code     6  dadd.o(.text)
    __aeabi_dmul                             0x08000489   Thumb Code   228  dmul.o(.text)
    __aeabi_ddiv                             0x0800056d   Thumb Code   222  ddiv.o(.text)
    __aeabi_d2ulz                            0x0800064b   Thumb Code    48  dfixul.o(.text)
    __aeabi_cdrcmple                         0x0800067d   Thumb Code    48  cdrcmple.o(.text)
    __scatterload                            0x080006ad   Thumb Code    38  init.o(.text)
    __scatterload_rt2                        0x080006ad   Thumb Code     0  init.o(.text)
    __aeabi_llsl                             0x080006dd   Thumb Code    30  llshl.o(.text)
    __semihosting_library_function           0x080006dd   Thumb Code     0  semi.o(.text)
    _ll_shift_l                              0x080006dd   Thumb Code     0  llshl.o(.text)
    __aeabi_llsr                             0x080006fb   Thumb Code    32  llushr.o(.text)
    _ll_ushift_r                             0x080006fb   Thumb Code     0  llushr.o(.text)
    __aeabi_lasr                             0x0800071b   Thumb Code    36  llsshr.o(.text)
    _ll_sshift_r                             0x0800071b   Thumb Code     0  llsshr.o(.text)
    __I$use$semihosting$fputc                0x0800073f   Thumb Code     0  iusesemip.o(.text)
    _double_round                            0x0800073f   Thumb Code    30  depilogue.o(.text)
    _double_epilogue                         0x0800075d   Thumb Code   156  depilogue.o(.text)
    __decompress                             0x080007f9   Thumb Code     0  __dczerorl2.o(.text)
    __decompress1                            0x080007f9   Thumb Code    86  __dczerorl2.o(.text)
    BusFault_Handler                         0x08000851   Thumb Code     4  stm32h5xx_it.o(.text.BusFault_Handler)
    DebugMon_Handler                         0x08000855   Thumb Code     2  stm32h5xx_it.o(.text.DebugMon_Handler)
    EXTI1_IRQHandler                         0x08000859   Thumb Code    10  stm32h5xx_it.o(.text.EXTI1_IRQHandler)
    Error_Handler                            0x08000865   Thumb Code     6  main.o(.text.Error_Handler)
    HAL_Delay                                0x0800086d   Thumb Code    66  stm32h5xx_hal.o(.text.HAL_Delay)
    HAL_FLASH_Lock                           0x080008b1   Thumb Code    48  stm32h5xx_hal_flash.o(.text.HAL_FLASH_Lock)
    HAL_FLASH_Unlock                         0x080008e1   Thumb Code    86  stm32h5xx_hal_flash.o(.text.HAL_FLASH_Unlock)
    HAL_GPIO_EXTI_Falling_Callback           0x08000939   Thumb Code    34  stm32h5xx_it.o(.text.HAL_GPIO_EXTI_Falling_Callback)
    HAL_GPIO_EXTI_IRQHandler                 0x0800095d   Thumb Code   100  stm32h5xx_hal_gpio.o(.text.HAL_GPIO_EXTI_IRQHandler)
    HAL_GPIO_EXTI_Rising_Callback            0x080009c1   Thumb Code    10  stm32h5xx_hal_gpio.o(.text.HAL_GPIO_EXTI_Rising_Callback)
    HAL_GPIO_Init                            0x080009cd   Thumb Code   746  stm32h5xx_hal_gpio.o(.text.HAL_GPIO_Init)
    HAL_GPIO_ReadPin                         0x08000cb9   Thumb Code    46  stm32h5xx_hal_gpio.o(.text.HAL_GPIO_ReadPin)
    HAL_GPIO_WritePin                        0x08000ce9   Thumb Code    44  stm32h5xx_hal_gpio.o(.text.HAL_GPIO_WritePin)
    HAL_GetTick                              0x08000d15   Thumb Code    12  stm32h5xx_hal.o(.text.HAL_GetTick)
    HAL_IWDG_Init                            0x08000d21   Thumb Code   270  stm32h5xx_hal_iwdg.o(.text.HAL_IWDG_Init)
    HAL_IWDG_MspInit                         0x08000e31   Thumb Code     8  stm32h5xx_hal_iwdg.o(.text.HAL_IWDG_MspInit)
    HAL_IncTick                              0x08000e39   Thumb Code    26  stm32h5xx_hal.o(.text.HAL_IncTick)
    HAL_Init                                 0x08000e55   Thumb Code    94  stm32h5xx_hal.o(.text.HAL_Init)
    HAL_InitTick                             0x08000eb5   Thumb Code   224  stm32h5xx_hal_timebase_tim.o(.text.HAL_InitTick)
    HAL_LPTIM_Init                           0x08000f95   Thumb Code   530  stm32h5xx_hal_lptim.o(.text.HAL_LPTIM_Init)
    HAL_LPTIM_MspInit                        0x080011a9   Thumb Code    92  lptim.o(.text.HAL_LPTIM_MspInit)
    HAL_MspInit                              0x08001205   Thumb Code     2  stm32h5xx_hal_msp.o(.text.HAL_MspInit)
    HAL_NVIC_EnableIRQ                       0x08001209   Thumb Code    20  stm32h5xx_hal_cortex.o(.text.HAL_NVIC_EnableIRQ)
    HAL_NVIC_SetPriority                     0x0800121d   Thumb Code    46  stm32h5xx_hal_cortex.o(.text.HAL_NVIC_SetPriority)
    HAL_NVIC_SetPriorityGrouping             0x0800124d   Thumb Code    16  stm32h5xx_hal_cortex.o(.text.HAL_NVIC_SetPriorityGrouping)
    HAL_RCCEx_PeriphCLKConfig                0x0800125d   Thumb Code  6264  stm32h5xx_hal_rcc_ex.o(.text.HAL_RCCEx_PeriphCLKConfig)
    HAL_RCC_ClockConfig                      0x08002ad5   Thumb Code  1172  stm32h5xx_hal_rcc.o(.text.HAL_RCC_ClockConfig)
    HAL_RCC_GetClockConfig                   0x08002f69   Thumb Code   108  stm32h5xx_hal_rcc.o(.text.HAL_RCC_GetClockConfig)
    HAL_RCC_GetHCLKFreq                      0x08002fd5   Thumb Code    52  stm32h5xx_hal_rcc.o(.text.HAL_RCC_GetHCLKFreq)
    HAL_RCC_GetPCLK1Freq                     0x08003009   Thumb Code    38  stm32h5xx_hal_rcc.o(.text.HAL_RCC_GetPCLK1Freq)
    HAL_RCC_GetSysClockFreq                  0x08003031   Thumb Code   700  stm32h5xx_hal_rcc.o(.text.HAL_RCC_GetSysClockFreq)
    HAL_RCC_OscConfig                        0x080032fd   Thumb Code  2556  stm32h5xx_hal_rcc.o(.text.HAL_RCC_OscConfig)
    HAL_SYSTICK_CLKSourceConfig              0x08003cf9   Thumb Code   154  stm32h5xx_hal_cortex.o(.text.HAL_SYSTICK_CLKSourceConfig)
    HAL_TIMEx_Break2Callback                 0x08003d95   Thumb Code     8  stm32h5xx_hal_tim_ex.o(.text.HAL_TIMEx_Break2Callback)
    HAL_TIMEx_BreakCallback                  0x08003d9d   Thumb Code     8  stm32h5xx_hal_tim_ex.o(.text.HAL_TIMEx_BreakCallback)
    HAL_TIMEx_CommutCallback                 0x08003da5   Thumb Code     8  stm32h5xx_hal_tim_ex.o(.text.HAL_TIMEx_CommutCallback)
    HAL_TIMEx_DirectionChangeCallback        0x08003dad   Thumb Code     8  stm32h5xx_hal_tim_ex.o(.text.HAL_TIMEx_DirectionChangeCallback)
    HAL_TIMEx_EncoderIndexCallback           0x08003db5   Thumb Code     8  stm32h5xx_hal_tim_ex.o(.text.HAL_TIMEx_EncoderIndexCallback)
    HAL_TIMEx_IndexErrorCallback             0x08003dbd   Thumb Code     8  stm32h5xx_hal_tim_ex.o(.text.HAL_TIMEx_IndexErrorCallback)
    HAL_TIMEx_TransitionErrorCallback        0x08003dc5   Thumb Code     8  stm32h5xx_hal_tim_ex.o(.text.HAL_TIMEx_TransitionErrorCallback)
    HAL_TIM_Base_Init                        0x08003dcd   Thumb Code   168  stm32h5xx_hal_tim.o(.text.HAL_TIM_Base_Init)
    HAL_TIM_Base_MspInit                     0x08003e75   Thumb Code     8  stm32h5xx_hal_tim.o(.text.HAL_TIM_Base_MspInit)
    HAL_TIM_Base_Start_IT                    0x08003e7d   Thumb Code   402  stm32h5xx_hal_tim.o(.text.HAL_TIM_Base_Start_IT)
    HAL_TIM_IC_CaptureCallback               0x08004011   Thumb Code     8  stm32h5xx_hal_tim.o(.text.HAL_TIM_IC_CaptureCallback)
    HAL_TIM_IRQHandler                       0x08004019   Thumb Code   768  stm32h5xx_hal_tim.o(.text.HAL_TIM_IRQHandler)
    HAL_TIM_OC_DelayElapsedCallback          0x08004319   Thumb Code     8  stm32h5xx_hal_tim.o(.text.HAL_TIM_OC_DelayElapsedCallback)
    HAL_TIM_PWM_PulseFinishedCallback        0x08004321   Thumb Code     8  stm32h5xx_hal_tim.o(.text.HAL_TIM_PWM_PulseFinishedCallback)
    HAL_TIM_PeriodElapsedCallback            0x08004329   Thumb Code    28  main.o(.text.HAL_TIM_PeriodElapsedCallback)
    HAL_TIM_TriggerCallback                  0x08004345   Thumb Code     8  stm32h5xx_hal_tim.o(.text.HAL_TIM_TriggerCallback)
    HardFault_Handler                        0x0800434d   Thumb Code     4  stm32h5xx_it.o(.text.HardFault_Handler)
    I2C_Delay                                0x08004351   Thumb Code    26  i2c.o(.text.I2C_Delay)
    I2C_Start                                0x0800436d   Thumb Code    60  i2c.o(.text.I2C_Start)
    I2C_Stop                                 0x080043a9   Thumb Code    60  i2c.o(.text.I2C_Stop)
    I2C_WriteByte                            0x080043e5   Thumb Code   208  i2c.o(.text.I2C_WriteByte)
    LCD_Start                                0x080044b5   Thumb Code    48  lcd.o(.text.LCD_Start)
    LCD_demo                                 0x080044e5   Thumb Code   586  lcd.o(.text.LCD_demo)
    MX_FLASH_Init                            0x080047b9   Thumb Code    32  flash.o(.text.MX_FLASH_Init)
    MX_GPIO_Init                             0x080047d9   Thumb Code   316  gpio.o(.text.MX_GPIO_Init)
    MX_IWDG_Init                             0x08004915   Thumb Code    52  iwdg.o(.text.MX_IWDG_Init)
    MX_LPTIM1_Init                           0x08004949   Thumb Code    62  lptim.o(.text.MX_LPTIM1_Init)
    MemManage_Handler                        0x08004989   Thumb Code     4  stm32h5xx_it.o(.text.MemManage_Handler)
    NMI_Handler                              0x0800498d   Thumb Code     4  stm32h5xx_it.o(.text.NMI_Handler)
    PendSV_Handler                           0x08004a01   Thumb Code    84  portasm.o(.text.PendSV_Handler)
    SPI_ReadByte                             0x08004d2d   Thumb Code   144  spi.o(.text.SPI_ReadByte)
    SPI_WriteByte                            0x08004dbd   Thumb Code   132  spi.o(.text.SPI_WriteByte)
    SVC_Handler                              0x08004e41   Thumb Code    36  portasm.o(.text.SVC_Handler)
    SysTick_Handler                          0x08004e65   Thumb Code    44  port.o(.text.SysTick_Handler)
    SystemClock_Config                       0x08004e91   Thumb Code   204  main.o(.text.SystemClock_Config)
    SystemInit                               0x08004f5d   Thumb Code   310  system_stm32h5xx.o(.text.SystemInit)
    TIM2_IRQHandler                          0x08005095   Thumb Code    16  stm32h5xx_it.o(.text.TIM2_IRQHandler)
    TIM_Base_SetConfig                       0x080050a5   Thumb Code   858  stm32h5xx_hal_tim.o(.text.TIM_Base_SetConfig)
    UsageFault_Handler                       0x08005401   Thumb Code     4  stm32h5xx_it.o(.text.UsageFault_Handler)
    clear_screen                             0x080054c5   Thumb Code   134  lcd.o(.text.clear_screen)
    delay                                    0x0800554d   Thumb Code    20  lcd.o(.text.delay)
    display_GB2312_string                    0x08005561   Thumb Code   578  lcd.o(.text.display_GB2312_string)
    display_graphic_128x64                   0x080057a5   Thumb Code   226  lcd.o(.text.display_graphic_128x64)
    display_graphic_16x16                    0x08005889   Thumb Code   220  lcd.o(.text.display_graphic_16x16)
    display_graphic_32x32                    0x08005965   Thumb Code   226  lcd.o(.text.display_graphic_32x32)
    display_graphic_5x7                      0x08005a49   Thumb Code   196  lcd.o(.text.display_graphic_5x7)
    display_graphic_8x16                     0x08005b0d   Thumb Code   220  lcd.o(.text.display_graphic_8x16)
    display_string_5x7                       0x08005be9   Thumb Code   210  lcd.o(.text.display_string_5x7)
    get_n_bytes_data_from_ROM                0x08005cc5   Thumb Code   154  lcd.o(.text.get_n_bytes_data_from_ROM)
    initial_lcd                              0x08005d61   Thumb Code    78  lcd.o(.text.initial_lcd)
    main                                     0x08005db1   Thumb Code    44  main.o(.text.main)
    send_command_to_ROM                      0x08005e19   Thumb Code    20  lcd.o(.text.send_command_to_ROM)
    start_flag                               0x08005e2d   Thumb Code     8  lcd.o(.text.start_flag)
    stop_flag                                0x08005e35   Thumb Code     8  lcd.o(.text.stop_flag)
    transfer                                 0x08005e3d   Thumb Code    20  lcd.o(.text.transfer)
    ulSetInterruptMask                       0x08005e51   Thumb Code    22  portasm.o(.text.ulSetInterruptMask)
    vClearInterruptMask                      0x08005e69   Thumb Code    14  portasm.o(.text.vClearInterruptMask)
    vPortSVCHandler_C                        0x08005e79   Thumb Code    68  port.o(.text.vPortSVCHandler_C)
    vRestoreContextOfFirstTask               0x08005ec1   Thumb Code    52  portasm.o(.text.vRestoreContextOfFirstTask)
    vTaskSwitchContext                       0x08005ef5   Thumb Code   204  tasks.o(.text.vTaskSwitchContext)
    waitkey                                  0x08005fc1   Thumb Code    56  lcd.o(.text.waitkey)
    xTaskIncrementTick                       0x08005ff9   Thumb Code   624  tasks.o(.text.xTaskIncrementTick)
    __0printf                                0x08006269   Thumb Code    22  printfa.o(i.__0printf)
    __1printf                                0x08006269   Thumb Code     0  printfa.o(i.__0printf)
    __2printf                                0x08006269   Thumb Code     0  printfa.o(i.__0printf)
    __c89printf                              0x08006269   Thumb Code     0  printfa.o(i.__0printf)
    printf                                   0x08006269   Thumb Code     0  printfa.o(i.__0printf)
    __scatterload_copy                       0x08006289   Thumb Code    14  handlers.o(i.__scatterload_copy)
    __scatterload_null                       0x08006297   Thumb Code     2  handlers.o(i.__scatterload_null)
    __scatterload_zeroinit                   0x08006299   Thumb Code    14  handlers.o(i.__scatterload_zeroinit)
    fputc                                    0x08006b5b   Thumb Code    18  fputc.o(i.fputc)
    AHBPrescTable                            0x08006b6c   Data          16  system_stm32h5xx.o(.rodata.AHBPrescTable)
    APBPrescTable                            0x08006b7c   Data           8  system_stm32h5xx.o(.rodata.APBPrescTable)
    Region$$Table$$Base                      0x08006cc8   Number         0  anon$$obj.o(Region$$Table)
    Region$$Table$$Limit                     0x08006ce8   Number         0  anon$$obj.o(Region$$Table)
    __stdout                                 0x20000000   Data           4  stdout.o(.data)
    SystemCoreClock                          0x20000004   Data           4  system_stm32h5xx.o(.data.SystemCoreClock)
    uwTickFreq                               0x200018f8   Data           1  stm32h5xx_hal.o(.data.uwTickFreq)
    uwTickPrio                               0x200018fc   Data           4  stm32h5xx_hal.o(.data.uwTickPrio)
    fontaddr                                 0x20001ad8   Data           4  lcd.o(.bss.fontaddr)
    hiwdg                                    0x20001adc   Data          20  iwdg.o(.bss.hiwdg)
    hlptim1                                  0x20001af0   Data          80  lptim.o(.bss.hlptim1)
    htim2                                    0x20001b40   Data          76  stm32h5xx_hal_timebase_tim.o(.bss.htim2)
    key1_pressed                             0x20001b8c   Data           1  stm32h5xx_it.o(.bss.key1_pressed)
    pxCurrentTCB                             0x20001b90   Data           4  tasks.o(.bss.pxCurrentTCB)
    uwTick                                   0x20001e1c   Data           4  stm32h5xx_hal.o(.bss.uwTick)
    __initial_sp                             0x20002240   Data           0  startup_stm32h562xx.o(STACK)



==============================================================================

Memory Map of the image

  Image Entry point : 0x0800024d

  Load Region LR_IROM1 (Base: 0x08000000, Size: 0x000087c0, Max: 0x00200000, ABSOLUTE, COMPRESSED[0x00007390])

    Execution Region ER_IROM1 (Exec base: 0x08000000, Load base: 0x08000000, Size: 0x00006ce8, Max: 0x00200000, ABSOLUTE)

    Exec Addr    Load Addr    Size         Type   Attr      Idx    E Section Name        Object

    0x08000000   0x08000000   0x0000024c   Data   RO            3    RESET               startup_stm32h562xx.o
    0x0800024c   0x0800024c   0x00000000   Code   RO         2112  * .ARM.Collect$$$$00000000  mc_w.l(entry.o)
    0x0800024c   0x0800024c   0x00000004   Code   RO         2153    .ARM.Collect$$$$00000001  mc_w.l(entry2.o)
    0x08000250   0x08000250   0x00000004   Code   RO         2156    .ARM.Collect$$$$00000004  mc_w.l(entry5.o)
    0x08000254   0x08000254   0x00000000   Code   RO         2158    .ARM.Collect$$$$00000008  mc_w.l(entry7b.o)
    0x08000254   0x08000254   0x00000000   Code   RO         2160    .ARM.Collect$$$$0000000A  mc_w.l(entry8b.o)
    0x08000254   0x08000254   0x00000008   Code   RO         2161    .ARM.Collect$$$$0000000B  mc_w.l(entry9a.o)
    0x0800025c   0x0800025c   0x00000000   Code   RO         2163    .ARM.Collect$$$$0000000D  mc_w.l(entry10a.o)
    0x0800025c   0x0800025c   0x00000000   Code   RO         2165    .ARM.Collect$$$$0000000F  mc_w.l(entry11a.o)
    0x0800025c   0x0800025c   0x00000004   Code   RO         2154    .ARM.Collect$$$$00002712  mc_w.l(entry2.o)
    0x08000260   0x08000260   0x00000028   Code   RO            4    .text               startup_stm32h562xx.o
    0x08000288   0x08000288   0x00000024   Code   RO         2117    .text               mc_w.l(memseta.o)
    0x080002ac   0x080002ac   0x0000002c   Code   RO         2181    .text               mc_w.l(uidiv.o)
    0x080002d8   0x080002d8   0x00000062   Code   RO         2183    .text               mc_w.l(uldiv.o)
    0x0800033a   0x0800033a   0x00000000   Code   RO         2185    .text               mc_w.l(iusefp.o)
    0x0800033a   0x0800033a   0x0000014e   Code   RO         2186    .text               mf_w.l(dadd.o)
    0x08000488   0x08000488   0x000000e4   Code   RO         2188    .text               mf_w.l(dmul.o)
    0x0800056c   0x0800056c   0x000000de   Code   RO         2190    .text               mf_w.l(ddiv.o)
    0x0800064a   0x0800064a   0x00000030   Code   RO         2192    .text               mf_w.l(dfixul.o)
    0x0800067a   0x0800067a   0x00000002   PAD
    0x0800067c   0x0800067c   0x00000030   Code   RO         2194    .text               mf_w.l(cdrcmple.o)
    0x080006ac   0x080006ac   0x00000030   Code   RO         2196    .text               mc_w.l(init.o)
    0x080006dc   0x080006dc   0x00000000   Code   RO         2198    .text               mc_w.l(semi.o)
    0x080006dc   0x080006dc   0x0000001e   Code   RO         2199    .text               mc_w.l(llshl.o)
    0x080006fa   0x080006fa   0x00000020   Code   RO         2201    .text               mc_w.l(llushr.o)
    0x0800071a   0x0800071a   0x00000024   Code   RO         2203    .text               mc_w.l(llsshr.o)
    0x0800073e   0x0800073e   0x00000000   Code   RO         2205    .text               mc_w.l(iusesemip.o)
    0x0800073e   0x0800073e   0x000000ba   Code   RO         2206    .text               mf_w.l(depilogue.o)
    0x080007f8   0x080007f8   0x00000056   Code   RO         2216    .text               mc_w.l(__dczerorl2.o)
    0x0800084e   0x0800084e   0x00000002   PAD
    0x08000850   0x08000850   0x00000004   Code   RO           72    .text.BusFault_Handler  stm32h5xx_it.o
    0x08000854   0x08000854   0x00000002   Code   RO           78    .text.DebugMon_Handler  stm32h5xx_it.o
    0x08000856   0x08000856   0x00000002   PAD
    0x08000858   0x08000858   0x0000000a   Code   RO           84    .text.EXTI1_IRQHandler  stm32h5xx_it.o
    0x08000862   0x08000862   0x00000002   PAD
    0x08000864   0x08000864   0x00000006   Code   RO           15    .text.Error_Handler  main.o
    0x0800086a   0x0800086a   0x00000002   PAD
    0x0800086c   0x0800086c   0x00000042   Code   RO         1156    .text.HAL_Delay     stm32h5xx_hal.o
    0x080008ae   0x080008ae   0x00000002   PAD
    0x080008b0   0x080008b0   0x00000030   Code   RO          619    .text.HAL_FLASH_Lock  stm32h5xx_hal_flash.o
    0x080008e0   0x080008e0   0x00000056   Code   RO          617    .text.HAL_FLASH_Unlock  stm32h5xx_hal_flash.o
    0x08000936   0x08000936   0x00000002   PAD
    0x08000938   0x08000938   0x00000022   Code   RO           88    .text.HAL_GPIO_EXTI_Falling_Callback  stm32h5xx_it.o
    0x0800095a   0x0800095a   0x00000002   PAD
    0x0800095c   0x0800095c   0x00000064   Code   RO          848    .text.HAL_GPIO_EXTI_IRQHandler  stm32h5xx_hal_gpio.o
    0x080009c0   0x080009c0   0x0000000a   Code   RO          850    .text.HAL_GPIO_EXTI_Rising_Callback  stm32h5xx_hal_gpio.o
    0x080009ca   0x080009ca   0x00000002   PAD
    0x080009cc   0x080009cc   0x000002ea   Code   RO          830    .text.HAL_GPIO_Init  stm32h5xx_hal_gpio.o
    0x08000cb6   0x08000cb6   0x00000002   PAD
    0x08000cb8   0x08000cb8   0x0000002e   Code   RO          834    .text.HAL_GPIO_ReadPin  stm32h5xx_hal_gpio.o
    0x08000ce6   0x08000ce6   0x00000002   PAD
    0x08000ce8   0x08000ce8   0x0000002c   Code   RO          836    .text.HAL_GPIO_WritePin  stm32h5xx_hal_gpio.o
    0x08000d14   0x08000d14   0x0000000c   Code   RO         1148    .text.HAL_GetTick   stm32h5xx_hal.o
    0x08000d20   0x08000d20   0x0000010e   Code   RO         1297    .text.HAL_IWDG_Init  stm32h5xx_hal_iwdg.o
    0x08000e2e   0x08000e2e   0x00000002   PAD
    0x08000e30   0x08000e30   0x00000008   Code   RO         1299    .text.HAL_IWDG_MspInit  stm32h5xx_hal_iwdg.o
    0x08000e38   0x08000e38   0x0000001a   Code   RO         1146    .text.HAL_IncTick   stm32h5xx_hal.o
    0x08000e52   0x08000e52   0x00000002   PAD
    0x08000e54   0x08000e54   0x0000005e   Code   RO         1136    .text.HAL_Init      stm32h5xx_hal.o
    0x08000eb2   0x08000eb2   0x00000002   PAD
    0x08000eb4   0x08000eb4   0x000000e0   Code   RO          106    .text.HAL_InitTick  stm32h5xx_hal_timebase_tim.o
    0x08000f94   0x08000f94   0x00000212   Code   RO         1316    .text.HAL_LPTIM_Init  stm32h5xx_hal_lptim.o
    0x080011a6   0x080011a6   0x00000002   PAD
    0x080011a8   0x080011a8   0x0000005c   Code   RO           54    .text.HAL_LPTIM_MspInit  lptim.o
    0x08001204   0x08001204   0x00000002   Code   RO           98    .text.HAL_MspInit   stm32h5xx_hal_msp.o
    0x08001206   0x08001206   0x00000002   PAD
    0x08001208   0x08001208   0x00000014   Code   RO          528    .text.HAL_NVIC_EnableIRQ  stm32h5xx_hal_cortex.o
    0x0800121c   0x0800121c   0x0000002e   Code   RO          520    .text.HAL_NVIC_SetPriority  stm32h5xx_hal_cortex.o
    0x0800124a   0x0800124a   0x00000002   PAD
    0x0800124c   0x0800124c   0x00000010   Code   RO          516    .text.HAL_NVIC_SetPriorityGrouping  stm32h5xx_hal_cortex.o
    0x0800125c   0x0800125c   0x00001878   Code   RO          763    .text.HAL_RCCEx_PeriphCLKConfig  stm32h5xx_hal_rcc_ex.o
    0x08002ad4   0x08002ad4   0x00000494   Code   RO          728    .text.HAL_RCC_ClockConfig  stm32h5xx_hal_rcc.o
    0x08002f68   0x08002f68   0x0000006c   Code   RO          742    .text.HAL_RCC_GetClockConfig  stm32h5xx_hal_rcc.o
    0x08002fd4   0x08002fd4   0x00000034   Code   RO          726    .text.HAL_RCC_GetHCLKFreq  stm32h5xx_hal_rcc.o
    0x08003008   0x08003008   0x00000026   Code   RO          734    .text.HAL_RCC_GetPCLK1Freq  stm32h5xx_hal_rcc.o
    0x0800302e   0x0800302e   0x00000002   PAD
    0x08003030   0x08003030   0x000002cc   Code   RO          730    .text.HAL_RCC_GetSysClockFreq  stm32h5xx_hal_rcc.o
    0x080032fc   0x080032fc   0x000009fc   Code   RO          724    .text.HAL_RCC_OscConfig  stm32h5xx_hal_rcc.o
    0x08003cf8   0x08003cf8   0x0000009a   Code   RO          566    .text.HAL_SYSTICK_CLKSourceConfig  stm32h5xx_hal_cortex.o
    0x08003d92   0x08003d92   0x00000002   PAD
    0x08003d94   0x08003d94   0x00000008   Code   RO          495    .text.HAL_TIMEx_Break2Callback  stm32h5xx_hal_tim_ex.o
    0x08003d9c   0x08003d9c   0x00000008   Code   RO          493    .text.HAL_TIMEx_BreakCallback  stm32h5xx_hal_tim_ex.o
    0x08003da4   0x08003da4   0x00000008   Code   RO          489    .text.HAL_TIMEx_CommutCallback  stm32h5xx_hal_tim_ex.o
    0x08003dac   0x08003dac   0x00000008   Code   RO          499    .text.HAL_TIMEx_DirectionChangeCallback  stm32h5xx_hal_tim_ex.o
    0x08003db4   0x08003db4   0x00000008   Code   RO          497    .text.HAL_TIMEx_EncoderIndexCallback  stm32h5xx_hal_tim_ex.o
    0x08003dbc   0x08003dbc   0x00000008   Code   RO          501    .text.HAL_TIMEx_IndexErrorCallback  stm32h5xx_hal_tim_ex.o
    0x08003dc4   0x08003dc4   0x00000008   Code   RO          503    .text.HAL_TIMEx_TransitionErrorCallback  stm32h5xx_hal_tim_ex.o
    0x08003dcc   0x08003dcc   0x000000a8   Code   RO          120    .text.HAL_TIM_Base_Init  stm32h5xx_hal_tim.o
    0x08003e74   0x08003e74   0x00000008   Code   RO          122    .text.HAL_TIM_Base_MspInit  stm32h5xx_hal_tim.o
    0x08003e7c   0x08003e7c   0x00000192   Code   RO          134    .text.HAL_TIM_Base_Start_IT  stm32h5xx_hal_tim.o
    0x0800400e   0x0800400e   0x00000002   PAD
    0x08004010   0x08004010   0x00000008   Code   RO          258    .text.HAL_TIM_IC_CaptureCallback  stm32h5xx_hal_tim.o
    0x08004018   0x08004018   0x00000300   Code   RO          256    .text.HAL_TIM_IRQHandler  stm32h5xx_hal_tim.o
    0x08004318   0x08004318   0x00000008   Code   RO          260    .text.HAL_TIM_OC_DelayElapsedCallback  stm32h5xx_hal_tim.o
    0x08004320   0x08004320   0x00000008   Code   RO          262    .text.HAL_TIM_PWM_PulseFinishedCallback  stm32h5xx_hal_tim.o
    0x08004328   0x08004328   0x0000001c   Code   RO           17    .text.HAL_TIM_PeriodElapsedCallback  main.o
    0x08004344   0x08004344   0x00000008   Code   RO          266    .text.HAL_TIM_TriggerCallback  stm32h5xx_hal_tim.o
    0x0800434c   0x0800434c   0x00000004   Code   RO           68    .text.HardFault_Handler  stm32h5xx_it.o
    0x08004350   0x08004350   0x0000001a   Code   RO         1548    .text.I2C_Delay     i2c.o
    0x0800436a   0x0800436a   0x00000002   PAD
    0x0800436c   0x0800436c   0x0000003c   Code   RO         1552    .text.I2C_Start     i2c.o
    0x080043a8   0x080043a8   0x0000003c   Code   RO         1554    .text.I2C_Stop      i2c.o
    0x080043e4   0x080043e4   0x000000d0   Code   RO         1556    .text.I2C_WriteByte  i2c.o
    0x080044b4   0x080044b4   0x00000030   Code   RO         1513    .text.LCD_Start     lcd.o
    0x080044e4   0x080044e4   0x0000024a   Code   RO         1515    .text.LCD_demo      lcd.o
    0x0800472e   0x0800472e   0x00000002   PAD
    0x08004730   0x08004730   0x00000088   Code   RO         1320    .text.LPTIM_WaitForFlag  stm32h5xx_hal_lptim.o
    0x080047b8   0x080047b8   0x00000020   Code   RO           35    .text.MX_FLASH_Init  flash.o
    0x080047d8   0x080047d8   0x0000013c   Code   RO           27    .text.MX_GPIO_Init  gpio.o
    0x08004914   0x08004914   0x00000034   Code   RO           43    .text.MX_IWDG_Init  iwdg.o
    0x08004948   0x08004948   0x0000003e   Code   RO           52    .text.MX_LPTIM1_Init  lptim.o
    0x08004986   0x08004986   0x00000002   PAD
    0x08004988   0x08004988   0x00000004   Code   RO           70    .text.MemManage_Handler  stm32h5xx_it.o
    0x0800498c   0x0800498c   0x00000004   Code   RO           66    .text.NMI_Handler   stm32h5xx_it.o
    0x08004990   0x08004990   0x0000006c   Code   RO          526    .text.NVIC_EncodePriority  stm32h5xx_hal_cortex.o
    0x080049fc   0x080049fc   0x00000004   PAD
    0x08004a00   0x08004a00   0x00000054   Code   RO         2102    .text.PendSV_Handler  portasm.o
    0x08004a54   0x08004a54   0x0000016c   Code   RO          765    .text.RCCEx_PLL2_Config  stm32h5xx_hal_rcc_ex.o
    0x08004bc0   0x08004bc0   0x0000016c   Code   RO          767    .text.RCCEx_PLL3_Config  stm32h5xx_hal_rcc_ex.o
    0x08004d2c   0x08004d2c   0x00000090   Code   RO         1571    .text.SPI_ReadByte  spi.o
    0x08004dbc   0x08004dbc   0x00000084   Code   RO         1569    .text.SPI_WriteByte  spi.o
    0x08004e40   0x08004e40   0x00000024   Code   RO         2104    .text.SVC_Handler   portasm.o
    0x08004e64   0x08004e64   0x0000002c   Code   RO         2062    .text.SysTick_Handler  port.o
    0x08004e90   0x08004e90   0x000000cc   Code   RO           13    .text.SystemClock_Config  main.o
    0x08004f5c   0x08004f5c   0x00000136   Code   RO         1467    .text.SystemInit    system_stm32h5xx.o
    0x08005092   0x08005092   0x00000002   PAD
    0x08005094   0x08005094   0x00000010   Code   RO           86    .text.TIM2_IRQHandler  stm32h5xx_it.o
    0x080050a4   0x080050a4   0x0000035a   Code   RO          124    .text.TIM_Base_SetConfig  stm32h5xx_hal_tim.o
    0x080053fe   0x080053fe   0x00000002   PAD
    0x08005400   0x08005400   0x00000004   Code   RO           74    .text.UsageFault_Handler  stm32h5xx_it.o
    0x08005404   0x08005404   0x00000030   Code   RO          530    .text.__NVIC_EnableIRQ  stm32h5xx_hal_cortex.o
    0x08005434   0x08005434   0x00000010   Code   RO          522    .text.__NVIC_GetPriorityGrouping  stm32h5xx_hal_cortex.o
    0x08005444   0x08005444   0x00000042   Code   RO          524    .text.__NVIC_SetPriority  stm32h5xx_hal_cortex.o
    0x08005486   0x08005486   0x00000002   PAD
    0x08005488   0x08005488   0x0000003c   Code   RO          518    .text.__NVIC_SetPriorityGrouping  stm32h5xx_hal_cortex.o
    0x080054c4   0x080054c4   0x00000086   Code   RO         1493    .text.clear_screen  lcd.o
    0x0800554a   0x0800554a   0x00000002   PAD
    0x0800554c   0x0800554c   0x00000014   Code   RO         1489    .text.delay         lcd.o
    0x08005560   0x08005560   0x00000242   Code   RO         1507    .text.display_GB2312_string  lcd.o
    0x080057a2   0x080057a2   0x00000002   PAD
    0x080057a4   0x080057a4   0x000000e2   Code   RO         1497    .text.display_graphic_128x64  lcd.o
    0x08005886   0x08005886   0x00000002   PAD
    0x08005888   0x08005888   0x000000dc   Code   RO         1501    .text.display_graphic_16x16  lcd.o
    0x08005964   0x08005964   0x000000e2   Code   RO         1499    .text.display_graphic_32x32  lcd.o
    0x08005a46   0x08005a46   0x00000002   PAD
    0x08005a48   0x08005a48   0x000000c4   Code   RO         1505    .text.display_graphic_5x7  lcd.o
    0x08005b0c   0x08005b0c   0x000000dc   Code   RO         1503    .text.display_graphic_8x16  lcd.o
    0x08005be8   0x08005be8   0x000000d2   Code   RO         1509    .text.display_string_5x7  lcd.o
    0x08005cba   0x08005cba   0x00000002   PAD
    0x08005cbc   0x08005cbc   0x00000008   Code   RO         1517    .text.get_data_from_ROM  lcd.o
    0x08005cc4   0x08005cc4   0x0000009a   Code   RO         1495    .text.get_n_bytes_data_from_ROM  lcd.o
    0x08005d5e   0x08005d5e   0x00000002   PAD
    0x08005d60   0x08005d60   0x0000004e   Code   RO         1511    .text.initial_lcd   lcd.o
    0x08005dae   0x08005dae   0x00000002   PAD
    0x08005db0   0x08005db0   0x0000002c   Code   RO           11    .text.main          main.o
    0x08005ddc   0x08005ddc   0x0000003c   Code   RO         1789    .text.prvResetNextTaskUnblockTime  tasks.o
    0x08005e18   0x08005e18   0x00000014   Code   RO         1487    .text.send_command_to_ROM  lcd.o
    0x08005e2c   0x08005e2c   0x00000008   Code   RO         1481    .text.start_flag    lcd.o
    0x08005e34   0x08005e34   0x00000008   Code   RO         1483    .text.stop_flag     lcd.o
    0x08005e3c   0x08005e3c   0x00000014   Code   RO         1485    .text.transfer      lcd.o
    0x08005e50   0x08005e50   0x00000016   Code   RO         2098    .text.ulSetInterruptMask  portasm.o
    0x08005e66   0x08005e66   0x00000002   PAD
    0x08005e68   0x08005e68   0x0000000e   Code   RO         2100    .text.vClearInterruptMask  portasm.o
    0x08005e76   0x08005e76   0x00000002   PAD
    0x08005e78   0x08005e78   0x00000044   Code   RO         2064    .text.vPortSVCHandler_C  port.o
    0x08005ebc   0x08005ebc   0x00000004   PAD
    0x08005ec0   0x08005ec0   0x00000034   Code   RO         2088    .text.vRestoreContextOfFirstTask  portasm.o
    0x08005ef4   0x08005ef4   0x000000cc   Code   RO         1813    .text.vTaskSwitchContext  tasks.o
    0x08005fc0   0x08005fc0   0x00000038   Code   RO         1491    .text.waitkey       lcd.o
    0x08005ff8   0x08005ff8   0x00000270   Code   RO         1827    .text.xTaskIncrementTick  tasks.o
    0x08006268   0x08006268   0x00000020   Code   RO         2126    i.__0printf         mc_w.l(printfa.o)
    0x08006288   0x08006288   0x0000000e   Code   RO         2210    i.__scatterload_copy  mc_w.l(handlers.o)
    0x08006296   0x08006296   0x00000002   Code   RO         2211    i.__scatterload_null  mc_w.l(handlers.o)
    0x08006298   0x08006298   0x0000000e   Code   RO         2212    i.__scatterload_zeroinit  mc_w.l(handlers.o)
    0x080062a6   0x080062a6   0x00000002   PAD
    0x080062a8   0x080062a8   0x00000184   Code   RO         2133    i._fp_digits        mc_w.l(printfa.o)
    0x0800642c   0x0800642c   0x000006dc   Code   RO         2134    i._printf_core      mc_w.l(printfa.o)
    0x08006b08   0x08006b08   0x00000024   Code   RO         2135    i._printf_post_padding  mc_w.l(printfa.o)
    0x08006b2c   0x08006b2c   0x0000002e   Code   RO         2136    i._printf_pre_padding  mc_w.l(printfa.o)
    0x08006b5a   0x08006b5a   0x00000012   Code   RO         2167    i.fputc             mc_w.l(fputc.o)
    0x08006b6c   0x08006b6c   0x00000010   Data   RO         1472    .rodata.AHBPrescTable  system_stm32h5xx.o
    0x08006b7c   0x08006b7c   0x00000008   Data   RO         1473    .rodata.APBPrescTable  system_stm32h5xx.o
    0x08006b84   0x08006b84   0x000000e6   Data   RO         1535    .rodata.str1.1      lcd.o
    0x08006c6a   0x08006c6a   0x0000003c   Data   RO         1929    .rodata.str1.1      tasks.o
    0x08006ca6   0x08006ca6   0x00000020   Data   RO         2080    .rodata.str1.1      port.o
    0x08006cc6   0x08006cc6   0x00000002   PAD
    0x08006cc8   0x08006cc8   0x00000020   Data   RO         2209    Region$$Table       anon$$obj.o


    Execution Region RW_IRAM1 (Exec base: 0x20000000, Load base: 0x08006ce8, Size: 0x00002240, Max: 0x000a0000, ABSOLUTE, COMPRESSED[0x000006a8])

    Exec Addr    Load Addr    Size         Type   Attr      Idx    E Section Name        Object

    0x20000000   COMPRESSED   0x00000004   Data   RW         2171    .data               mc_w.l(stdout.o)
    0x20000004   COMPRESSED   0x00000004   Data   RW         1471    .data.SystemCoreClock  system_stm32h5xx.o
    0x20000008   COMPRESSED   0x00000400   Data   RW         1522    .data.bmp_12864_1   lcd.o
    0x20000408   COMPRESSED   0x00000400   Data   RW         1521    .data.bmp_12864_2   lcd.o
    0x20000808   COMPRESSED   0x00000400   Data   RW         1520    .data.bmp_12864_3   lcd.o
    0x20000c08   COMPRESSED   0x00000400   Data   RW         1536    .data.bmp_12864_4   lcd.o
    0x20001008   COMPRESSED   0x00000400   Data   RW         1537    .data.bmp_12864_5   lcd.o
    0x20001408   COMPRESSED   0x00000400   Data   RW         1538    .data.bmp_12864_6   lcd.o
    0x20001808   COMPRESSED   0x00000020   Data   RW         1531    .data.chang1        lcd.o
    0x20001828   COMPRESSED   0x00000020   Data   RW         1528    .data.chuan1        lcd.o
    0x20001848   COMPRESSED   0x00000020   Data   RW         1534    .data.fei1          lcd.o
    0x20001868   COMPRESSED   0x00000020   Data   RW         1524    .data.ge1           lcd.o
    0x20001888   COMPRESSED   0x00000010   Data   RW         1527    .data.mao_hao       lcd.o
    0x20001898   COMPRESSED   0x00000020   Data   RW         1526    .data.ming1         lcd.o
    0x200018b8   COMPRESSED   0x00000020   Data   RW         1529    .data.qi1           lcd.o
    0x200018d8   COMPRESSED   0x00000020   Data   RW         1525    .data.qu1           lcd.o
    0x200018f8   COMPRESSED   0x00000001   Data   RW         1259    .data.uwTickFreq    stm32h5xx_hal.o
    0x200018f9   COMPRESSED   0x00000003   PAD
    0x200018fc   COMPRESSED   0x00000004   Data   RW         1258    .data.uwTickPrio    stm32h5xx_hal.o
    0x20001900   COMPRESSED   0x00000020   Data   RW         1533    .data.wang1         lcd.o
    0x20001920   COMPRESSED   0x0000007c   Data   RW         1539    .data.xing1         lcd.o
    0x2000199c   COMPRESSED   0x00000020   Data   RW         1530    .data.yan1          lcd.o
    0x200019bc   COMPRESSED   0x0000007c   Data   RW         1523    .data.yun1          lcd.o
    0x20001a38   COMPRESSED   0x00000020   Data   RW         1532    .data.zhe1          lcd.o
    0x20001a58   COMPRESSED   0x0000007c   Data   RW         1540    .data.zhong1        lcd.o
    0x20001ad4   COMPRESSED   0x00000004   PAD
    0x20001ad8        -       0x00000004   Zero   RW         1519    .bss.fontaddr       lcd.o
    0x20001adc        -       0x00000014   Zero   RW           45    .bss.hiwdg          iwdg.o
    0x20001af0        -       0x00000050   Zero   RW           58    .bss.hlptim1        lptim.o
    0x20001b40        -       0x0000004c   Zero   RW          112    .bss.htim2          stm32h5xx_hal_timebase_tim.o
    0x20001b8c        -       0x00000001   Zero   RW           90    .bss.key1_pressed   stm32h5xx_it.o
    0x20001b8d   COMPRESSED   0x00000003   PAD
    0x20001b90        -       0x00000004   Zero   RW         1921    .bss.pxCurrentTCB   tasks.o
    0x20001b94        -       0x00000004   Zero   RW         1931    .bss.pxDelayedTaskList  tasks.o
    0x20001b98        -       0x00000004   Zero   RW         1932    .bss.pxOverflowDelayedTaskList  tasks.o
    0x20001b9c        -       0x00000280   Zero   RW         1934    .bss.pxReadyTasksLists  tasks.o
    0x20001e1c        -       0x00000004   Zero   RW         1260    .bss.uwTick         stm32h5xx_hal.o
    0x20001e20        -       0x00000004   Zero   RW         1928    .bss.uxSchedulerSuspended  tasks.o
    0x20001e24        -       0x00000004   Zero   RW         1935    .bss.uxTopReadyPriority  tasks.o
    0x20001e28        -       0x00000004   Zero   RW         1939    .bss.xNextTaskUnblockTime  tasks.o
    0x20001e2c        -       0x00000004   Zero   RW         1941    .bss.xNumOfOverflows  tasks.o
    0x20001e30        -       0x00000004   Zero   RW         1940    .bss.xPendedTicks   tasks.o
    0x20001e34        -       0x00000004   Zero   RW         1930    .bss.xTickCount     tasks.o
    0x20001e38        -       0x00000004   Zero   RW         1936    .bss.xYieldPending  tasks.o
    0x20001e3c   COMPRESSED   0x00000004   PAD
    0x20001e40        -       0x00000400   Zero   RW            1    STACK               startup_stm32h562xx.o


==============================================================================

Image component sizes


      Code (inc. data)   RO Data    RW Data    ZI Data      Debug   Object Name

        32          0          0          0          0        586   flash.o
       316          0          0          0          0       5619   gpio.o
       354          0          0          0          0       2482   i2c.o
        52          0          0          0         20       1227   iwdg.o
      3016          0        230       6852          4       6768   lcd.o
       154          0          0          0         80       8445   lptim.o
       282          0          0          0          0       8437   main.o
       112          0         32          0          0       3731   port.o
       208         12          0          0          0       1284   portasm.o
       276          0          0          0          0       1616   spi.o
        40         10        588          0       1024        892   startup_stm32h562xx.o
       198          0          0          5          4      13918   stm32h5xx_hal.o
       534          6          0          0          0      13313   stm32h5xx_hal_cortex.o
       134          0          0          0          0       7456   stm32h5xx_hal_flash.o
       946          0          0          0          0       5119   stm32h5xx_hal_gpio.o
       278          0          0          0          0       2388   stm32h5xx_hal_iwdg.o
       666          0          0          0          0      19531   stm32h5xx_hal_lptim.o
         2          0          0          0          0        387   stm32h5xx_hal_msp.o
      4642         16          0          0          0      13032   stm32h5xx_hal_rcc.o
      6992         98          0          0          0      29053   stm32h5xx_hal_rcc_ex.o
      2236          0          0          0          0      39364   stm32h5xx_hal_tim.o
        56          0          0          0          0      21828   stm32h5xx_hal_tim_ex.o
       224          0          0          0         76       9718   stm32h5xx_hal_timebase_tim.o
        82          0          0          0          1       1593   stm32h5xx_it.o
       310          0         24          4          0       6030   system_stm32h5xx.o
       888          0         60          0        680      24435   tasks.o

    ----------------------------------------------------------------------
     23104        142        968       6864       1900     248252   Object Totals
         0          0         32          0          0          0   (incl. Generated)
        74          0          2          3         11          0   (incl. Padding)

    ----------------------------------------------------------------------

      Code (inc. data)   RO Data    RW Data    ZI Data      Debug   Library Member Name

        86          0          0          0          0          0   __dczerorl2.o
         0          0          0          0          0          0   entry.o
         0          0          0          0          0          0   entry10a.o
         0          0          0          0          0          0   entry11a.o
         8          4          0          0          0          0   entry2.o
         4          0          0          0          0          0   entry5.o
         0          0          0          0          0          0   entry7b.o
         0          0          0          0          0          0   entry8b.o
         8          4          0          0          0          0   entry9a.o
        18          0          0          0          0         80   fputc.o
        30          0          0          0          0          0   handlers.o
        48         10          0          0          0         68   init.o
         0          0          0          0          0          0   iusefp.o
         0          0          0          0          0          0   iusesemip.o
        30          0          0          0          0         68   llshl.o
        36          0          0          0          0         68   llsshr.o
        32          0          0          0          0         68   llushr.o
        36          0          0          0          0        108   memseta.o
      2258         90          0          0          0        452   printfa.o
         0          0          0          0          0          0   semi.o
         0          0          0          4          0          0   stdout.o
        44          0          0          0          0         80   uidiv.o
        98          0          0          0          0         92   uldiv.o
        48          0          0          0          0         68   cdrcmple.o
       334          0          0          0          0        148   dadd.o
       222          0          0          0          0        100   ddiv.o
       186          0          0          0          0        176   depilogue.o
        48          0          0          0          0         68   dfixul.o
       228          0          0          0          0         96   dmul.o

    ----------------------------------------------------------------------
      3808        108          0          4          0       1740   Library Totals
         6          0          0          0          0          0   (incl. Padding)

    ----------------------------------------------------------------------

      Code (inc. data)   RO Data    RW Data    ZI Data      Debug   Library Name

      2736        108          0          4          0       1084   mc_w.l
      1066          0          0          0          0        656   mf_w.l

    ----------------------------------------------------------------------
      3808        108          0          4          0       1740   Library Totals

    ----------------------------------------------------------------------

==============================================================================


      Code (inc. data)   RO Data    RW Data    ZI Data      Debug   

     26912        250        968       6868       1900     248912   Grand Totals
     26912        250        968       1704       1900     248912   ELF Image Totals (compressed)
     26912        250        968       1704          0          0   ROM Totals

==============================================================================

    Total RO  Size (Code + RO Data)                27880 (  27.23kB)
    Total RW  Size (RW Data + ZI Data)              8768 (   8.56kB)
    Total ROM Size (Code + RO Data + RW Data)      29584 (  28.89kB)

==============================================================================

