<!doctype html public "-//w3c//dtd html 4.0 transitional//en">
<html><head>
<title>Static Call Graph - [LCD_Hardware\LCD_Hardware.axf]</title></head>
<body><HR>
<H1>Static Call Graph for image LCD_Hardware\LCD_Hardware.axf</H1><HR>
<BR><P>#&#060CALLGRAPH&#062# ARM Linker, 6240002: Last Updated: Tue Mar 24 22:06:00 2026
<BR><P>
<H3>Maximum Stack Usage =        552 bytes + Unknown(Cycles, Untraceable Function Pointers)</H3><H3>
Call chain for Maximum Stack Depth:</H3>
main &rArr; MX_LPTIM1_Init &rArr; HAL_LPTIM_Init &rArr; HAL_LPTIM_MspInit &rArr; HAL_RCCEx_PeriphCLKConfig &rArr; RCCEx_PLL3_Config
<P>
<H3>
Mutually Recursive functions
</H3> <LI><a href="#[6]">SecureFault_Handler</a>&nbsp;&nbsp;&nbsp;&rArr;&nbsp;&nbsp;&nbsp;<a href="#[6]">SecureFault_Handler</a><BR>
 <LI><a href="#[2f]">ADC1_IRQHandler</a>&nbsp;&nbsp;&nbsp;&rArr;&nbsp;&nbsp;&nbsp;<a href="#[2f]">ADC1_IRQHandler</a><BR>
</UL>
<P>
<H3>
Function Pointers
</H3><UL>
 <LI><a href="#[2f]">ADC1_IRQHandler</a> from startup_stm32h562xx.o(.text) referenced from startup_stm32h562xx.o(RESET)
 <LI><a href="#[4f]">ADC2_IRQHandler</a> from startup_stm32h562xx.o(.text) referenced from startup_stm32h562xx.o(RESET)
 <LI><a href="#[4]">BusFault_Handler</a> from stm32h5xx_it.o(.text.BusFault_Handler) referenced from startup_stm32h562xx.o(RESET)
 <LI><a href="#[79]">CEC_IRQHandler</a> from startup_stm32h562xx.o(.text) referenced from startup_stm32h562xx.o(RESET)
 <LI><a href="#[74]">CORDIC_IRQHandler</a> from startup_stm32h562xx.o(.text) referenced from startup_stm32h562xx.o(RESET)
 <LI><a href="#[55]">CRS_IRQHandler</a> from startup_stm32h562xx.o(.text) referenced from startup_stm32h562xx.o(RESET)
 <LI><a href="#[30]">DAC1_IRQHandler</a> from startup_stm32h562xx.o(.text) referenced from startup_stm32h562xx.o(RESET)
 <LI><a href="#[72]">DCACHE1_IRQHandler</a> from startup_stm32h562xx.o(.text) referenced from startup_stm32h562xx.o(RESET)
 <LI><a href="#[73]">DCMI_PSSI_IRQHandler</a> from startup_stm32h562xx.o(.text) referenced from startup_stm32h562xx.o(RESET)
 <LI><a href="#[76]">DTS_IRQHandler</a> from startup_stm32h562xx.o(.text) referenced from startup_stm32h562xx.o(RESET)
 <LI><a href="#[8]">DebugMon_Handler</a> from stm32h5xx_it.o(.text.DebugMon_Handler) referenced from startup_stm32h562xx.o(RESET)
 <LI><a href="#[16]">EXTI0_IRQHandler</a> from startup_stm32h562xx.o(.text) referenced from startup_stm32h562xx.o(RESET)
 <LI><a href="#[20]">EXTI10_IRQHandler</a> from startup_stm32h562xx.o(.text) referenced from startup_stm32h562xx.o(RESET)
 <LI><a href="#[21]">EXTI11_IRQHandler</a> from startup_stm32h562xx.o(.text) referenced from startup_stm32h562xx.o(RESET)
 <LI><a href="#[22]">EXTI12_IRQHandler</a> from startup_stm32h562xx.o(.text) referenced from startup_stm32h562xx.o(RESET)
 <LI><a href="#[23]">EXTI13_IRQHandler</a> from startup_stm32h562xx.o(.text) referenced from startup_stm32h562xx.o(RESET)
 <LI><a href="#[24]">EXTI14_IRQHandler</a> from startup_stm32h562xx.o(.text) referenced from startup_stm32h562xx.o(RESET)
 <LI><a href="#[25]">EXTI15_IRQHandler</a> from startup_stm32h562xx.o(.text) referenced from startup_stm32h562xx.o(RESET)
 <LI><a href="#[17]">EXTI1_IRQHandler</a> from stm32h5xx_it.o(.text.EXTI1_IRQHandler) referenced from startup_stm32h562xx.o(RESET)
 <LI><a href="#[18]">EXTI2_IRQHandler</a> from startup_stm32h562xx.o(.text) referenced from startup_stm32h562xx.o(RESET)
 <LI><a href="#[19]">EXTI3_IRQHandler</a> from startup_stm32h562xx.o(.text) referenced from startup_stm32h562xx.o(RESET)
 <LI><a href="#[1a]">EXTI4_IRQHandler</a> from startup_stm32h562xx.o(.text) referenced from startup_stm32h562xx.o(RESET)
 <LI><a href="#[1b]">EXTI5_IRQHandler</a> from startup_stm32h562xx.o(.text) referenced from startup_stm32h562xx.o(RESET)
 <LI><a href="#[1c]">EXTI6_IRQHandler</a> from startup_stm32h562xx.o(.text) referenced from startup_stm32h562xx.o(RESET)
 <LI><a href="#[1d]">EXTI7_IRQHandler</a> from startup_stm32h562xx.o(.text) referenced from startup_stm32h562xx.o(RESET)
 <LI><a href="#[1e]">EXTI8_IRQHandler</a> from startup_stm32h562xx.o(.text) referenced from startup_stm32h562xx.o(RESET)
 <LI><a href="#[1f]">EXTI9_IRQHandler</a> from startup_stm32h562xx.o(.text) referenced from startup_stm32h562xx.o(RESET)
 <LI><a href="#[31]">FDCAN1_IT0_IRQHandler</a> from startup_stm32h562xx.o(.text) referenced from startup_stm32h562xx.o(RESET)
 <LI><a href="#[32]">FDCAN1_IT1_IRQHandler</a> from startup_stm32h562xx.o(.text) referenced from startup_stm32h562xx.o(RESET)
 <LI><a href="#[11]">FLASH_IRQHandler</a> from startup_stm32h562xx.o(.text) referenced from startup_stm32h562xx.o(RESET)
 <LI><a href="#[12]">FLASH_S_IRQHandler</a> from startup_stm32h562xx.o(.text) referenced from startup_stm32h562xx.o(RESET)
 <LI><a href="#[75]">FMAC_IRQHandler</a> from startup_stm32h562xx.o(.text) referenced from startup_stm32h562xx.o(RESET)
 <LI><a href="#[57]">FMC_IRQHandler</a> from startup_stm32h562xx.o(.text) referenced from startup_stm32h562xx.o(RESET)
 <LI><a href="#[70]">FPU_IRQHandler</a> from startup_stm32h562xx.o(.text) referenced from startup_stm32h562xx.o(RESET)
 <LI><a href="#[26]">GPDMA1_Channel0_IRQHandler</a> from startup_stm32h562xx.o(.text) referenced from startup_stm32h562xx.o(RESET)
 <LI><a href="#[27]">GPDMA1_Channel1_IRQHandler</a> from startup_stm32h562xx.o(.text) referenced from startup_stm32h562xx.o(RESET)
 <LI><a href="#[28]">GPDMA1_Channel2_IRQHandler</a> from startup_stm32h562xx.o(.text) referenced from startup_stm32h562xx.o(RESET)
 <LI><a href="#[29]">GPDMA1_Channel3_IRQHandler</a> from startup_stm32h562xx.o(.text) referenced from startup_stm32h562xx.o(RESET)
 <LI><a href="#[2a]">GPDMA1_Channel4_IRQHandler</a> from startup_stm32h562xx.o(.text) referenced from startup_stm32h562xx.o(RESET)
 <LI><a href="#[2b]">GPDMA1_Channel5_IRQHandler</a> from startup_stm32h562xx.o(.text) referenced from startup_stm32h562xx.o(RESET)
 <LI><a href="#[2c]">GPDMA1_Channel6_IRQHandler</a> from startup_stm32h562xx.o(.text) referenced from startup_stm32h562xx.o(RESET)
 <LI><a href="#[2d]">GPDMA1_Channel7_IRQHandler</a> from startup_stm32h562xx.o(.text) referenced from startup_stm32h562xx.o(RESET)
 <LI><a href="#[64]">GPDMA2_Channel0_IRQHandler</a> from startup_stm32h562xx.o(.text) referenced from startup_stm32h562xx.o(RESET)
 <LI><a href="#[65]">GPDMA2_Channel1_IRQHandler</a> from startup_stm32h562xx.o(.text) referenced from startup_stm32h562xx.o(RESET)
 <LI><a href="#[66]">GPDMA2_Channel2_IRQHandler</a> from startup_stm32h562xx.o(.text) referenced from startup_stm32h562xx.o(RESET)
 <LI><a href="#[67]">GPDMA2_Channel3_IRQHandler</a> from startup_stm32h562xx.o(.text) referenced from startup_stm32h562xx.o(RESET)
 <LI><a href="#[68]">GPDMA2_Channel4_IRQHandler</a> from startup_stm32h562xx.o(.text) referenced from startup_stm32h562xx.o(RESET)
 <LI><a href="#[69]">GPDMA2_Channel5_IRQHandler</a> from startup_stm32h562xx.o(.text) referenced from startup_stm32h562xx.o(RESET)
 <LI><a href="#[6a]">GPDMA2_Channel6_IRQHandler</a> from startup_stm32h562xx.o(.text) referenced from startup_stm32h562xx.o(RESET)
 <LI><a href="#[6b]">GPDMA2_Channel7_IRQHandler</a> from startup_stm32h562xx.o(.text) referenced from startup_stm32h562xx.o(RESET)
 <LI><a href="#[13]">GTZC_IRQHandler</a> from startup_stm32h562xx.o(.text) referenced from startup_stm32h562xx.o(RESET)
 <LI><a href="#[78]">HASH_IRQHandler</a> from startup_stm32h562xx.o(.text) referenced from startup_stm32h562xx.o(RESET)
 <LI><a href="#[2]">HardFault_Handler</a> from stm32h5xx_it.o(.text.HardFault_Handler) referenced from startup_stm32h562xx.o(RESET)
 <LI><a href="#[3e]">I2C1_ER_IRQHandler</a> from startup_stm32h562xx.o(.text) referenced from startup_stm32h562xx.o(RESET)
 <LI><a href="#[3d]">I2C1_EV_IRQHandler</a> from startup_stm32h562xx.o(.text) referenced from startup_stm32h562xx.o(RESET)
 <LI><a href="#[40]">I2C2_ER_IRQHandler</a> from startup_stm32h562xx.o(.text) referenced from startup_stm32h562xx.o(RESET)
 <LI><a href="#[3f]">I2C2_EV_IRQHandler</a> from startup_stm32h562xx.o(.text) referenced from startup_stm32h562xx.o(RESET)
 <LI><a href="#[5b]">I2C3_ER_IRQHandler</a> from startup_stm32h562xx.o(.text) referenced from startup_stm32h562xx.o(RESET)
 <LI><a href="#[5a]">I2C3_EV_IRQHandler</a> from startup_stm32h562xx.o(.text) referenced from startup_stm32h562xx.o(RESET)
 <LI><a href="#[80]">I2C4_ER_IRQHandler</a> from startup_stm32h562xx.o(.text) referenced from startup_stm32h562xx.o(RESET)
 <LI><a href="#[7f]">I2C4_EV_IRQHandler</a> from startup_stm32h562xx.o(.text) referenced from startup_stm32h562xx.o(RESET)
 <LI><a href="#[7e]">I3C1_ER_IRQHandler</a> from startup_stm32h562xx.o(.text) referenced from startup_stm32h562xx.o(RESET)
 <LI><a href="#[7d]">I3C1_EV_IRQHandler</a> from startup_stm32h562xx.o(.text) referenced from startup_stm32h562xx.o(RESET)
 <LI><a href="#[71]">ICACHE_IRQHandler</a> from startup_stm32h562xx.o(.text) referenced from startup_stm32h562xx.o(RESET)
 <LI><a href="#[2e]">IWDG_IRQHandler</a> from startup_stm32h562xx.o(.text) referenced from startup_stm32h562xx.o(RESET)
 <LI><a href="#[4a]">LPTIM1_IRQHandler</a> from startup_stm32h562xx.o(.text) referenced from startup_stm32h562xx.o(RESET)
 <LI><a href="#[50]">LPTIM2_IRQHandler</a> from startup_stm32h562xx.o(.text) referenced from startup_stm32h562xx.o(RESET)
 <LI><a href="#[81]">LPTIM3_IRQHandler</a> from startup_stm32h562xx.o(.text) referenced from startup_stm32h562xx.o(RESET)
 <LI><a href="#[82]">LPTIM4_IRQHandler</a> from startup_stm32h562xx.o(.text) referenced from startup_stm32h562xx.o(RESET)
 <LI><a href="#[83]">LPTIM5_IRQHandler</a> from startup_stm32h562xx.o(.text) referenced from startup_stm32h562xx.o(RESET)
 <LI><a href="#[84]">LPTIM6_IRQHandler</a> from startup_stm32h562xx.o(.text) referenced from startup_stm32h562xx.o(RESET)
 <LI><a href="#[49]">LPUART1_IRQHandler</a> from startup_stm32h562xx.o(.text) referenced from startup_stm32h562xx.o(RESET)
 <LI><a href="#[3]">MemManage_Handler</a> from stm32h5xx_it.o(.text.MemManage_Handler) referenced from startup_stm32h562xx.o(RESET)
 <LI><a href="#[1]">NMI_Handler</a> from stm32h5xx_it.o(.text.NMI_Handler) referenced from startup_stm32h562xx.o(RESET)
 <LI><a href="#[58]">OCTOSPI1_IRQHandler</a> from startup_stm32h562xx.o(.text) referenced from startup_stm32h562xx.o(RESET)
 <LI><a href="#[c]">PVD_AVD_IRQHandler</a> from startup_stm32h562xx.o(.text) referenced from startup_stm32h562xx.o(RESET)
 <LI><a href="#[9]">PendSV_Handler</a> from portasm.o(.text.PendSV_Handler) referenced from startup_stm32h562xx.o(RESET)
 <LI><a href="#[10]">RAMCFG_IRQHandler</a> from startup_stm32h562xx.o(.text) referenced from startup_stm32h562xx.o(RESET)
 <LI><a href="#[14]">RCC_IRQHandler</a> from startup_stm32h562xx.o(.text) referenced from startup_stm32h562xx.o(RESET)
 <LI><a href="#[15]">RCC_S_IRQHandler</a> from startup_stm32h562xx.o(.text) referenced from startup_stm32h562xx.o(RESET)
 <LI><a href="#[77]">RNG_IRQHandler</a> from startup_stm32h562xx.o(.text) referenced from startup_stm32h562xx.o(RESET)
 <LI><a href="#[d]">RTC_IRQHandler</a> from startup_stm32h562xx.o(.text) referenced from startup_stm32h562xx.o(RESET)
 <LI><a href="#[e]">RTC_S_IRQHandler</a> from startup_stm32h562xx.o(.text) referenced from startup_stm32h562xx.o(RESET)
 <LI><a href="#[0]">Reset_Handler</a> from startup_stm32h562xx.o(.text) referenced from startup_stm32h562xx.o(RESET)
 <LI><a href="#[62]">SAI1_IRQHandler</a> from startup_stm32h562xx.o(.text) referenced from startup_stm32h562xx.o(RESET)
 <LI><a href="#[63]">SAI2_IRQHandler</a> from startup_stm32h562xx.o(.text) referenced from startup_stm32h562xx.o(RESET)
 <LI><a href="#[59]">SDMMC1_IRQHandler</a> from startup_stm32h562xx.o(.text) referenced from startup_stm32h562xx.o(RESET)
 <LI><a href="#[41]">SPI1_IRQHandler</a> from startup_stm32h562xx.o(.text) referenced from startup_stm32h562xx.o(RESET)
 <LI><a href="#[42]">SPI2_IRQHandler</a> from startup_stm32h562xx.o(.text) referenced from startup_stm32h562xx.o(RESET)
 <LI><a href="#[43]">SPI3_IRQHandler</a> from startup_stm32h562xx.o(.text) referenced from startup_stm32h562xx.o(RESET)
 <LI><a href="#[5c]">SPI4_IRQHandler</a> from startup_stm32h562xx.o(.text) referenced from startup_stm32h562xx.o(RESET)
 <LI><a href="#[5d]">SPI5_IRQHandler</a> from startup_stm32h562xx.o(.text) referenced from startup_stm32h562xx.o(RESET)
 <LI><a href="#[5e]">SPI6_IRQHandler</a> from startup_stm32h562xx.o(.text) referenced from startup_stm32h562xx.o(RESET)
 <LI><a href="#[7]">SVC_Handler</a> from portasm.o(.text.SVC_Handler) referenced from startup_stm32h562xx.o(RESET)
 <LI><a href="#[6]">SecureFault_Handler</a> from startup_stm32h562xx.o(.text) referenced from startup_stm32h562xx.o(RESET)
 <LI><a href="#[a]">SysTick_Handler</a> from port.o(.text.SysTick_Handler) referenced from startup_stm32h562xx.o(RESET)
 <LI><a href="#[86]">SystemInit</a> from system_stm32h5xx.o(.text.SystemInit) referenced from startup_stm32h562xx.o(.text)
 <LI><a href="#[f]">TAMP_IRQHandler</a> from startup_stm32h562xx.o(.text) referenced from startup_stm32h562xx.o(RESET)
 <LI><a href="#[7a]">TIM12_IRQHandler</a> from startup_stm32h562xx.o(.text) referenced from startup_stm32h562xx.o(RESET)
 <LI><a href="#[7b]">TIM13_IRQHandler</a> from startup_stm32h562xx.o(.text) referenced from startup_stm32h562xx.o(RESET)
 <LI><a href="#[7c]">TIM14_IRQHandler</a> from startup_stm32h562xx.o(.text) referenced from startup_stm32h562xx.o(RESET)
 <LI><a href="#[51]">TIM15_IRQHandler</a> from startup_stm32h562xx.o(.text) referenced from startup_stm32h562xx.o(RESET)
 <LI><a href="#[52]">TIM16_IRQHandler</a> from startup_stm32h562xx.o(.text) referenced from startup_stm32h562xx.o(RESET)
 <LI><a href="#[53]">TIM17_IRQHandler</a> from startup_stm32h562xx.o(.text) referenced from startup_stm32h562xx.o(RESET)
 <LI><a href="#[33]">TIM1_BRK_IRQHandler</a> from startup_stm32h562xx.o(.text) referenced from startup_stm32h562xx.o(RESET)
 <LI><a href="#[36]">TIM1_CC_IRQHandler</a> from startup_stm32h562xx.o(.text) referenced from startup_stm32h562xx.o(RESET)
 <LI><a href="#[35]">TIM1_TRG_COM_IRQHandler</a> from startup_stm32h562xx.o(.text) referenced from startup_stm32h562xx.o(RESET)
 <LI><a href="#[34]">TIM1_UP_IRQHandler</a> from startup_stm32h562xx.o(.text) referenced from startup_stm32h562xx.o(RESET)
 <LI><a href="#[37]">TIM2_IRQHandler</a> from stm32h5xx_it.o(.text.TIM2_IRQHandler) referenced from startup_stm32h562xx.o(RESET)
 <LI><a href="#[38]">TIM3_IRQHandler</a> from startup_stm32h562xx.o(.text) referenced from startup_stm32h562xx.o(RESET)
 <LI><a href="#[39]">TIM4_IRQHandler</a> from startup_stm32h562xx.o(.text) referenced from startup_stm32h562xx.o(RESET)
 <LI><a href="#[3a]">TIM5_IRQHandler</a> from startup_stm32h562xx.o(.text) referenced from startup_stm32h562xx.o(RESET)
 <LI><a href="#[3b]">TIM6_IRQHandler</a> from startup_stm32h562xx.o(.text) referenced from startup_stm32h562xx.o(RESET)
 <LI><a href="#[3c]">TIM7_IRQHandler</a> from startup_stm32h562xx.o(.text) referenced from startup_stm32h562xx.o(RESET)
 <LI><a href="#[4b]">TIM8_BRK_IRQHandler</a> from startup_stm32h562xx.o(.text) referenced from startup_stm32h562xx.o(RESET)
 <LI><a href="#[4e]">TIM8_CC_IRQHandler</a> from startup_stm32h562xx.o(.text) referenced from startup_stm32h562xx.o(RESET)
 <LI><a href="#[4d]">TIM8_TRG_COM_IRQHandler</a> from startup_stm32h562xx.o(.text) referenced from startup_stm32h562xx.o(RESET)
 <LI><a href="#[4c]">TIM8_UP_IRQHandler</a> from startup_stm32h562xx.o(.text) referenced from startup_stm32h562xx.o(RESET)
 <LI><a href="#[6f]">UART12_IRQHandler</a> from startup_stm32h562xx.o(.text) referenced from startup_stm32h562xx.o(RESET)
 <LI><a href="#[47]">UART4_IRQHandler</a> from startup_stm32h562xx.o(.text) referenced from startup_stm32h562xx.o(RESET)
 <LI><a href="#[48]">UART5_IRQHandler</a> from startup_stm32h562xx.o(.text) referenced from startup_stm32h562xx.o(RESET)
 <LI><a href="#[6c]">UART7_IRQHandler</a> from startup_stm32h562xx.o(.text) referenced from startup_stm32h562xx.o(RESET)
 <LI><a href="#[6d]">UART8_IRQHandler</a> from startup_stm32h562xx.o(.text) referenced from startup_stm32h562xx.o(RESET)
 <LI><a href="#[6e]">UART9_IRQHandler</a> from startup_stm32h562xx.o(.text) referenced from startup_stm32h562xx.o(RESET)
 <LI><a href="#[56]">UCPD1_IRQHandler</a> from startup_stm32h562xx.o(.text) referenced from startup_stm32h562xx.o(RESET)
 <LI><a href="#[60]">USART10_IRQHandler</a> from startup_stm32h562xx.o(.text) referenced from startup_stm32h562xx.o(RESET)
 <LI><a href="#[61]">USART11_IRQHandler</a> from startup_stm32h562xx.o(.text) referenced from startup_stm32h562xx.o(RESET)
 <LI><a href="#[44]">USART1_IRQHandler</a> from startup_stm32h562xx.o(.text) referenced from startup_stm32h562xx.o(RESET)
 <LI><a href="#[45]">USART2_IRQHandler</a> from startup_stm32h562xx.o(.text) referenced from startup_stm32h562xx.o(RESET)
 <LI><a href="#[46]">USART3_IRQHandler</a> from startup_stm32h562xx.o(.text) referenced from startup_stm32h562xx.o(RESET)
 <LI><a href="#[5f]">USART6_IRQHandler</a> from startup_stm32h562xx.o(.text) referenced from startup_stm32h562xx.o(RESET)
 <LI><a href="#[54]">USB_DRD_FS_IRQHandler</a> from startup_stm32h562xx.o(.text) referenced from startup_stm32h562xx.o(RESET)
 <LI><a href="#[5]">UsageFault_Handler</a> from stm32h5xx_it.o(.text.UsageFault_Handler) referenced from startup_stm32h562xx.o(RESET)
 <LI><a href="#[b]">WWDG_IRQHandler</a> from startup_stm32h562xx.o(.text) referenced from startup_stm32h562xx.o(RESET)
 <LI><a href="#[87]">__main</a> from entry.o(.ARM.Collect$$$$00000000) referenced from startup_stm32h562xx.o(.text)
 <LI><a href="#[89]">fputc</a> from fputc.o(i.fputc) referenced from printfa.o(i.__0printf)
 <LI><a href="#[85]">main</a> from main.o(.text.main) referenced from entry9a.o(.ARM.Collect$$$$0000000B)
 <LI><a href="#[88]">vPortSVCHandler_C</a> from port.o(.text.vPortSVCHandler_C) referenced from portasm.o(.text.SVC_Handler)
</UL>
<P>
<H3>
Global Symbols
</H3>
<P><STRONG><a name="[87]"></a>__main</STRONG> (Thumb, 0 bytes, Stack size unknown bytes, entry.o(.ARM.Collect$$$$00000000))
<BR>[Address Reference Count : 1]<UL><LI> startup_stm32h562xx.o(.text)
</UL>
<P><STRONG><a name="[101]"></a>_main_stk</STRONG> (Thumb, 0 bytes, Stack size unknown bytes, entry2.o(.ARM.Collect$$$$00000001))

<P><STRONG><a name="[8b]"></a>_main_scatterload</STRONG> (Thumb, 0 bytes, Stack size unknown bytes, entry5.o(.ARM.Collect$$$$00000004))
<BR><BR>[Calls]<UL><LI><a href="#[8c]">&gt;&gt;</a>&nbsp;&nbsp;&nbsp;__scatterload
</UL>

<P><STRONG><a name="[9c]"></a>__main_after_scatterload</STRONG> (Thumb, 0 bytes, Stack size unknown bytes, entry5.o(.ARM.Collect$$$$00000004))
<BR><BR>[Called By]<UL><LI><a href="#[8c]">&gt;&gt;</a>&nbsp;&nbsp;&nbsp;__scatterload
</UL>

<P><STRONG><a name="[102]"></a>_main_clock</STRONG> (Thumb, 0 bytes, Stack size unknown bytes, entry7b.o(.ARM.Collect$$$$00000008))

<P><STRONG><a name="[103]"></a>_main_cpp_init</STRONG> (Thumb, 0 bytes, Stack size unknown bytes, entry8b.o(.ARM.Collect$$$$0000000A))

<P><STRONG><a name="[104]"></a>_main_init</STRONG> (Thumb, 0 bytes, Stack size unknown bytes, entry9a.o(.ARM.Collect$$$$0000000B))

<P><STRONG><a name="[105]"></a>__rt_final_cpp</STRONG> (Thumb, 0 bytes, Stack size unknown bytes, entry10a.o(.ARM.Collect$$$$0000000D))

<P><STRONG><a name="[106]"></a>__rt_final_exit</STRONG> (Thumb, 0 bytes, Stack size unknown bytes, entry11a.o(.ARM.Collect$$$$0000000F))

<P><STRONG><a name="[0]"></a>Reset_Handler</STRONG> (Thumb, 8 bytes, Stack size 0 bytes, startup_stm32h562xx.o(.text))
<BR>[Address Reference Count : 1]<UL><LI> startup_stm32h562xx.o(RESET)
</UL>
<P><STRONG><a name="[6]"></a>SecureFault_Handler</STRONG> (Thumb, 2 bytes, Stack size 0 bytes, startup_stm32h562xx.o(.text))
<BR><BR>[Calls]<UL><LI><a href="#[6]">&gt;&gt;</a>&nbsp;&nbsp;&nbsp;SecureFault_Handler
</UL>
<BR>[Called By]<UL><LI><a href="#[6]">&gt;&gt;</a>&nbsp;&nbsp;&nbsp;SecureFault_Handler
</UL>
<BR>[Address Reference Count : 1]<UL><LI> startup_stm32h562xx.o(RESET)
</UL>
<P><STRONG><a name="[2f]"></a>ADC1_IRQHandler</STRONG> (Thumb, 0 bytes, Stack size 0 bytes, startup_stm32h562xx.o(.text))
<BR><BR>[Calls]<UL><LI><a href="#[2f]">&gt;&gt;</a>&nbsp;&nbsp;&nbsp;ADC1_IRQHandler
</UL>
<BR>[Called By]<UL><LI><a href="#[2f]">&gt;&gt;</a>&nbsp;&nbsp;&nbsp;ADC1_IRQHandler
</UL>
<BR>[Address Reference Count : 1]<UL><LI> startup_stm32h562xx.o(RESET)
</UL>
<P><STRONG><a name="[4f]"></a>ADC2_IRQHandler</STRONG> (Thumb, 0 bytes, Stack size 0 bytes, startup_stm32h562xx.o(.text))
<BR>[Address Reference Count : 1]<UL><LI> startup_stm32h562xx.o(RESET)
</UL>
<P><STRONG><a name="[79]"></a>CEC_IRQHandler</STRONG> (Thumb, 0 bytes, Stack size 0 bytes, startup_stm32h562xx.o(.text))
<BR>[Address Reference Count : 1]<UL><LI> startup_stm32h562xx.o(RESET)
</UL>
<P><STRONG><a name="[74]"></a>CORDIC_IRQHandler</STRONG> (Thumb, 0 bytes, Stack size 0 bytes, startup_stm32h562xx.o(.text))
<BR>[Address Reference Count : 1]<UL><LI> startup_stm32h562xx.o(RESET)
</UL>
<P><STRONG><a name="[55]"></a>CRS_IRQHandler</STRONG> (Thumb, 0 bytes, Stack size 0 bytes, startup_stm32h562xx.o(.text))
<BR>[Address Reference Count : 1]<UL><LI> startup_stm32h562xx.o(RESET)
</UL>
<P><STRONG><a name="[30]"></a>DAC1_IRQHandler</STRONG> (Thumb, 0 bytes, Stack size 0 bytes, startup_stm32h562xx.o(.text))
<BR>[Address Reference Count : 1]<UL><LI> startup_stm32h562xx.o(RESET)
</UL>
<P><STRONG><a name="[72]"></a>DCACHE1_IRQHandler</STRONG> (Thumb, 0 bytes, Stack size 0 bytes, startup_stm32h562xx.o(.text))
<BR>[Address Reference Count : 1]<UL><LI> startup_stm32h562xx.o(RESET)
</UL>
<P><STRONG><a name="[73]"></a>DCMI_PSSI_IRQHandler</STRONG> (Thumb, 0 bytes, Stack size 0 bytes, startup_stm32h562xx.o(.text))
<BR>[Address Reference Count : 1]<UL><LI> startup_stm32h562xx.o(RESET)
</UL>
<P><STRONG><a name="[76]"></a>DTS_IRQHandler</STRONG> (Thumb, 0 bytes, Stack size 0 bytes, startup_stm32h562xx.o(.text))
<BR>[Address Reference Count : 1]<UL><LI> startup_stm32h562xx.o(RESET)
</UL>
<P><STRONG><a name="[16]"></a>EXTI0_IRQHandler</STRONG> (Thumb, 0 bytes, Stack size 0 bytes, startup_stm32h562xx.o(.text))
<BR>[Address Reference Count : 1]<UL><LI> startup_stm32h562xx.o(RESET)
</UL>
<P><STRONG><a name="[20]"></a>EXTI10_IRQHandler</STRONG> (Thumb, 0 bytes, Stack size 0 bytes, startup_stm32h562xx.o(.text))
<BR>[Address Reference Count : 1]<UL><LI> startup_stm32h562xx.o(RESET)
</UL>
<P><STRONG><a name="[21]"></a>EXTI11_IRQHandler</STRONG> (Thumb, 0 bytes, Stack size 0 bytes, startup_stm32h562xx.o(.text))
<BR>[Address Reference Count : 1]<UL><LI> startup_stm32h562xx.o(RESET)
</UL>
<P><STRONG><a name="[22]"></a>EXTI12_IRQHandler</STRONG> (Thumb, 0 bytes, Stack size 0 bytes, startup_stm32h562xx.o(.text))
<BR>[Address Reference Count : 1]<UL><LI> startup_stm32h562xx.o(RESET)
</UL>
<P><STRONG><a name="[23]"></a>EXTI13_IRQHandler</STRONG> (Thumb, 0 bytes, Stack size 0 bytes, startup_stm32h562xx.o(.text))
<BR>[Address Reference Count : 1]<UL><LI> startup_stm32h562xx.o(RESET)
</UL>
<P><STRONG><a name="[24]"></a>EXTI14_IRQHandler</STRONG> (Thumb, 0 bytes, Stack size 0 bytes, startup_stm32h562xx.o(.text))
<BR>[Address Reference Count : 1]<UL><LI> startup_stm32h562xx.o(RESET)
</UL>
<P><STRONG><a name="[25]"></a>EXTI15_IRQHandler</STRONG> (Thumb, 0 bytes, Stack size 0 bytes, startup_stm32h562xx.o(.text))
<BR>[Address Reference Count : 1]<UL><LI> startup_stm32h562xx.o(RESET)
</UL>
<P><STRONG><a name="[18]"></a>EXTI2_IRQHandler</STRONG> (Thumb, 0 bytes, Stack size 0 bytes, startup_stm32h562xx.o(.text))
<BR>[Address Reference Count : 1]<UL><LI> startup_stm32h562xx.o(RESET)
</UL>
<P><STRONG><a name="[19]"></a>EXTI3_IRQHandler</STRONG> (Thumb, 0 bytes, Stack size 0 bytes, startup_stm32h562xx.o(.text))
<BR>[Address Reference Count : 1]<UL><LI> startup_stm32h562xx.o(RESET)
</UL>
<P><STRONG><a name="[1a]"></a>EXTI4_IRQHandler</STRONG> (Thumb, 0 bytes, Stack size 0 bytes, startup_stm32h562xx.o(.text))
<BR>[Address Reference Count : 1]<UL><LI> startup_stm32h562xx.o(RESET)
</UL>
<P><STRONG><a name="[1b]"></a>EXTI5_IRQHandler</STRONG> (Thumb, 0 bytes, Stack size 0 bytes, startup_stm32h562xx.o(.text))
<BR>[Address Reference Count : 1]<UL><LI> startup_stm32h562xx.o(RESET)
</UL>
<P><STRONG><a name="[1c]"></a>EXTI6_IRQHandler</STRONG> (Thumb, 0 bytes, Stack size 0 bytes, startup_stm32h562xx.o(.text))
<BR>[Address Reference Count : 1]<UL><LI> startup_stm32h562xx.o(RESET)
</UL>
<P><STRONG><a name="[1d]"></a>EXTI7_IRQHandler</STRONG> (Thumb, 0 bytes, Stack size 0 bytes, startup_stm32h562xx.o(.text))
<BR>[Address Reference Count : 1]<UL><LI> startup_stm32h562xx.o(RESET)
</UL>
<P><STRONG><a name="[1e]"></a>EXTI8_IRQHandler</STRONG> (Thumb, 0 bytes, Stack size 0 bytes, startup_stm32h562xx.o(.text))
<BR>[Address Reference Count : 1]<UL><LI> startup_stm32h562xx.o(RESET)
</UL>
<P><STRONG><a name="[1f]"></a>EXTI9_IRQHandler</STRONG> (Thumb, 0 bytes, Stack size 0 bytes, startup_stm32h562xx.o(.text))
<BR>[Address Reference Count : 1]<UL><LI> startup_stm32h562xx.o(RESET)
</UL>
<P><STRONG><a name="[31]"></a>FDCAN1_IT0_IRQHandler</STRONG> (Thumb, 0 bytes, Stack size 0 bytes, startup_stm32h562xx.o(.text))
<BR>[Address Reference Count : 1]<UL><LI> startup_stm32h562xx.o(RESET)
</UL>
<P><STRONG><a name="[32]"></a>FDCAN1_IT1_IRQHandler</STRONG> (Thumb, 0 bytes, Stack size 0 bytes, startup_stm32h562xx.o(.text))
<BR>[Address Reference Count : 1]<UL><LI> startup_stm32h562xx.o(RESET)
</UL>
<P><STRONG><a name="[11]"></a>FLASH_IRQHandler</STRONG> (Thumb, 0 bytes, Stack size 0 bytes, startup_stm32h562xx.o(.text))
<BR>[Address Reference Count : 1]<UL><LI> startup_stm32h562xx.o(RESET)
</UL>
<P><STRONG><a name="[12]"></a>FLASH_S_IRQHandler</STRONG> (Thumb, 0 bytes, Stack size 0 bytes, startup_stm32h562xx.o(.text))
<BR>[Address Reference Count : 1]<UL><LI> startup_stm32h562xx.o(RESET)
</UL>
<P><STRONG><a name="[75]"></a>FMAC_IRQHandler</STRONG> (Thumb, 0 bytes, Stack size 0 bytes, startup_stm32h562xx.o(.text))
<BR>[Address Reference Count : 1]<UL><LI> startup_stm32h562xx.o(RESET)
</UL>
<P><STRONG><a name="[57]"></a>FMC_IRQHandler</STRONG> (Thumb, 0 bytes, Stack size 0 bytes, startup_stm32h562xx.o(.text))
<BR>[Address Reference Count : 1]<UL><LI> startup_stm32h562xx.o(RESET)
</UL>
<P><STRONG><a name="[70]"></a>FPU_IRQHandler</STRONG> (Thumb, 0 bytes, Stack size 0 bytes, startup_stm32h562xx.o(.text))
<BR>[Address Reference Count : 1]<UL><LI> startup_stm32h562xx.o(RESET)
</UL>
<P><STRONG><a name="[26]"></a>GPDMA1_Channel0_IRQHandler</STRONG> (Thumb, 0 bytes, Stack size 0 bytes, startup_stm32h562xx.o(.text))
<BR>[Address Reference Count : 1]<UL><LI> startup_stm32h562xx.o(RESET)
</UL>
<P><STRONG><a name="[27]"></a>GPDMA1_Channel1_IRQHandler</STRONG> (Thumb, 0 bytes, Stack size 0 bytes, startup_stm32h562xx.o(.text))
<BR>[Address Reference Count : 1]<UL><LI> startup_stm32h562xx.o(RESET)
</UL>
<P><STRONG><a name="[28]"></a>GPDMA1_Channel2_IRQHandler</STRONG> (Thumb, 0 bytes, Stack size 0 bytes, startup_stm32h562xx.o(.text))
<BR>[Address Reference Count : 1]<UL><LI> startup_stm32h562xx.o(RESET)
</UL>
<P><STRONG><a name="[29]"></a>GPDMA1_Channel3_IRQHandler</STRONG> (Thumb, 0 bytes, Stack size 0 bytes, startup_stm32h562xx.o(.text))
<BR>[Address Reference Count : 1]<UL><LI> startup_stm32h562xx.o(RESET)
</UL>
<P><STRONG><a name="[2a]"></a>GPDMA1_Channel4_IRQHandler</STRONG> (Thumb, 0 bytes, Stack size 0 bytes, startup_stm32h562xx.o(.text))
<BR>[Address Reference Count : 1]<UL><LI> startup_stm32h562xx.o(RESET)
</UL>
<P><STRONG><a name="[2b]"></a>GPDMA1_Channel5_IRQHandler</STRONG> (Thumb, 0 bytes, Stack size 0 bytes, startup_stm32h562xx.o(.text))
<BR>[Address Reference Count : 1]<UL><LI> startup_stm32h562xx.o(RESET)
</UL>
<P><STRONG><a name="[2c]"></a>GPDMA1_Channel6_IRQHandler</STRONG> (Thumb, 0 bytes, Stack size 0 bytes, startup_stm32h562xx.o(.text))
<BR>[Address Reference Count : 1]<UL><LI> startup_stm32h562xx.o(RESET)
</UL>
<P><STRONG><a name="[2d]"></a>GPDMA1_Channel7_IRQHandler</STRONG> (Thumb, 0 bytes, Stack size 0 bytes, startup_stm32h562xx.o(.text))
<BR>[Address Reference Count : 1]<UL><LI> startup_stm32h562xx.o(RESET)
</UL>
<P><STRONG><a name="[64]"></a>GPDMA2_Channel0_IRQHandler</STRONG> (Thumb, 0 bytes, Stack size 0 bytes, startup_stm32h562xx.o(.text))
<BR>[Address Reference Count : 1]<UL><LI> startup_stm32h562xx.o(RESET)
</UL>
<P><STRONG><a name="[65]"></a>GPDMA2_Channel1_IRQHandler</STRONG> (Thumb, 0 bytes, Stack size 0 bytes, startup_stm32h562xx.o(.text))
<BR>[Address Reference Count : 1]<UL><LI> startup_stm32h562xx.o(RESET)
</UL>
<P><STRONG><a name="[66]"></a>GPDMA2_Channel2_IRQHandler</STRONG> (Thumb, 0 bytes, Stack size 0 bytes, startup_stm32h562xx.o(.text))
<BR>[Address Reference Count : 1]<UL><LI> startup_stm32h562xx.o(RESET)
</UL>
<P><STRONG><a name="[67]"></a>GPDMA2_Channel3_IRQHandler</STRONG> (Thumb, 0 bytes, Stack size 0 bytes, startup_stm32h562xx.o(.text))
<BR>[Address Reference Count : 1]<UL><LI> startup_stm32h562xx.o(RESET)
</UL>
<P><STRONG><a name="[68]"></a>GPDMA2_Channel4_IRQHandler</STRONG> (Thumb, 0 bytes, Stack size 0 bytes, startup_stm32h562xx.o(.text))
<BR>[Address Reference Count : 1]<UL><LI> startup_stm32h562xx.o(RESET)
</UL>
<P><STRONG><a name="[69]"></a>GPDMA2_Channel5_IRQHandler</STRONG> (Thumb, 0 bytes, Stack size 0 bytes, startup_stm32h562xx.o(.text))
<BR>[Address Reference Count : 1]<UL><LI> startup_stm32h562xx.o(RESET)
</UL>
<P><STRONG><a name="[6a]"></a>GPDMA2_Channel6_IRQHandler</STRONG> (Thumb, 0 bytes, Stack size 0 bytes, startup_stm32h562xx.o(.text))
<BR>[Address Reference Count : 1]<UL><LI> startup_stm32h562xx.o(RESET)
</UL>
<P><STRONG><a name="[6b]"></a>GPDMA2_Channel7_IRQHandler</STRONG> (Thumb, 0 bytes, Stack size 0 bytes, startup_stm32h562xx.o(.text))
<BR>[Address Reference Count : 1]<UL><LI> startup_stm32h562xx.o(RESET)
</UL>
<P><STRONG><a name="[13]"></a>GTZC_IRQHandler</STRONG> (Thumb, 0 bytes, Stack size 0 bytes, startup_stm32h562xx.o(.text))
<BR>[Address Reference Count : 1]<UL><LI> startup_stm32h562xx.o(RESET)
</UL>
<P><STRONG><a name="[78]"></a>HASH_IRQHandler</STRONG> (Thumb, 0 bytes, Stack size 0 bytes, startup_stm32h562xx.o(.text))
<BR>[Address Reference Count : 1]<UL><LI> startup_stm32h562xx.o(RESET)
</UL>
<P><STRONG><a name="[3e]"></a>I2C1_ER_IRQHandler</STRONG> (Thumb, 0 bytes, Stack size 0 bytes, startup_stm32h562xx.o(.text))
<BR>[Address Reference Count : 1]<UL><LI> startup_stm32h562xx.o(RESET)
</UL>
<P><STRONG><a name="[3d]"></a>I2C1_EV_IRQHandler</STRONG> (Thumb, 0 bytes, Stack size 0 bytes, startup_stm32h562xx.o(.text))
<BR>[Address Reference Count : 1]<UL><LI> startup_stm32h562xx.o(RESET)
</UL>
<P><STRONG><a name="[40]"></a>I2C2_ER_IRQHandler</STRONG> (Thumb, 0 bytes, Stack size 0 bytes, startup_stm32h562xx.o(.text))
<BR>[Address Reference Count : 1]<UL><LI> startup_stm32h562xx.o(RESET)
</UL>
<P><STRONG><a name="[3f]"></a>I2C2_EV_IRQHandler</STRONG> (Thumb, 0 bytes, Stack size 0 bytes, startup_stm32h562xx.o(.text))
<BR>[Address Reference Count : 1]<UL><LI> startup_stm32h562xx.o(RESET)
</UL>
<P><STRONG><a name="[5b]"></a>I2C3_ER_IRQHandler</STRONG> (Thumb, 0 bytes, Stack size 0 bytes, startup_stm32h562xx.o(.text))
<BR>[Address Reference Count : 1]<UL><LI> startup_stm32h562xx.o(RESET)
</UL>
<P><STRONG><a name="[5a]"></a>I2C3_EV_IRQHandler</STRONG> (Thumb, 0 bytes, Stack size 0 bytes, startup_stm32h562xx.o(.text))
<BR>[Address Reference Count : 1]<UL><LI> startup_stm32h562xx.o(RESET)
</UL>
<P><STRONG><a name="[80]"></a>I2C4_ER_IRQHandler</STRONG> (Thumb, 0 bytes, Stack size 0 bytes, startup_stm32h562xx.o(.text))
<BR>[Address Reference Count : 1]<UL><LI> startup_stm32h562xx.o(RESET)
</UL>
<P><STRONG><a name="[7f]"></a>I2C4_EV_IRQHandler</STRONG> (Thumb, 0 bytes, Stack size 0 bytes, startup_stm32h562xx.o(.text))
<BR>[Address Reference Count : 1]<UL><LI> startup_stm32h562xx.o(RESET)
</UL>
<P><STRONG><a name="[7e]"></a>I3C1_ER_IRQHandler</STRONG> (Thumb, 0 bytes, Stack size 0 bytes, startup_stm32h562xx.o(.text))
<BR>[Address Reference Count : 1]<UL><LI> startup_stm32h562xx.o(RESET)
</UL>
<P><STRONG><a name="[7d]"></a>I3C1_EV_IRQHandler</STRONG> (Thumb, 0 bytes, Stack size 0 bytes, startup_stm32h562xx.o(.text))
<BR>[Address Reference Count : 1]<UL><LI> startup_stm32h562xx.o(RESET)
</UL>
<P><STRONG><a name="[71]"></a>ICACHE_IRQHandler</STRONG> (Thumb, 0 bytes, Stack size 0 bytes, startup_stm32h562xx.o(.text))
<BR>[Address Reference Count : 1]<UL><LI> startup_stm32h562xx.o(RESET)
</UL>
<P><STRONG><a name="[2e]"></a>IWDG_IRQHandler</STRONG> (Thumb, 0 bytes, Stack size 0 bytes, startup_stm32h562xx.o(.text))
<BR>[Address Reference Count : 1]<UL><LI> startup_stm32h562xx.o(RESET)
</UL>
<P><STRONG><a name="[4a]"></a>LPTIM1_IRQHandler</STRONG> (Thumb, 0 bytes, Stack size 0 bytes, startup_stm32h562xx.o(.text))
<BR>[Address Reference Count : 1]<UL><LI> startup_stm32h562xx.o(RESET)
</UL>
<P><STRONG><a name="[50]"></a>LPTIM2_IRQHandler</STRONG> (Thumb, 0 bytes, Stack size 0 bytes, startup_stm32h562xx.o(.text))
<BR>[Address Reference Count : 1]<UL><LI> startup_stm32h562xx.o(RESET)
</UL>
<P><STRONG><a name="[81]"></a>LPTIM3_IRQHandler</STRONG> (Thumb, 0 bytes, Stack size 0 bytes, startup_stm32h562xx.o(.text))
<BR>[Address Reference Count : 1]<UL><LI> startup_stm32h562xx.o(RESET)
</UL>
<P><STRONG><a name="[82]"></a>LPTIM4_IRQHandler</STRONG> (Thumb, 0 bytes, Stack size 0 bytes, startup_stm32h562xx.o(.text))
<BR>[Address Reference Count : 1]<UL><LI> startup_stm32h562xx.o(RESET)
</UL>
<P><STRONG><a name="[83]"></a>LPTIM5_IRQHandler</STRONG> (Thumb, 0 bytes, Stack size 0 bytes, startup_stm32h562xx.o(.text))
<BR>[Address Reference Count : 1]<UL><LI> startup_stm32h562xx.o(RESET)
</UL>
<P><STRONG><a name="[84]"></a>LPTIM6_IRQHandler</STRONG> (Thumb, 0 bytes, Stack size 0 bytes, startup_stm32h562xx.o(.text))
<BR>[Address Reference Count : 1]<UL><LI> startup_stm32h562xx.o(RESET)
</UL>
<P><STRONG><a name="[49]"></a>LPUART1_IRQHandler</STRONG> (Thumb, 0 bytes, Stack size 0 bytes, startup_stm32h562xx.o(.text))
<BR>[Address Reference Count : 1]<UL><LI> startup_stm32h562xx.o(RESET)
</UL>
<P><STRONG><a name="[58]"></a>OCTOSPI1_IRQHandler</STRONG> (Thumb, 0 bytes, Stack size 0 bytes, startup_stm32h562xx.o(.text))
<BR>[Address Reference Count : 1]<UL><LI> startup_stm32h562xx.o(RESET)
</UL>
<P><STRONG><a name="[c]"></a>PVD_AVD_IRQHandler</STRONG> (Thumb, 0 bytes, Stack size 0 bytes, startup_stm32h562xx.o(.text))
<BR>[Address Reference Count : 1]<UL><LI> startup_stm32h562xx.o(RESET)
</UL>
<P><STRONG><a name="[10]"></a>RAMCFG_IRQHandler</STRONG> (Thumb, 0 bytes, Stack size 0 bytes, startup_stm32h562xx.o(.text))
<BR>[Address Reference Count : 1]<UL><LI> startup_stm32h562xx.o(RESET)
</UL>
<P><STRONG><a name="[14]"></a>RCC_IRQHandler</STRONG> (Thumb, 0 bytes, Stack size 0 bytes, startup_stm32h562xx.o(.text))
<BR>[Address Reference Count : 1]<UL><LI> startup_stm32h562xx.o(RESET)
</UL>
<P><STRONG><a name="[15]"></a>RCC_S_IRQHandler</STRONG> (Thumb, 0 bytes, Stack size 0 bytes, startup_stm32h562xx.o(.text))
<BR>[Address Reference Count : 1]<UL><LI> startup_stm32h562xx.o(RESET)
</UL>
<P><STRONG><a name="[77]"></a>RNG_IRQHandler</STRONG> (Thumb, 0 bytes, Stack size 0 bytes, startup_stm32h562xx.o(.text))
<BR>[Address Reference Count : 1]<UL><LI> startup_stm32h562xx.o(RESET)
</UL>
<P><STRONG><a name="[d]"></a>RTC_IRQHandler</STRONG> (Thumb, 0 bytes, Stack size 0 bytes, startup_stm32h562xx.o(.text))
<BR>[Address Reference Count : 1]<UL><LI> startup_stm32h562xx.o(RESET)
</UL>
<P><STRONG><a name="[e]"></a>RTC_S_IRQHandler</STRONG> (Thumb, 0 bytes, Stack size 0 bytes, startup_stm32h562xx.o(.text))
<BR>[Address Reference Count : 1]<UL><LI> startup_stm32h562xx.o(RESET)
</UL>
<P><STRONG><a name="[62]"></a>SAI1_IRQHandler</STRONG> (Thumb, 0 bytes, Stack size 0 bytes, startup_stm32h562xx.o(.text))
<BR>[Address Reference Count : 1]<UL><LI> startup_stm32h562xx.o(RESET)
</UL>
<P><STRONG><a name="[63]"></a>SAI2_IRQHandler</STRONG> (Thumb, 0 bytes, Stack size 0 bytes, startup_stm32h562xx.o(.text))
<BR>[Address Reference Count : 1]<UL><LI> startup_stm32h562xx.o(RESET)
</UL>
<P><STRONG><a name="[59]"></a>SDMMC1_IRQHandler</STRONG> (Thumb, 0 bytes, Stack size 0 bytes, startup_stm32h562xx.o(.text))
<BR>[Address Reference Count : 1]<UL><LI> startup_stm32h562xx.o(RESET)
</UL>
<P><STRONG><a name="[41]"></a>SPI1_IRQHandler</STRONG> (Thumb, 0 bytes, Stack size 0 bytes, startup_stm32h562xx.o(.text))
<BR>[Address Reference Count : 1]<UL><LI> startup_stm32h562xx.o(RESET)
</UL>
<P><STRONG><a name="[42]"></a>SPI2_IRQHandler</STRONG> (Thumb, 0 bytes, Stack size 0 bytes, startup_stm32h562xx.o(.text))
<BR>[Address Reference Count : 1]<UL><LI> startup_stm32h562xx.o(RESET)
</UL>
<P><STRONG><a name="[43]"></a>SPI3_IRQHandler</STRONG> (Thumb, 0 bytes, Stack size 0 bytes, startup_stm32h562xx.o(.text))
<BR>[Address Reference Count : 1]<UL><LI> startup_stm32h562xx.o(RESET)
</UL>
<P><STRONG><a name="[5c]"></a>SPI4_IRQHandler</STRONG> (Thumb, 0 bytes, Stack size 0 bytes, startup_stm32h562xx.o(.text))
<BR>[Address Reference Count : 1]<UL><LI> startup_stm32h562xx.o(RESET)
</UL>
<P><STRONG><a name="[5d]"></a>SPI5_IRQHandler</STRONG> (Thumb, 0 bytes, Stack size 0 bytes, startup_stm32h562xx.o(.text))
<BR>[Address Reference Count : 1]<UL><LI> startup_stm32h562xx.o(RESET)
</UL>
<P><STRONG><a name="[5e]"></a>SPI6_IRQHandler</STRONG> (Thumb, 0 bytes, Stack size 0 bytes, startup_stm32h562xx.o(.text))
<BR>[Address Reference Count : 1]<UL><LI> startup_stm32h562xx.o(RESET)
</UL>
<P><STRONG><a name="[f]"></a>TAMP_IRQHandler</STRONG> (Thumb, 0 bytes, Stack size 0 bytes, startup_stm32h562xx.o(.text))
<BR>[Address Reference Count : 1]<UL><LI> startup_stm32h562xx.o(RESET)
</UL>
<P><STRONG><a name="[7a]"></a>TIM12_IRQHandler</STRONG> (Thumb, 0 bytes, Stack size 0 bytes, startup_stm32h562xx.o(.text))
<BR>[Address Reference Count : 1]<UL><LI> startup_stm32h562xx.o(RESET)
</UL>
<P><STRONG><a name="[7b]"></a>TIM13_IRQHandler</STRONG> (Thumb, 0 bytes, Stack size 0 bytes, startup_stm32h562xx.o(.text))
<BR>[Address Reference Count : 1]<UL><LI> startup_stm32h562xx.o(RESET)
</UL>
<P><STRONG><a name="[7c]"></a>TIM14_IRQHandler</STRONG> (Thumb, 0 bytes, Stack size 0 bytes, startup_stm32h562xx.o(.text))
<BR>[Address Reference Count : 1]<UL><LI> startup_stm32h562xx.o(RESET)
</UL>
<P><STRONG><a name="[51]"></a>TIM15_IRQHandler</STRONG> (Thumb, 0 bytes, Stack size 0 bytes, startup_stm32h562xx.o(.text))
<BR>[Address Reference Count : 1]<UL><LI> startup_stm32h562xx.o(RESET)
</UL>
<P><STRONG><a name="[52]"></a>TIM16_IRQHandler</STRONG> (Thumb, 0 bytes, Stack size 0 bytes, startup_stm32h562xx.o(.text))
<BR>[Address Reference Count : 1]<UL><LI> startup_stm32h562xx.o(RESET)
</UL>
<P><STRONG><a name="[53]"></a>TIM17_IRQHandler</STRONG> (Thumb, 0 bytes, Stack size 0 bytes, startup_stm32h562xx.o(.text))
<BR>[Address Reference Count : 1]<UL><LI> startup_stm32h562xx.o(RESET)
</UL>
<P><STRONG><a name="[33]"></a>TIM1_BRK_IRQHandler</STRONG> (Thumb, 0 bytes, Stack size 0 bytes, startup_stm32h562xx.o(.text))
<BR>[Address Reference Count : 1]<UL><LI> startup_stm32h562xx.o(RESET)
</UL>
<P><STRONG><a name="[36]"></a>TIM1_CC_IRQHandler</STRONG> (Thumb, 0 bytes, Stack size 0 bytes, startup_stm32h562xx.o(.text))
<BR>[Address Reference Count : 1]<UL><LI> startup_stm32h562xx.o(RESET)
</UL>
<P><STRONG><a name="[35]"></a>TIM1_TRG_COM_IRQHandler</STRONG> (Thumb, 0 bytes, Stack size 0 bytes, startup_stm32h562xx.o(.text))
<BR>[Address Reference Count : 1]<UL><LI> startup_stm32h562xx.o(RESET)
</UL>
<P><STRONG><a name="[34]"></a>TIM1_UP_IRQHandler</STRONG> (Thumb, 0 bytes, Stack size 0 bytes, startup_stm32h562xx.o(.text))
<BR>[Address Reference Count : 1]<UL><LI> startup_stm32h562xx.o(RESET)
</UL>
<P><STRONG><a name="[38]"></a>TIM3_IRQHandler</STRONG> (Thumb, 0 bytes, Stack size 0 bytes, startup_stm32h562xx.o(.text))
<BR>[Address Reference Count : 1]<UL><LI> startup_stm32h562xx.o(RESET)
</UL>
<P><STRONG><a name="[39]"></a>TIM4_IRQHandler</STRONG> (Thumb, 0 bytes, Stack size 0 bytes, startup_stm32h562xx.o(.text))
<BR>[Address Reference Count : 1]<UL><LI> startup_stm32h562xx.o(RESET)
</UL>
<P><STRONG><a name="[3a]"></a>TIM5_IRQHandler</STRONG> (Thumb, 0 bytes, Stack size 0 bytes, startup_stm32h562xx.o(.text))
<BR>[Address Reference Count : 1]<UL><LI> startup_stm32h562xx.o(RESET)
</UL>
<P><STRONG><a name="[3b]"></a>TIM6_IRQHandler</STRONG> (Thumb, 0 bytes, Stack size 0 bytes, startup_stm32h562xx.o(.text))
<BR>[Address Reference Count : 1]<UL><LI> startup_stm32h562xx.o(RESET)
</UL>
<P><STRONG><a name="[3c]"></a>TIM7_IRQHandler</STRONG> (Thumb, 0 bytes, Stack size 0 bytes, startup_stm32h562xx.o(.text))
<BR>[Address Reference Count : 1]<UL><LI> startup_stm32h562xx.o(RESET)
</UL>
<P><STRONG><a name="[4b]"></a>TIM8_BRK_IRQHandler</STRONG> (Thumb, 0 bytes, Stack size 0 bytes, startup_stm32h562xx.o(.text))
<BR>[Address Reference Count : 1]<UL><LI> startup_stm32h562xx.o(RESET)
</UL>
<P><STRONG><a name="[4e]"></a>TIM8_CC_IRQHandler</STRONG> (Thumb, 0 bytes, Stack size 0 bytes, startup_stm32h562xx.o(.text))
<BR>[Address Reference Count : 1]<UL><LI> startup_stm32h562xx.o(RESET)
</UL>
<P><STRONG><a name="[4d]"></a>TIM8_TRG_COM_IRQHandler</STRONG> (Thumb, 0 bytes, Stack size 0 bytes, startup_stm32h562xx.o(.text))
<BR>[Address Reference Count : 1]<UL><LI> startup_stm32h562xx.o(RESET)
</UL>
<P><STRONG><a name="[4c]"></a>TIM8_UP_IRQHandler</STRONG> (Thumb, 0 bytes, Stack size 0 bytes, startup_stm32h562xx.o(.text))
<BR>[Address Reference Count : 1]<UL><LI> startup_stm32h562xx.o(RESET)
</UL>
<P><STRONG><a name="[6f]"></a>UART12_IRQHandler</STRONG> (Thumb, 0 bytes, Stack size 0 bytes, startup_stm32h562xx.o(.text))
<BR>[Address Reference Count : 1]<UL><LI> startup_stm32h562xx.o(RESET)
</UL>
<P><STRONG><a name="[47]"></a>UART4_IRQHandler</STRONG> (Thumb, 0 bytes, Stack size 0 bytes, startup_stm32h562xx.o(.text))
<BR>[Address Reference Count : 1]<UL><LI> startup_stm32h562xx.o(RESET)
</UL>
<P><STRONG><a name="[48]"></a>UART5_IRQHandler</STRONG> (Thumb, 0 bytes, Stack size 0 bytes, startup_stm32h562xx.o(.text))
<BR>[Address Reference Count : 1]<UL><LI> startup_stm32h562xx.o(RESET)
</UL>
<P><STRONG><a name="[6c]"></a>UART7_IRQHandler</STRONG> (Thumb, 0 bytes, Stack size 0 bytes, startup_stm32h562xx.o(.text))
<BR>[Address Reference Count : 1]<UL><LI> startup_stm32h562xx.o(RESET)
</UL>
<P><STRONG><a name="[6d]"></a>UART8_IRQHandler</STRONG> (Thumb, 0 bytes, Stack size 0 bytes, startup_stm32h562xx.o(.text))
<BR>[Address Reference Count : 1]<UL><LI> startup_stm32h562xx.o(RESET)
</UL>
<P><STRONG><a name="[6e]"></a>UART9_IRQHandler</STRONG> (Thumb, 0 bytes, Stack size 0 bytes, startup_stm32h562xx.o(.text))
<BR>[Address Reference Count : 1]<UL><LI> startup_stm32h562xx.o(RESET)
</UL>
<P><STRONG><a name="[56]"></a>UCPD1_IRQHandler</STRONG> (Thumb, 0 bytes, Stack size 0 bytes, startup_stm32h562xx.o(.text))
<BR>[Address Reference Count : 1]<UL><LI> startup_stm32h562xx.o(RESET)
</UL>
<P><STRONG><a name="[60]"></a>USART10_IRQHandler</STRONG> (Thumb, 0 bytes, Stack size 0 bytes, startup_stm32h562xx.o(.text))
<BR>[Address Reference Count : 1]<UL><LI> startup_stm32h562xx.o(RESET)
</UL>
<P><STRONG><a name="[61]"></a>USART11_IRQHandler</STRONG> (Thumb, 0 bytes, Stack size 0 bytes, startup_stm32h562xx.o(.text))
<BR>[Address Reference Count : 1]<UL><LI> startup_stm32h562xx.o(RESET)
</UL>
<P><STRONG><a name="[44]"></a>USART1_IRQHandler</STRONG> (Thumb, 0 bytes, Stack size 0 bytes, startup_stm32h562xx.o(.text))
<BR>[Address Reference Count : 1]<UL><LI> startup_stm32h562xx.o(RESET)
</UL>
<P><STRONG><a name="[45]"></a>USART2_IRQHandler</STRONG> (Thumb, 0 bytes, Stack size 0 bytes, startup_stm32h562xx.o(.text))
<BR>[Address Reference Count : 1]<UL><LI> startup_stm32h562xx.o(RESET)
</UL>
<P><STRONG><a name="[46]"></a>USART3_IRQHandler</STRONG> (Thumb, 0 bytes, Stack size 0 bytes, startup_stm32h562xx.o(.text))
<BR>[Address Reference Count : 1]<UL><LI> startup_stm32h562xx.o(RESET)
</UL>
<P><STRONG><a name="[5f]"></a>USART6_IRQHandler</STRONG> (Thumb, 0 bytes, Stack size 0 bytes, startup_stm32h562xx.o(.text))
<BR>[Address Reference Count : 1]<UL><LI> startup_stm32h562xx.o(RESET)
</UL>
<P><STRONG><a name="[54]"></a>USB_DRD_FS_IRQHandler</STRONG> (Thumb, 0 bytes, Stack size 0 bytes, startup_stm32h562xx.o(.text))
<BR>[Address Reference Count : 1]<UL><LI> startup_stm32h562xx.o(RESET)
</UL>
<P><STRONG><a name="[b]"></a>WWDG_IRQHandler</STRONG> (Thumb, 0 bytes, Stack size 0 bytes, startup_stm32h562xx.o(.text))
<BR>[Address Reference Count : 1]<UL><LI> startup_stm32h562xx.o(RESET)
</UL>
<P><STRONG><a name="[8e]"></a>__aeabi_memset</STRONG> (Thumb, 14 bytes, Stack size 0 bytes, memseta.o(.text), UNUSED)
<BR><BR>[Called By]<UL><LI><a href="#[8f]">&gt;&gt;</a>&nbsp;&nbsp;&nbsp;_memset$wrapper
<LI><a href="#[8d]">&gt;&gt;</a>&nbsp;&nbsp;&nbsp;__aeabi_memclr
</UL>

<P><STRONG><a name="[107]"></a>__aeabi_memset4</STRONG> (Thumb, 0 bytes, Stack size 0 bytes, memseta.o(.text), UNUSED)

<P><STRONG><a name="[108]"></a>__aeabi_memset8</STRONG> (Thumb, 0 bytes, Stack size 0 bytes, memseta.o(.text), UNUSED)

<P><STRONG><a name="[8d]"></a>__aeabi_memclr</STRONG> (Thumb, 4 bytes, Stack size 0 bytes, memseta.o(.text), UNUSED)
<BR><BR>[Calls]<UL><LI><a href="#[8e]">&gt;&gt;</a>&nbsp;&nbsp;&nbsp;__aeabi_memset
</UL>

<P><STRONG><a name="[ef]"></a>__aeabi_memclr4</STRONG> (Thumb, 0 bytes, Stack size 0 bytes, memseta.o(.text))
<BR><BR>[Called By]<UL><LI><a href="#[ee]">&gt;&gt;</a>&nbsp;&nbsp;&nbsp;SystemClock_Config
</UL>

<P><STRONG><a name="[b3]"></a>__aeabi_memclr8</STRONG> (Thumb, 0 bytes, Stack size 0 bytes, memseta.o(.text))
<BR><BR>[Called By]<UL><LI><a href="#[b1]">&gt;&gt;</a>&nbsp;&nbsp;&nbsp;HAL_LPTIM_MspInit
</UL>

<P><STRONG><a name="[8f]"></a>_memset$wrapper</STRONG> (Thumb, 18 bytes, Stack size 8 bytes, memseta.o(.text), UNUSED)
<BR><BR>[Calls]<UL><LI><a href="#[8e]">&gt;&gt;</a>&nbsp;&nbsp;&nbsp;__aeabi_memset
</UL>

<P><STRONG><a name="[109]"></a>__aeabi_uidiv</STRONG> (Thumb, 0 bytes, Stack size 12 bytes, uidiv.o(.text), UNUSED)

<P><STRONG><a name="[100]"></a>__aeabi_uidivmod</STRONG> (Thumb, 44 bytes, Stack size 12 bytes, uidiv.o(.text), UNUSED)
<BR><BR>[Called By]<UL><LI><a href="#[fb]">&gt;&gt;</a>&nbsp;&nbsp;&nbsp;_printf_core
</UL>

<P><STRONG><a name="[90]"></a>__aeabi_uldivmod</STRONG> (Thumb, 98 bytes, Stack size 40 bytes, uldiv.o(.text), UNUSED)
<BR><BR>[Calls]<UL><LI><a href="#[91]">&gt;&gt;</a>&nbsp;&nbsp;&nbsp;__aeabi_llsr
<LI><a href="#[92]">&gt;&gt;</a>&nbsp;&nbsp;&nbsp;__aeabi_llsl
</UL>
<BR>[Called By]<UL><LI><a href="#[fb]">&gt;&gt;</a>&nbsp;&nbsp;&nbsp;_printf_core
<LI><a href="#[fc]">&gt;&gt;</a>&nbsp;&nbsp;&nbsp;_fp_digits
</UL>

<P><STRONG><a name="[10a]"></a>__I$use$fp</STRONG> (Thumb, 0 bytes, Stack size 48 bytes, iusefp.o(.text), UNUSED)

<P><STRONG><a name="[93]"></a>__aeabi_dadd</STRONG> (Thumb, 322 bytes, Stack size 48 bytes, dadd.o(.text), UNUSED)
<BR><BR>[Calls]<UL><LI><a href="#[94]">&gt;&gt;</a>&nbsp;&nbsp;&nbsp;__aeabi_lasr
<LI><a href="#[92]">&gt;&gt;</a>&nbsp;&nbsp;&nbsp;__aeabi_llsl
<LI><a href="#[96]">&gt;&gt;</a>&nbsp;&nbsp;&nbsp;_double_round
<LI><a href="#[95]">&gt;&gt;</a>&nbsp;&nbsp;&nbsp;_double_epilogue
</UL>
<BR>[Called By]<UL><LI><a href="#[98]">&gt;&gt;</a>&nbsp;&nbsp;&nbsp;__aeabi_drsub
<LI><a href="#[97]">&gt;&gt;</a>&nbsp;&nbsp;&nbsp;__aeabi_dsub
<LI><a href="#[fc]">&gt;&gt;</a>&nbsp;&nbsp;&nbsp;_fp_digits
</UL>

<P><STRONG><a name="[97]"></a>__aeabi_dsub</STRONG> (Thumb, 6 bytes, Stack size 0 bytes, dadd.o(.text), UNUSED)
<BR><BR>[Calls]<UL><LI><a href="#[93]">&gt;&gt;</a>&nbsp;&nbsp;&nbsp;__aeabi_dadd
</UL>

<P><STRONG><a name="[98]"></a>__aeabi_drsub</STRONG> (Thumb, 6 bytes, Stack size 0 bytes, dadd.o(.text), UNUSED)
<BR><BR>[Calls]<UL><LI><a href="#[93]">&gt;&gt;</a>&nbsp;&nbsp;&nbsp;__aeabi_dadd
</UL>

<P><STRONG><a name="[99]"></a>__aeabi_dmul</STRONG> (Thumb, 228 bytes, Stack size 48 bytes, dmul.o(.text), UNUSED)
<BR><BR>[Calls]<UL><LI><a href="#[95]">&gt;&gt;</a>&nbsp;&nbsp;&nbsp;_double_epilogue
</UL>
<BR>[Called By]<UL><LI><a href="#[fc]">&gt;&gt;</a>&nbsp;&nbsp;&nbsp;_fp_digits
</UL>

<P><STRONG><a name="[9a]"></a>__aeabi_ddiv</STRONG> (Thumb, 222 bytes, Stack size 32 bytes, ddiv.o(.text), UNUSED)
<BR><BR>[Calls]<UL><LI><a href="#[96]">&gt;&gt;</a>&nbsp;&nbsp;&nbsp;_double_round
</UL>
<BR>[Called By]<UL><LI><a href="#[fc]">&gt;&gt;</a>&nbsp;&nbsp;&nbsp;_fp_digits
</UL>

<P><STRONG><a name="[9b]"></a>__aeabi_d2ulz</STRONG> (Thumb, 48 bytes, Stack size 0 bytes, dfixul.o(.text), UNUSED)
<BR><BR>[Calls]<UL><LI><a href="#[91]">&gt;&gt;</a>&nbsp;&nbsp;&nbsp;__aeabi_llsr
<LI><a href="#[92]">&gt;&gt;</a>&nbsp;&nbsp;&nbsp;__aeabi_llsl
</UL>
<BR>[Called By]<UL><LI><a href="#[fc]">&gt;&gt;</a>&nbsp;&nbsp;&nbsp;_fp_digits
</UL>

<P><STRONG><a name="[fd]"></a>__aeabi_cdrcmple</STRONG> (Thumb, 48 bytes, Stack size 0 bytes, cdrcmple.o(.text), UNUSED)
<BR><BR>[Called By]<UL><LI><a href="#[fc]">&gt;&gt;</a>&nbsp;&nbsp;&nbsp;_fp_digits
</UL>

<P><STRONG><a name="[8c]"></a>__scatterload</STRONG> (Thumb, 38 bytes, Stack size 0 bytes, init.o(.text))
<BR><BR>[Calls]<UL><LI><a href="#[9c]">&gt;&gt;</a>&nbsp;&nbsp;&nbsp;__main_after_scatterload
</UL>
<BR>[Called By]<UL><LI><a href="#[8b]">&gt;&gt;</a>&nbsp;&nbsp;&nbsp;_main_scatterload
</UL>

<P><STRONG><a name="[10b]"></a>__scatterload_rt2</STRONG> (Thumb, 0 bytes, Stack size 0 bytes, init.o(.text), UNUSED)

<P><STRONG><a name="[92]"></a>__aeabi_llsl</STRONG> (Thumb, 30 bytes, Stack size 0 bytes, llshl.o(.text), UNUSED)
<BR><BR>[Called By]<UL><LI><a href="#[95]">&gt;&gt;</a>&nbsp;&nbsp;&nbsp;_double_epilogue
<LI><a href="#[90]">&gt;&gt;</a>&nbsp;&nbsp;&nbsp;__aeabi_uldivmod
<LI><a href="#[93]">&gt;&gt;</a>&nbsp;&nbsp;&nbsp;__aeabi_dadd
<LI><a href="#[9b]">&gt;&gt;</a>&nbsp;&nbsp;&nbsp;__aeabi_d2ulz
</UL>

<P><STRONG><a name="[10c]"></a>__semihosting_library_function</STRONG> (Thumb, 0 bytes, Stack size 0 bytes, semi.o(.text), UNUSED)

<P><STRONG><a name="[10d]"></a>_ll_shift_l</STRONG> (Thumb, 0 bytes, Stack size 0 bytes, llshl.o(.text), UNUSED)

<P><STRONG><a name="[91]"></a>__aeabi_llsr</STRONG> (Thumb, 32 bytes, Stack size 0 bytes, llushr.o(.text), UNUSED)
<BR><BR>[Called By]<UL><LI><a href="#[95]">&gt;&gt;</a>&nbsp;&nbsp;&nbsp;_double_epilogue
<LI><a href="#[90]">&gt;&gt;</a>&nbsp;&nbsp;&nbsp;__aeabi_uldivmod
<LI><a href="#[9b]">&gt;&gt;</a>&nbsp;&nbsp;&nbsp;__aeabi_d2ulz
</UL>

<P><STRONG><a name="[10e]"></a>_ll_ushift_r</STRONG> (Thumb, 0 bytes, Stack size 0 bytes, llushr.o(.text), UNUSED)

<P><STRONG><a name="[94]"></a>__aeabi_lasr</STRONG> (Thumb, 36 bytes, Stack size 0 bytes, llsshr.o(.text), UNUSED)
<BR><BR>[Called By]<UL><LI><a href="#[93]">&gt;&gt;</a>&nbsp;&nbsp;&nbsp;__aeabi_dadd
</UL>

<P><STRONG><a name="[10f]"></a>_ll_sshift_r</STRONG> (Thumb, 0 bytes, Stack size 0 bytes, llsshr.o(.text), UNUSED)

<P><STRONG><a name="[110]"></a>__I$use$semihosting$fputc</STRONG> (Thumb, 0 bytes, Stack size 8 bytes, iusesemip.o(.text), UNUSED)

<P><STRONG><a name="[96]"></a>_double_round</STRONG> (Thumb, 30 bytes, Stack size 8 bytes, depilogue.o(.text), UNUSED)
<BR><BR>[Called By]<UL><LI><a href="#[95]">&gt;&gt;</a>&nbsp;&nbsp;&nbsp;_double_epilogue
<LI><a href="#[9a]">&gt;&gt;</a>&nbsp;&nbsp;&nbsp;__aeabi_ddiv
<LI><a href="#[93]">&gt;&gt;</a>&nbsp;&nbsp;&nbsp;__aeabi_dadd
</UL>

<P><STRONG><a name="[95]"></a>_double_epilogue</STRONG> (Thumb, 156 bytes, Stack size 32 bytes, depilogue.o(.text), UNUSED)
<BR><BR>[Calls]<UL><LI><a href="#[91]">&gt;&gt;</a>&nbsp;&nbsp;&nbsp;__aeabi_llsr
<LI><a href="#[92]">&gt;&gt;</a>&nbsp;&nbsp;&nbsp;__aeabi_llsl
<LI><a href="#[96]">&gt;&gt;</a>&nbsp;&nbsp;&nbsp;_double_round
</UL>
<BR>[Called By]<UL><LI><a href="#[99]">&gt;&gt;</a>&nbsp;&nbsp;&nbsp;__aeabi_dmul
<LI><a href="#[93]">&gt;&gt;</a>&nbsp;&nbsp;&nbsp;__aeabi_dadd
</UL>

<P><STRONG><a name="[111]"></a>__decompress</STRONG> (Thumb, 0 bytes, Stack size unknown bytes, __dczerorl2.o(.text), UNUSED)

<P><STRONG><a name="[112]"></a>__decompress1</STRONG> (Thumb, 86 bytes, Stack size unknown bytes, __dczerorl2.o(.text), UNUSED)

<P><STRONG><a name="[4]"></a>BusFault_Handler</STRONG> (Thumb, 4 bytes, Stack size 0 bytes, stm32h5xx_it.o(.text.BusFault_Handler))
<BR>[Address Reference Count : 1]<UL><LI> startup_stm32h562xx.o(RESET)
</UL>
<P><STRONG><a name="[8]"></a>DebugMon_Handler</STRONG> (Thumb, 2 bytes, Stack size 0 bytes, stm32h5xx_it.o(.text.DebugMon_Handler))
<BR>[Address Reference Count : 1]<UL><LI> startup_stm32h562xx.o(RESET)
</UL>
<P><STRONG><a name="[17]"></a>EXTI1_IRQHandler</STRONG> (Thumb, 10 bytes, Stack size 8 bytes, stm32h5xx_it.o(.text.EXTI1_IRQHandler))
<BR><BR>[Stack]<UL><LI>Max Depth = 28<LI>Call Chain = EXTI1_IRQHandler &rArr; HAL_GPIO_EXTI_IRQHandler &rArr; HAL_GPIO_EXTI_Falling_Callback
</UL>
<BR>[Calls]<UL><LI><a href="#[9d]">&gt;&gt;</a>&nbsp;&nbsp;&nbsp;HAL_GPIO_EXTI_IRQHandler
</UL>
<BR>[Address Reference Count : 1]<UL><LI> startup_stm32h562xx.o(RESET)
</UL>
<P><STRONG><a name="[b5]"></a>Error_Handler</STRONG> (Thumb, 6 bytes, Stack size 0 bytes, main.o(.text.Error_Handler))
<BR><BR>[Called By]<UL><LI><a href="#[b1]">&gt;&gt;</a>&nbsp;&nbsp;&nbsp;HAL_LPTIM_MspInit
<LI><a href="#[e7]">&gt;&gt;</a>&nbsp;&nbsp;&nbsp;MX_LPTIM1_Init
<LI><a href="#[e6]">&gt;&gt;</a>&nbsp;&nbsp;&nbsp;MX_IWDG_Init
<LI><a href="#[e1]">&gt;&gt;</a>&nbsp;&nbsp;&nbsp;MX_FLASH_Init
<LI><a href="#[ee]">&gt;&gt;</a>&nbsp;&nbsp;&nbsp;SystemClock_Config
</UL>

<P><STRONG><a name="[9e]"></a>HAL_Delay</STRONG> (Thumb, 66 bytes, Stack size 24 bytes, stm32h5xx_hal.o(.text.HAL_Delay))
<BR><BR>[Stack]<UL><LI>Max Depth = 24<LI>Call Chain = HAL_Delay
</UL>
<BR>[Calls]<UL><LI><a href="#[9f]">&gt;&gt;</a>&nbsp;&nbsp;&nbsp;HAL_GetTick
</UL>
<BR>[Called By]<UL><LI><a href="#[db]">&gt;&gt;</a>&nbsp;&nbsp;&nbsp;waitkey
<LI><a href="#[d6]">&gt;&gt;</a>&nbsp;&nbsp;&nbsp;delay
</UL>

<P><STRONG><a name="[e3]"></a>HAL_FLASH_Lock</STRONG> (Thumb, 48 bytes, Stack size 4 bytes, stm32h5xx_hal_flash.o(.text.HAL_FLASH_Lock))
<BR><BR>[Stack]<UL><LI>Max Depth = 4<LI>Call Chain = HAL_FLASH_Lock
</UL>
<BR>[Called By]<UL><LI><a href="#[e1]">&gt;&gt;</a>&nbsp;&nbsp;&nbsp;MX_FLASH_Init
</UL>

<P><STRONG><a name="[e2]"></a>HAL_FLASH_Unlock</STRONG> (Thumb, 86 bytes, Stack size 4 bytes, stm32h5xx_hal_flash.o(.text.HAL_FLASH_Unlock))
<BR><BR>[Stack]<UL><LI>Max Depth = 4<LI>Call Chain = HAL_FLASH_Unlock
</UL>
<BR>[Called By]<UL><LI><a href="#[e1]">&gt;&gt;</a>&nbsp;&nbsp;&nbsp;MX_FLASH_Init
</UL>

<P><STRONG><a name="[a1]"></a>HAL_GPIO_EXTI_Falling_Callback</STRONG> (Thumb, 34 bytes, Stack size 4 bytes, stm32h5xx_it.o(.text.HAL_GPIO_EXTI_Falling_Callback))
<BR><BR>[Stack]<UL><LI>Max Depth = 4<LI>Call Chain = HAL_GPIO_EXTI_Falling_Callback
</UL>
<BR>[Called By]<UL><LI><a href="#[9d]">&gt;&gt;</a>&nbsp;&nbsp;&nbsp;HAL_GPIO_EXTI_IRQHandler
</UL>

<P><STRONG><a name="[9d]"></a>HAL_GPIO_EXTI_IRQHandler</STRONG> (Thumb, 100 bytes, Stack size 16 bytes, stm32h5xx_hal_gpio.o(.text.HAL_GPIO_EXTI_IRQHandler))
<BR><BR>[Stack]<UL><LI>Max Depth = 20<LI>Call Chain = HAL_GPIO_EXTI_IRQHandler &rArr; HAL_GPIO_EXTI_Falling_Callback
</UL>
<BR>[Calls]<UL><LI><a href="#[a1]">&gt;&gt;</a>&nbsp;&nbsp;&nbsp;HAL_GPIO_EXTI_Falling_Callback
<LI><a href="#[a0]">&gt;&gt;</a>&nbsp;&nbsp;&nbsp;HAL_GPIO_EXTI_Rising_Callback
</UL>
<BR>[Called By]<UL><LI><a href="#[17]">&gt;&gt;</a>&nbsp;&nbsp;&nbsp;EXTI1_IRQHandler
</UL>

<P><STRONG><a name="[a0]"></a>HAL_GPIO_EXTI_Rising_Callback</STRONG> (Thumb, 10 bytes, Stack size 4 bytes, stm32h5xx_hal_gpio.o(.text.HAL_GPIO_EXTI_Rising_Callback))
<BR><BR>[Stack]<UL><LI>Max Depth = 4<LI>Call Chain = HAL_GPIO_EXTI_Rising_Callback
</UL>
<BR>[Called By]<UL><LI><a href="#[9d]">&gt;&gt;</a>&nbsp;&nbsp;&nbsp;HAL_GPIO_EXTI_IRQHandler
</UL>

<P><STRONG><a name="[e5]"></a>HAL_GPIO_Init</STRONG> (Thumb, 746 bytes, Stack size 20 bytes, stm32h5xx_hal_gpio.o(.text.HAL_GPIO_Init))
<BR><BR>[Stack]<UL><LI>Max Depth = 20<LI>Call Chain = HAL_GPIO_Init
</UL>
<BR>[Called By]<UL><LI><a href="#[e4]">&gt;&gt;</a>&nbsp;&nbsp;&nbsp;MX_GPIO_Init
</UL>

<P><STRONG><a name="[e9]"></a>HAL_GPIO_ReadPin</STRONG> (Thumb, 46 bytes, Stack size 8 bytes, stm32h5xx_hal_gpio.o(.text.HAL_GPIO_ReadPin))
<BR><BR>[Stack]<UL><LI>Max Depth = 8<LI>Call Chain = HAL_GPIO_ReadPin
</UL>
<BR>[Called By]<UL><LI><a href="#[e8]">&gt;&gt;</a>&nbsp;&nbsp;&nbsp;SPI_ReadByte
</UL>

<P><STRONG><a name="[d1]"></a>HAL_GPIO_WritePin</STRONG> (Thumb, 44 bytes, Stack size 8 bytes, stm32h5xx_hal_gpio.o(.text.HAL_GPIO_WritePin))
<BR><BR>[Stack]<UL><LI>Max Depth = 8<LI>Call Chain = HAL_GPIO_WritePin
</UL>
<BR>[Called By]<UL><LI><a href="#[d5]">&gt;&gt;</a>&nbsp;&nbsp;&nbsp;LCD_Start
<LI><a href="#[e4]">&gt;&gt;</a>&nbsp;&nbsp;&nbsp;MX_GPIO_Init
<LI><a href="#[e8]">&gt;&gt;</a>&nbsp;&nbsp;&nbsp;SPI_ReadByte
<LI><a href="#[f3]">&gt;&gt;</a>&nbsp;&nbsp;&nbsp;get_n_bytes_data_from_ROM
<LI><a href="#[ea]">&gt;&gt;</a>&nbsp;&nbsp;&nbsp;SPI_WriteByte
<LI><a href="#[d4]">&gt;&gt;</a>&nbsp;&nbsp;&nbsp;I2C_WriteByte
<LI><a href="#[d3]">&gt;&gt;</a>&nbsp;&nbsp;&nbsp;I2C_Stop
<LI><a href="#[d0]">&gt;&gt;</a>&nbsp;&nbsp;&nbsp;I2C_Start
</UL>

<P><STRONG><a name="[9f]"></a>HAL_GetTick</STRONG> (Thumb, 12 bytes, Stack size 0 bytes, stm32h5xx_hal.o(.text.HAL_GetTick))
<BR><BR>[Called By]<UL><LI><a href="#[bc]">&gt;&gt;</a>&nbsp;&nbsp;&nbsp;RCCEx_PLL3_Config
<LI><a href="#[bb]">&gt;&gt;</a>&nbsp;&nbsp;&nbsp;RCCEx_PLL2_Config
<LI><a href="#[b4]">&gt;&gt;</a>&nbsp;&nbsp;&nbsp;HAL_RCCEx_PeriphCLKConfig
<LI><a href="#[a2]">&gt;&gt;</a>&nbsp;&nbsp;&nbsp;HAL_IWDG_Init
<LI><a href="#[bd]">&gt;&gt;</a>&nbsp;&nbsp;&nbsp;HAL_RCC_ClockConfig
<LI><a href="#[bf]">&gt;&gt;</a>&nbsp;&nbsp;&nbsp;HAL_RCC_OscConfig
<LI><a href="#[9e]">&gt;&gt;</a>&nbsp;&nbsp;&nbsp;HAL_Delay
</UL>

<P><STRONG><a name="[a2]"></a>HAL_IWDG_Init</STRONG> (Thumb, 270 bytes, Stack size 24 bytes, stm32h5xx_hal_iwdg.o(.text.HAL_IWDG_Init))
<BR><BR>[Stack]<UL><LI>Max Depth = 28<LI>Call Chain = HAL_IWDG_Init &rArr; HAL_IWDG_MspInit
</UL>
<BR>[Calls]<UL><LI><a href="#[9f]">&gt;&gt;</a>&nbsp;&nbsp;&nbsp;HAL_GetTick
<LI><a href="#[a3]">&gt;&gt;</a>&nbsp;&nbsp;&nbsp;HAL_IWDG_MspInit
</UL>
<BR>[Called By]<UL><LI><a href="#[e6]">&gt;&gt;</a>&nbsp;&nbsp;&nbsp;MX_IWDG_Init
</UL>

<P><STRONG><a name="[a3]"></a>HAL_IWDG_MspInit</STRONG> (Thumb, 8 bytes, Stack size 4 bytes, stm32h5xx_hal_iwdg.o(.text.HAL_IWDG_MspInit))
<BR><BR>[Stack]<UL><LI>Max Depth = 4<LI>Call Chain = HAL_IWDG_MspInit
</UL>
<BR>[Called By]<UL><LI><a href="#[a2]">&gt;&gt;</a>&nbsp;&nbsp;&nbsp;HAL_IWDG_Init
</UL>

<P><STRONG><a name="[cf]"></a>HAL_IncTick</STRONG> (Thumb, 26 bytes, Stack size 0 bytes, stm32h5xx_hal.o(.text.HAL_IncTick))
<BR><BR>[Called By]<UL><LI><a href="#[c6]">&gt;&gt;</a>&nbsp;&nbsp;&nbsp;HAL_TIM_PeriodElapsedCallback
</UL>

<P><STRONG><a name="[a4]"></a>HAL_Init</STRONG> (Thumb, 94 bytes, Stack size 16 bytes, stm32h5xx_hal.o(.text.HAL_Init))
<BR><BR>[Stack]<UL><LI>Max Depth = 144<LI>Call Chain = HAL_Init &rArr; HAL_InitTick &rArr; HAL_NVIC_SetPriority &rArr; NVIC_EncodePriority
</UL>
<BR>[Calls]<UL><LI><a href="#[a6]">&gt;&gt;</a>&nbsp;&nbsp;&nbsp;HAL_RCC_GetSysClockFreq
<LI><a href="#[a7]">&gt;&gt;</a>&nbsp;&nbsp;&nbsp;HAL_SYSTICK_CLKSourceConfig
<LI><a href="#[a5]">&gt;&gt;</a>&nbsp;&nbsp;&nbsp;HAL_NVIC_SetPriorityGrouping
<LI><a href="#[a8]">&gt;&gt;</a>&nbsp;&nbsp;&nbsp;HAL_InitTick
<LI><a href="#[a9]">&gt;&gt;</a>&nbsp;&nbsp;&nbsp;HAL_MspInit
</UL>
<BR>[Called By]<UL><LI><a href="#[85]">&gt;&gt;</a>&nbsp;&nbsp;&nbsp;main
</UL>

<P><STRONG><a name="[a8]"></a>HAL_InitTick</STRONG> (Thumb, 224 bytes, Stack size 64 bytes, stm32h5xx_hal_timebase_tim.o(.text.HAL_InitTick))
<BR><BR>[Stack]<UL><LI>Max Depth = 128<LI>Call Chain = HAL_InitTick &rArr; HAL_NVIC_SetPriority &rArr; NVIC_EncodePriority
</UL>
<BR>[Calls]<UL><LI><a href="#[ad]">&gt;&gt;</a>&nbsp;&nbsp;&nbsp;HAL_TIM_Base_Start_IT
<LI><a href="#[ac]">&gt;&gt;</a>&nbsp;&nbsp;&nbsp;HAL_TIM_Base_Init
<LI><a href="#[ab]">&gt;&gt;</a>&nbsp;&nbsp;&nbsp;HAL_RCC_GetPCLK1Freq
<LI><a href="#[aa]">&gt;&gt;</a>&nbsp;&nbsp;&nbsp;HAL_RCC_GetClockConfig
<LI><a href="#[af]">&gt;&gt;</a>&nbsp;&nbsp;&nbsp;HAL_NVIC_EnableIRQ
<LI><a href="#[ae]">&gt;&gt;</a>&nbsp;&nbsp;&nbsp;HAL_NVIC_SetPriority
</UL>
<BR>[Called By]<UL><LI><a href="#[bd]">&gt;&gt;</a>&nbsp;&nbsp;&nbsp;HAL_RCC_ClockConfig
<LI><a href="#[bf]">&gt;&gt;</a>&nbsp;&nbsp;&nbsp;HAL_RCC_OscConfig
<LI><a href="#[a4]">&gt;&gt;</a>&nbsp;&nbsp;&nbsp;HAL_Init
</UL>

<P><STRONG><a name="[b0]"></a>HAL_LPTIM_Init</STRONG> (Thumb, 530 bytes, Stack size 24 bytes, stm32h5xx_hal_lptim.o(.text.HAL_LPTIM_Init))
<BR><BR>[Stack]<UL><LI>Max Depth = 520<LI>Call Chain = HAL_LPTIM_Init &rArr; HAL_LPTIM_MspInit &rArr; HAL_RCCEx_PeriphCLKConfig &rArr; RCCEx_PLL3_Config
</UL>
<BR>[Calls]<UL><LI><a href="#[b1]">&gt;&gt;</a>&nbsp;&nbsp;&nbsp;HAL_LPTIM_MspInit
<LI><a href="#[b2]">&gt;&gt;</a>&nbsp;&nbsp;&nbsp;LPTIM_WaitForFlag
</UL>
<BR>[Called By]<UL><LI><a href="#[e7]">&gt;&gt;</a>&nbsp;&nbsp;&nbsp;MX_LPTIM1_Init
</UL>

<P><STRONG><a name="[b1]"></a>HAL_LPTIM_MspInit</STRONG> (Thumb, 92 bytes, Stack size 288 bytes, lptim.o(.text.HAL_LPTIM_MspInit))
<BR><BR>[Stack]<UL><LI>Max Depth = 496<LI>Call Chain = HAL_LPTIM_MspInit &rArr; HAL_RCCEx_PeriphCLKConfig &rArr; RCCEx_PLL3_Config
</UL>
<BR>[Calls]<UL><LI><a href="#[b4]">&gt;&gt;</a>&nbsp;&nbsp;&nbsp;HAL_RCCEx_PeriphCLKConfig
<LI><a href="#[b5]">&gt;&gt;</a>&nbsp;&nbsp;&nbsp;Error_Handler
<LI><a href="#[b3]">&gt;&gt;</a>&nbsp;&nbsp;&nbsp;__aeabi_memclr8
</UL>
<BR>[Called By]<UL><LI><a href="#[b0]">&gt;&gt;</a>&nbsp;&nbsp;&nbsp;HAL_LPTIM_Init
</UL>

<P><STRONG><a name="[a9]"></a>HAL_MspInit</STRONG> (Thumb, 2 bytes, Stack size 0 bytes, stm32h5xx_hal_msp.o(.text.HAL_MspInit))
<BR><BR>[Called By]<UL><LI><a href="#[a4]">&gt;&gt;</a>&nbsp;&nbsp;&nbsp;HAL_Init
</UL>

<P><STRONG><a name="[af]"></a>HAL_NVIC_EnableIRQ</STRONG> (Thumb, 20 bytes, Stack size 16 bytes, stm32h5xx_hal_cortex.o(.text.HAL_NVIC_EnableIRQ))
<BR><BR>[Stack]<UL><LI>Max Depth = 20<LI>Call Chain = HAL_NVIC_EnableIRQ &rArr; __NVIC_EnableIRQ
</UL>
<BR>[Calls]<UL><LI><a href="#[b6]">&gt;&gt;</a>&nbsp;&nbsp;&nbsp;__NVIC_EnableIRQ
</UL>
<BR>[Called By]<UL><LI><a href="#[a8]">&gt;&gt;</a>&nbsp;&nbsp;&nbsp;HAL_InitTick
<LI><a href="#[e4]">&gt;&gt;</a>&nbsp;&nbsp;&nbsp;MX_GPIO_Init
</UL>

<P><STRONG><a name="[ae]"></a>HAL_NVIC_SetPriority</STRONG> (Thumb, 46 bytes, Stack size 32 bytes, stm32h5xx_hal_cortex.o(.text.HAL_NVIC_SetPriority))
<BR><BR>[Stack]<UL><LI>Max Depth = 64<LI>Call Chain = HAL_NVIC_SetPriority &rArr; NVIC_EncodePriority
</UL>
<BR>[Calls]<UL><LI><a href="#[b9]">&gt;&gt;</a>&nbsp;&nbsp;&nbsp;__NVIC_SetPriority
<LI><a href="#[b8]">&gt;&gt;</a>&nbsp;&nbsp;&nbsp;NVIC_EncodePriority
<LI><a href="#[b7]">&gt;&gt;</a>&nbsp;&nbsp;&nbsp;__NVIC_GetPriorityGrouping
</UL>
<BR>[Called By]<UL><LI><a href="#[a8]">&gt;&gt;</a>&nbsp;&nbsp;&nbsp;HAL_InitTick
<LI><a href="#[e4]">&gt;&gt;</a>&nbsp;&nbsp;&nbsp;MX_GPIO_Init
</UL>

<P><STRONG><a name="[a5]"></a>HAL_NVIC_SetPriorityGrouping</STRONG> (Thumb, 16 bytes, Stack size 16 bytes, stm32h5xx_hal_cortex.o(.text.HAL_NVIC_SetPriorityGrouping))
<BR><BR>[Stack]<UL><LI>Max Depth = 28<LI>Call Chain = HAL_NVIC_SetPriorityGrouping &rArr; __NVIC_SetPriorityGrouping
</UL>
<BR>[Calls]<UL><LI><a href="#[ba]">&gt;&gt;</a>&nbsp;&nbsp;&nbsp;__NVIC_SetPriorityGrouping
</UL>
<BR>[Called By]<UL><LI><a href="#[a4]">&gt;&gt;</a>&nbsp;&nbsp;&nbsp;HAL_Init
</UL>

<P><STRONG><a name="[b4]"></a>HAL_RCCEx_PeriphCLKConfig</STRONG> (Thumb, 6264 bytes, Stack size 184 bytes, stm32h5xx_hal_rcc_ex.o(.text.HAL_RCCEx_PeriphCLKConfig))
<BR><BR>[Stack]<UL><LI>Max Depth = 208<LI>Call Chain = HAL_RCCEx_PeriphCLKConfig &rArr; RCCEx_PLL3_Config
</UL>
<BR>[Calls]<UL><LI><a href="#[bc]">&gt;&gt;</a>&nbsp;&nbsp;&nbsp;RCCEx_PLL3_Config
<LI><a href="#[bb]">&gt;&gt;</a>&nbsp;&nbsp;&nbsp;RCCEx_PLL2_Config
<LI><a href="#[9f]">&gt;&gt;</a>&nbsp;&nbsp;&nbsp;HAL_GetTick
</UL>
<BR>[Called By]<UL><LI><a href="#[b1]">&gt;&gt;</a>&nbsp;&nbsp;&nbsp;HAL_LPTIM_MspInit
</UL>

<P><STRONG><a name="[bd]"></a>HAL_RCC_ClockConfig</STRONG> (Thumb, 1172 bytes, Stack size 32 bytes, stm32h5xx_hal_rcc.o(.text.HAL_RCC_ClockConfig))
<BR><BR>[Stack]<UL><LI>Max Depth = 160<LI>Call Chain = HAL_RCC_ClockConfig &rArr; HAL_InitTick &rArr; HAL_NVIC_SetPriority &rArr; NVIC_EncodePriority
</UL>
<BR>[Calls]<UL><LI><a href="#[a6]">&gt;&gt;</a>&nbsp;&nbsp;&nbsp;HAL_RCC_GetSysClockFreq
<LI><a href="#[9f]">&gt;&gt;</a>&nbsp;&nbsp;&nbsp;HAL_GetTick
<LI><a href="#[a8]">&gt;&gt;</a>&nbsp;&nbsp;&nbsp;HAL_InitTick
</UL>
<BR>[Called By]<UL><LI><a href="#[ee]">&gt;&gt;</a>&nbsp;&nbsp;&nbsp;SystemClock_Config
</UL>

<P><STRONG><a name="[aa]"></a>HAL_RCC_GetClockConfig</STRONG> (Thumb, 108 bytes, Stack size 12 bytes, stm32h5xx_hal_rcc.o(.text.HAL_RCC_GetClockConfig))
<BR><BR>[Stack]<UL><LI>Max Depth = 12<LI>Call Chain = HAL_RCC_GetClockConfig
</UL>
<BR>[Called By]<UL><LI><a href="#[a8]">&gt;&gt;</a>&nbsp;&nbsp;&nbsp;HAL_InitTick
</UL>

<P><STRONG><a name="[be]"></a>HAL_RCC_GetHCLKFreq</STRONG> (Thumb, 52 bytes, Stack size 8 bytes, stm32h5xx_hal_rcc.o(.text.HAL_RCC_GetHCLKFreq))
<BR><BR>[Stack]<UL><LI>Max Depth = 44<LI>Call Chain = HAL_RCC_GetHCLKFreq &rArr; HAL_RCC_GetSysClockFreq
</UL>
<BR>[Calls]<UL><LI><a href="#[a6]">&gt;&gt;</a>&nbsp;&nbsp;&nbsp;HAL_RCC_GetSysClockFreq
</UL>
<BR>[Called By]<UL><LI><a href="#[ab]">&gt;&gt;</a>&nbsp;&nbsp;&nbsp;HAL_RCC_GetPCLK1Freq
<LI><a href="#[bf]">&gt;&gt;</a>&nbsp;&nbsp;&nbsp;HAL_RCC_OscConfig
</UL>

<P><STRONG><a name="[ab]"></a>HAL_RCC_GetPCLK1Freq</STRONG> (Thumb, 38 bytes, Stack size 8 bytes, stm32h5xx_hal_rcc.o(.text.HAL_RCC_GetPCLK1Freq))
<BR><BR>[Stack]<UL><LI>Max Depth = 52<LI>Call Chain = HAL_RCC_GetPCLK1Freq &rArr; HAL_RCC_GetHCLKFreq &rArr; HAL_RCC_GetSysClockFreq
</UL>
<BR>[Calls]<UL><LI><a href="#[be]">&gt;&gt;</a>&nbsp;&nbsp;&nbsp;HAL_RCC_GetHCLKFreq
</UL>
<BR>[Called By]<UL><LI><a href="#[a8]">&gt;&gt;</a>&nbsp;&nbsp;&nbsp;HAL_InitTick
</UL>

<P><STRONG><a name="[a6]"></a>HAL_RCC_GetSysClockFreq</STRONG> (Thumb, 700 bytes, Stack size 36 bytes, stm32h5xx_hal_rcc.o(.text.HAL_RCC_GetSysClockFreq))
<BR><BR>[Stack]<UL><LI>Max Depth = 36<LI>Call Chain = HAL_RCC_GetSysClockFreq
</UL>
<BR>[Called By]<UL><LI><a href="#[be]">&gt;&gt;</a>&nbsp;&nbsp;&nbsp;HAL_RCC_GetHCLKFreq
<LI><a href="#[bd]">&gt;&gt;</a>&nbsp;&nbsp;&nbsp;HAL_RCC_ClockConfig
<LI><a href="#[a4]">&gt;&gt;</a>&nbsp;&nbsp;&nbsp;HAL_Init
</UL>

<P><STRONG><a name="[bf]"></a>HAL_RCC_OscConfig</STRONG> (Thumb, 2556 bytes, Stack size 40 bytes, stm32h5xx_hal_rcc.o(.text.HAL_RCC_OscConfig))
<BR><BR>[Stack]<UL><LI>Max Depth = 168<LI>Call Chain = HAL_RCC_OscConfig &rArr; HAL_InitTick &rArr; HAL_NVIC_SetPriority &rArr; NVIC_EncodePriority
</UL>
<BR>[Calls]<UL><LI><a href="#[be]">&gt;&gt;</a>&nbsp;&nbsp;&nbsp;HAL_RCC_GetHCLKFreq
<LI><a href="#[9f]">&gt;&gt;</a>&nbsp;&nbsp;&nbsp;HAL_GetTick
<LI><a href="#[a8]">&gt;&gt;</a>&nbsp;&nbsp;&nbsp;HAL_InitTick
</UL>
<BR>[Called By]<UL><LI><a href="#[ee]">&gt;&gt;</a>&nbsp;&nbsp;&nbsp;SystemClock_Config
</UL>

<P><STRONG><a name="[a7]"></a>HAL_SYSTICK_CLKSourceConfig</STRONG> (Thumb, 154 bytes, Stack size 8 bytes, stm32h5xx_hal_cortex.o(.text.HAL_SYSTICK_CLKSourceConfig))
<BR><BR>[Stack]<UL><LI>Max Depth = 8<LI>Call Chain = HAL_SYSTICK_CLKSourceConfig
</UL>
<BR>[Called By]<UL><LI><a href="#[a4]">&gt;&gt;</a>&nbsp;&nbsp;&nbsp;HAL_Init
</UL>

<P><STRONG><a name="[c8]"></a>HAL_TIMEx_Break2Callback</STRONG> (Thumb, 8 bytes, Stack size 4 bytes, stm32h5xx_hal_tim_ex.o(.text.HAL_TIMEx_Break2Callback))
<BR><BR>[Stack]<UL><LI>Max Depth = 4<LI>Call Chain = HAL_TIMEx_Break2Callback
</UL>
<BR>[Called By]<UL><LI><a href="#[c2]">&gt;&gt;</a>&nbsp;&nbsp;&nbsp;HAL_TIM_IRQHandler
</UL>

<P><STRONG><a name="[c7]"></a>HAL_TIMEx_BreakCallback</STRONG> (Thumb, 8 bytes, Stack size 4 bytes, stm32h5xx_hal_tim_ex.o(.text.HAL_TIMEx_BreakCallback))
<BR><BR>[Stack]<UL><LI>Max Depth = 4<LI>Call Chain = HAL_TIMEx_BreakCallback
</UL>
<BR>[Called By]<UL><LI><a href="#[c2]">&gt;&gt;</a>&nbsp;&nbsp;&nbsp;HAL_TIM_IRQHandler
</UL>

<P><STRONG><a name="[ca]"></a>HAL_TIMEx_CommutCallback</STRONG> (Thumb, 8 bytes, Stack size 4 bytes, stm32h5xx_hal_tim_ex.o(.text.HAL_TIMEx_CommutCallback))
<BR><BR>[Stack]<UL><LI>Max Depth = 4<LI>Call Chain = HAL_TIMEx_CommutCallback
</UL>
<BR>[Called By]<UL><LI><a href="#[c2]">&gt;&gt;</a>&nbsp;&nbsp;&nbsp;HAL_TIM_IRQHandler
</UL>

<P><STRONG><a name="[cc]"></a>HAL_TIMEx_DirectionChangeCallback</STRONG> (Thumb, 8 bytes, Stack size 4 bytes, stm32h5xx_hal_tim_ex.o(.text.HAL_TIMEx_DirectionChangeCallback))
<BR><BR>[Stack]<UL><LI>Max Depth = 4<LI>Call Chain = HAL_TIMEx_DirectionChangeCallback
</UL>
<BR>[Called By]<UL><LI><a href="#[c2]">&gt;&gt;</a>&nbsp;&nbsp;&nbsp;HAL_TIM_IRQHandler
</UL>

<P><STRONG><a name="[cb]"></a>HAL_TIMEx_EncoderIndexCallback</STRONG> (Thumb, 8 bytes, Stack size 4 bytes, stm32h5xx_hal_tim_ex.o(.text.HAL_TIMEx_EncoderIndexCallback))
<BR><BR>[Stack]<UL><LI>Max Depth = 4<LI>Call Chain = HAL_TIMEx_EncoderIndexCallback
</UL>
<BR>[Called By]<UL><LI><a href="#[c2]">&gt;&gt;</a>&nbsp;&nbsp;&nbsp;HAL_TIM_IRQHandler
</UL>

<P><STRONG><a name="[cd]"></a>HAL_TIMEx_IndexErrorCallback</STRONG> (Thumb, 8 bytes, Stack size 4 bytes, stm32h5xx_hal_tim_ex.o(.text.HAL_TIMEx_IndexErrorCallback))
<BR><BR>[Stack]<UL><LI>Max Depth = 4<LI>Call Chain = HAL_TIMEx_IndexErrorCallback
</UL>
<BR>[Called By]<UL><LI><a href="#[c2]">&gt;&gt;</a>&nbsp;&nbsp;&nbsp;HAL_TIM_IRQHandler
</UL>

<P><STRONG><a name="[ce]"></a>HAL_TIMEx_TransitionErrorCallback</STRONG> (Thumb, 8 bytes, Stack size 4 bytes, stm32h5xx_hal_tim_ex.o(.text.HAL_TIMEx_TransitionErrorCallback))
<BR><BR>[Stack]<UL><LI>Max Depth = 4<LI>Call Chain = HAL_TIMEx_TransitionErrorCallback
</UL>
<BR>[Called By]<UL><LI><a href="#[c2]">&gt;&gt;</a>&nbsp;&nbsp;&nbsp;HAL_TIM_IRQHandler
</UL>

<P><STRONG><a name="[ac]"></a>HAL_TIM_Base_Init</STRONG> (Thumb, 168 bytes, Stack size 16 bytes, stm32h5xx_hal_tim.o(.text.HAL_TIM_Base_Init))
<BR><BR>[Stack]<UL><LI>Max Depth = 28<LI>Call Chain = HAL_TIM_Base_Init &rArr; TIM_Base_SetConfig
</UL>
<BR>[Calls]<UL><LI><a href="#[c1]">&gt;&gt;</a>&nbsp;&nbsp;&nbsp;TIM_Base_SetConfig
<LI><a href="#[c0]">&gt;&gt;</a>&nbsp;&nbsp;&nbsp;HAL_TIM_Base_MspInit
</UL>
<BR>[Called By]<UL><LI><a href="#[a8]">&gt;&gt;</a>&nbsp;&nbsp;&nbsp;HAL_InitTick
</UL>

<P><STRONG><a name="[c0]"></a>HAL_TIM_Base_MspInit</STRONG> (Thumb, 8 bytes, Stack size 4 bytes, stm32h5xx_hal_tim.o(.text.HAL_TIM_Base_MspInit))
<BR><BR>[Stack]<UL><LI>Max Depth = 4<LI>Call Chain = HAL_TIM_Base_MspInit
</UL>
<BR>[Called By]<UL><LI><a href="#[ac]">&gt;&gt;</a>&nbsp;&nbsp;&nbsp;HAL_TIM_Base_Init
</UL>

<P><STRONG><a name="[ad]"></a>HAL_TIM_Base_Start_IT</STRONG> (Thumb, 402 bytes, Stack size 12 bytes, stm32h5xx_hal_tim.o(.text.HAL_TIM_Base_Start_IT))
<BR><BR>[Stack]<UL><LI>Max Depth = 12<LI>Call Chain = HAL_TIM_Base_Start_IT
</UL>
<BR>[Called By]<UL><LI><a href="#[a8]">&gt;&gt;</a>&nbsp;&nbsp;&nbsp;HAL_InitTick
</UL>

<P><STRONG><a name="[c3]"></a>HAL_TIM_IC_CaptureCallback</STRONG> (Thumb, 8 bytes, Stack size 4 bytes, stm32h5xx_hal_tim.o(.text.HAL_TIM_IC_CaptureCallback))
<BR><BR>[Stack]<UL><LI>Max Depth = 4<LI>Call Chain = HAL_TIM_IC_CaptureCallback
</UL>
<BR>[Called By]<UL><LI><a href="#[c2]">&gt;&gt;</a>&nbsp;&nbsp;&nbsp;HAL_TIM_IRQHandler
</UL>

<P><STRONG><a name="[c2]"></a>HAL_TIM_IRQHandler</STRONG> (Thumb, 768 bytes, Stack size 24 bytes, stm32h5xx_hal_tim.o(.text.HAL_TIM_IRQHandler))
<BR><BR>[Stack]<UL><LI>Max Depth = 40<LI>Call Chain = HAL_TIM_IRQHandler &rArr; HAL_TIM_PeriodElapsedCallback
</UL>
<BR>[Calls]<UL><LI><a href="#[ce]">&gt;&gt;</a>&nbsp;&nbsp;&nbsp;HAL_TIMEx_TransitionErrorCallback
<LI><a href="#[cd]">&gt;&gt;</a>&nbsp;&nbsp;&nbsp;HAL_TIMEx_IndexErrorCallback
<LI><a href="#[cc]">&gt;&gt;</a>&nbsp;&nbsp;&nbsp;HAL_TIMEx_DirectionChangeCallback
<LI><a href="#[cb]">&gt;&gt;</a>&nbsp;&nbsp;&nbsp;HAL_TIMEx_EncoderIndexCallback
<LI><a href="#[ca]">&gt;&gt;</a>&nbsp;&nbsp;&nbsp;HAL_TIMEx_CommutCallback
<LI><a href="#[c9]">&gt;&gt;</a>&nbsp;&nbsp;&nbsp;HAL_TIM_TriggerCallback
<LI><a href="#[c8]">&gt;&gt;</a>&nbsp;&nbsp;&nbsp;HAL_TIMEx_Break2Callback
<LI><a href="#[c7]">&gt;&gt;</a>&nbsp;&nbsp;&nbsp;HAL_TIMEx_BreakCallback
<LI><a href="#[c4]">&gt;&gt;</a>&nbsp;&nbsp;&nbsp;HAL_TIM_OC_DelayElapsedCallback
<LI><a href="#[c3]">&gt;&gt;</a>&nbsp;&nbsp;&nbsp;HAL_TIM_IC_CaptureCallback
<LI><a href="#[c5]">&gt;&gt;</a>&nbsp;&nbsp;&nbsp;HAL_TIM_PWM_PulseFinishedCallback
<LI><a href="#[c6]">&gt;&gt;</a>&nbsp;&nbsp;&nbsp;HAL_TIM_PeriodElapsedCallback
</UL>
<BR>[Called By]<UL><LI><a href="#[37]">&gt;&gt;</a>&nbsp;&nbsp;&nbsp;TIM2_IRQHandler
</UL>

<P><STRONG><a name="[c4]"></a>HAL_TIM_OC_DelayElapsedCallback</STRONG> (Thumb, 8 bytes, Stack size 4 bytes, stm32h5xx_hal_tim.o(.text.HAL_TIM_OC_DelayElapsedCallback))
<BR><BR>[Stack]<UL><LI>Max Depth = 4<LI>Call Chain = HAL_TIM_OC_DelayElapsedCallback
</UL>
<BR>[Called By]<UL><LI><a href="#[c2]">&gt;&gt;</a>&nbsp;&nbsp;&nbsp;HAL_TIM_IRQHandler
</UL>

<P><STRONG><a name="[c5]"></a>HAL_TIM_PWM_PulseFinishedCallback</STRONG> (Thumb, 8 bytes, Stack size 4 bytes, stm32h5xx_hal_tim.o(.text.HAL_TIM_PWM_PulseFinishedCallback))
<BR><BR>[Stack]<UL><LI>Max Depth = 4<LI>Call Chain = HAL_TIM_PWM_PulseFinishedCallback
</UL>
<BR>[Called By]<UL><LI><a href="#[c2]">&gt;&gt;</a>&nbsp;&nbsp;&nbsp;HAL_TIM_IRQHandler
</UL>

<P><STRONG><a name="[c6]"></a>HAL_TIM_PeriodElapsedCallback</STRONG> (Thumb, 28 bytes, Stack size 16 bytes, main.o(.text.HAL_TIM_PeriodElapsedCallback))
<BR><BR>[Stack]<UL><LI>Max Depth = 16<LI>Call Chain = HAL_TIM_PeriodElapsedCallback
</UL>
<BR>[Calls]<UL><LI><a href="#[cf]">&gt;&gt;</a>&nbsp;&nbsp;&nbsp;HAL_IncTick
</UL>
<BR>[Called By]<UL><LI><a href="#[c2]">&gt;&gt;</a>&nbsp;&nbsp;&nbsp;HAL_TIM_IRQHandler
</UL>

<P><STRONG><a name="[c9]"></a>HAL_TIM_TriggerCallback</STRONG> (Thumb, 8 bytes, Stack size 4 bytes, stm32h5xx_hal_tim.o(.text.HAL_TIM_TriggerCallback))
<BR><BR>[Stack]<UL><LI>Max Depth = 4<LI>Call Chain = HAL_TIM_TriggerCallback
</UL>
<BR>[Called By]<UL><LI><a href="#[c2]">&gt;&gt;</a>&nbsp;&nbsp;&nbsp;HAL_TIM_IRQHandler
</UL>

<P><STRONG><a name="[2]"></a>HardFault_Handler</STRONG> (Thumb, 4 bytes, Stack size 0 bytes, stm32h5xx_it.o(.text.HardFault_Handler))
<BR>[Address Reference Count : 1]<UL><LI> startup_stm32h562xx.o(RESET)
</UL>
<P><STRONG><a name="[d2]"></a>I2C_Delay</STRONG> (Thumb, 26 bytes, Stack size 4 bytes, i2c.o(.text.I2C_Delay))
<BR><BR>[Stack]<UL><LI>Max Depth = 4<LI>Call Chain = I2C_Delay
</UL>
<BR>[Called By]<UL><LI><a href="#[d4]">&gt;&gt;</a>&nbsp;&nbsp;&nbsp;I2C_WriteByte
<LI><a href="#[d3]">&gt;&gt;</a>&nbsp;&nbsp;&nbsp;I2C_Stop
<LI><a href="#[d0]">&gt;&gt;</a>&nbsp;&nbsp;&nbsp;I2C_Start
</UL>

<P><STRONG><a name="[d0]"></a>I2C_Start</STRONG> (Thumb, 60 bytes, Stack size 24 bytes, i2c.o(.text.I2C_Start))
<BR><BR>[Stack]<UL><LI>Max Depth = 32<LI>Call Chain = I2C_Start &rArr; HAL_GPIO_WritePin
</UL>
<BR>[Calls]<UL><LI><a href="#[d1]">&gt;&gt;</a>&nbsp;&nbsp;&nbsp;HAL_GPIO_WritePin
<LI><a href="#[d2]">&gt;&gt;</a>&nbsp;&nbsp;&nbsp;I2C_Delay
</UL>
<BR>[Called By]<UL><LI><a href="#[f0]">&gt;&gt;</a>&nbsp;&nbsp;&nbsp;start_flag
</UL>

<P><STRONG><a name="[d3]"></a>I2C_Stop</STRONG> (Thumb, 60 bytes, Stack size 24 bytes, i2c.o(.text.I2C_Stop))
<BR><BR>[Stack]<UL><LI>Max Depth = 32<LI>Call Chain = I2C_Stop &rArr; HAL_GPIO_WritePin
</UL>
<BR>[Calls]<UL><LI><a href="#[d1]">&gt;&gt;</a>&nbsp;&nbsp;&nbsp;HAL_GPIO_WritePin
<LI><a href="#[d2]">&gt;&gt;</a>&nbsp;&nbsp;&nbsp;I2C_Delay
</UL>
<BR>[Called By]<UL><LI><a href="#[f2]">&gt;&gt;</a>&nbsp;&nbsp;&nbsp;stop_flag
</UL>

<P><STRONG><a name="[d4]"></a>I2C_WriteByte</STRONG> (Thumb, 208 bytes, Stack size 40 bytes, i2c.o(.text.I2C_WriteByte))
<BR><BR>[Stack]<UL><LI>Max Depth = 48<LI>Call Chain = I2C_WriteByte &rArr; HAL_GPIO_WritePin
</UL>
<BR>[Calls]<UL><LI><a href="#[d1]">&gt;&gt;</a>&nbsp;&nbsp;&nbsp;HAL_GPIO_WritePin
<LI><a href="#[d2]">&gt;&gt;</a>&nbsp;&nbsp;&nbsp;I2C_Delay
</UL>
<BR>[Called By]<UL><LI><a href="#[f1]">&gt;&gt;</a>&nbsp;&nbsp;&nbsp;transfer
</UL>

<P><STRONG><a name="[d5]"></a>LCD_Start</STRONG> (Thumb, 48 bytes, Stack size 16 bytes, lcd.o(.text.LCD_Start))
<BR><BR>[Stack]<UL><LI>Max Depth = 88<LI>Call Chain = LCD_Start &rArr; initial_lcd &rArr; transfer &rArr; I2C_WriteByte &rArr; HAL_GPIO_WritePin
</UL>
<BR>[Calls]<UL><LI><a href="#[d1]">&gt;&gt;</a>&nbsp;&nbsp;&nbsp;HAL_GPIO_WritePin
<LI><a href="#[d7]">&gt;&gt;</a>&nbsp;&nbsp;&nbsp;initial_lcd
<LI><a href="#[d6]">&gt;&gt;</a>&nbsp;&nbsp;&nbsp;delay
</UL>
<BR>[Called By]<UL><LI><a href="#[85]">&gt;&gt;</a>&nbsp;&nbsp;&nbsp;main
</UL>

<P><STRONG><a name="[d8]"></a>LCD_demo</STRONG> (Thumb, 586 bytes, Stack size 48 bytes, lcd.o(.text.LCD_demo))
<BR><BR>[Stack]<UL><LI>Max Depth = 248<LI>Call Chain = LCD_demo &rArr; display_GB2312_string &rArr; display_graphic_8x16 &rArr; transfer &rArr; I2C_WriteByte &rArr; HAL_GPIO_WritePin
</UL>
<BR>[Calls]<UL><LI><a href="#[e0]">&gt;&gt;</a>&nbsp;&nbsp;&nbsp;display_string_5x7
<LI><a href="#[df]">&gt;&gt;</a>&nbsp;&nbsp;&nbsp;display_GB2312_string
<LI><a href="#[de]">&gt;&gt;</a>&nbsp;&nbsp;&nbsp;display_graphic_8x16
<LI><a href="#[dd]">&gt;&gt;</a>&nbsp;&nbsp;&nbsp;display_graphic_16x16
<LI><a href="#[dc]">&gt;&gt;</a>&nbsp;&nbsp;&nbsp;display_graphic_32x32
<LI><a href="#[da]">&gt;&gt;</a>&nbsp;&nbsp;&nbsp;display_graphic_128x64
<LI><a href="#[d9]">&gt;&gt;</a>&nbsp;&nbsp;&nbsp;clear_screen
<LI><a href="#[db]">&gt;&gt;</a>&nbsp;&nbsp;&nbsp;waitkey
</UL>
<BR>[Called By]<UL><LI><a href="#[85]">&gt;&gt;</a>&nbsp;&nbsp;&nbsp;main
</UL>

<P><STRONG><a name="[e1]"></a>MX_FLASH_Init</STRONG> (Thumb, 32 bytes, Stack size 8 bytes, flash.o(.text.MX_FLASH_Init))
<BR><BR>[Stack]<UL><LI>Max Depth = 12<LI>Call Chain = MX_FLASH_Init &rArr; HAL_FLASH_Lock
</UL>
<BR>[Calls]<UL><LI><a href="#[e3]">&gt;&gt;</a>&nbsp;&nbsp;&nbsp;HAL_FLASH_Lock
<LI><a href="#[e2]">&gt;&gt;</a>&nbsp;&nbsp;&nbsp;HAL_FLASH_Unlock
<LI><a href="#[b5]">&gt;&gt;</a>&nbsp;&nbsp;&nbsp;Error_Handler
</UL>
<BR>[Called By]<UL><LI><a href="#[85]">&gt;&gt;</a>&nbsp;&nbsp;&nbsp;main
</UL>

<P><STRONG><a name="[e4]"></a>MX_GPIO_Init</STRONG> (Thumb, 316 bytes, Stack size 72 bytes, gpio.o(.text.MX_GPIO_Init))
<BR><BR>[Stack]<UL><LI>Max Depth = 136<LI>Call Chain = MX_GPIO_Init &rArr; HAL_NVIC_SetPriority &rArr; NVIC_EncodePriority
</UL>
<BR>[Calls]<UL><LI><a href="#[af]">&gt;&gt;</a>&nbsp;&nbsp;&nbsp;HAL_NVIC_EnableIRQ
<LI><a href="#[ae]">&gt;&gt;</a>&nbsp;&nbsp;&nbsp;HAL_NVIC_SetPriority
<LI><a href="#[e5]">&gt;&gt;</a>&nbsp;&nbsp;&nbsp;HAL_GPIO_Init
<LI><a href="#[d1]">&gt;&gt;</a>&nbsp;&nbsp;&nbsp;HAL_GPIO_WritePin
</UL>
<BR>[Called By]<UL><LI><a href="#[85]">&gt;&gt;</a>&nbsp;&nbsp;&nbsp;main
</UL>

<P><STRONG><a name="[e6]"></a>MX_IWDG_Init</STRONG> (Thumb, 52 bytes, Stack size 8 bytes, iwdg.o(.text.MX_IWDG_Init))
<BR><BR>[Stack]<UL><LI>Max Depth = 36<LI>Call Chain = MX_IWDG_Init &rArr; HAL_IWDG_Init &rArr; HAL_IWDG_MspInit
</UL>
<BR>[Calls]<UL><LI><a href="#[a2]">&gt;&gt;</a>&nbsp;&nbsp;&nbsp;HAL_IWDG_Init
<LI><a href="#[b5]">&gt;&gt;</a>&nbsp;&nbsp;&nbsp;Error_Handler
</UL>
<BR>[Called By]<UL><LI><a href="#[85]">&gt;&gt;</a>&nbsp;&nbsp;&nbsp;main
</UL>

<P><STRONG><a name="[e7]"></a>MX_LPTIM1_Init</STRONG> (Thumb, 62 bytes, Stack size 16 bytes, lptim.o(.text.MX_LPTIM1_Init))
<BR><BR>[Stack]<UL><LI>Max Depth = 536<LI>Call Chain = MX_LPTIM1_Init &rArr; HAL_LPTIM_Init &rArr; HAL_LPTIM_MspInit &rArr; HAL_RCCEx_PeriphCLKConfig &rArr; RCCEx_PLL3_Config
</UL>
<BR>[Calls]<UL><LI><a href="#[b0]">&gt;&gt;</a>&nbsp;&nbsp;&nbsp;HAL_LPTIM_Init
<LI><a href="#[b5]">&gt;&gt;</a>&nbsp;&nbsp;&nbsp;Error_Handler
</UL>
<BR>[Called By]<UL><LI><a href="#[85]">&gt;&gt;</a>&nbsp;&nbsp;&nbsp;main
</UL>

<P><STRONG><a name="[3]"></a>MemManage_Handler</STRONG> (Thumb, 4 bytes, Stack size 0 bytes, stm32h5xx_it.o(.text.MemManage_Handler))
<BR>[Address Reference Count : 1]<UL><LI> startup_stm32h562xx.o(RESET)
</UL>
<P><STRONG><a name="[1]"></a>NMI_Handler</STRONG> (Thumb, 4 bytes, Stack size 0 bytes, stm32h5xx_it.o(.text.NMI_Handler))
<BR>[Address Reference Count : 1]<UL><LI> startup_stm32h562xx.o(RESET)
</UL>
<P><STRONG><a name="[9]"></a>PendSV_Handler</STRONG> (Thumb, 84 bytes, Stack size 0 bytes, portasm.o(.text.PendSV_Handler))
<BR><BR>[Stack]<UL><LI>Max Depth = 40<LI>Call Chain = PendSV_Handler &rArr; vTaskSwitchContext &rArr; printf
</UL>
[...]
</UL>
<BR>[Calls]<UL><LI><a href="#[c2]">&gt;&gt;</a>&nbsp;&nbsp;&nbsp;HAL_TIM_IRQHandler
</UL>
<BR>[Address Reference Count : 1]<UL><LI> startup_stm32h562xx.o(RESET)
</UL>
<P><STRONG><a name="[c1]"></a>TIM_Base_SetConfig</STRONG> (Thumb, 858 bytes, Stack size 12 bytes, stm32h5xx_hal_tim.o(.text.TIM_Base_SetConfig))
<BR><BR>[Stack]<UL><LI>Max Depth = 12<LI>Call Chain = TIM_Base_SetConfig
</UL>
<BR>[Called By]<UL><LI><a href="#[ac]">&gt;&gt;</a>&nbsp;&nbsp;&nbsp;HAL_TIM_Base_Init
</UL>

<P><STRONG><a name="[5]"></a>UsageFault_Handler</STRONG> (Thumb, 4 bytes, Stack size 0 bytes, stm32h5xx_it.o(.text.UsageFault_Handler))
<BR>[Address Reference Count : 1]<UL><LI> startup_stm32h562xx.o(RESET)
</UL>
<P><STRONG><a name="[d9]"></a>clear_screen</STRONG> (Thumb, 134 bytes, Stack size 24 bytes, lcd.o(.text.clear_screen))
<BR><BR>[Stack]<UL><LI>Max Depth = 88<LI>Call Chain = clear_screen &rArr; transfer &rArr; I2C_WriteByte &rArr; HAL_GPIO_WritePin
</UL>
<BR>[Calls]<UL><LI><a href="#[f1]">&gt;&gt;</a>&nbsp;&nbsp;&nbsp;transfer
<LI><a href="#[f2]">&gt;&gt;</a>&nbsp;&nbsp;&nbsp;stop_flag
<LI><a href="#[f0]">&gt;&gt;</a>&nbsp;&nbsp;&nbsp;start_flag
</UL>
<BR>[Called By]<UL><LI><a href="#[d8]">&gt;&gt;</a>&nbsp;&nbsp;&nbsp;LCD_demo
</UL>

<P><STRONG><a name="[d6]"></a>delay</STRONG> (Thumb, 20 bytes, Stack size 16 bytes, lcd.o(.text.delay))
<BR><BR>[Stack]<UL><LI>Max Depth = 40<LI>Call Chain = delay &rArr; HAL_Delay
</UL>
<BR>[Calls]<UL><LI><a href="#[9e]">&gt;&gt;</a>&nbsp;&nbsp;&nbsp;HAL_Delay
</UL>
<BR>[Called By]<UL><LI><a href="#[d5]">&gt;&gt;</a>&nbsp;&nbsp;&nbsp;LCD_Start
</UL>

<P><STRONG><a name="[df]"></a>display_GB2312_string</STRONG> (Thumb, 578 bytes, Stack size 96 bytes, lcd.o(.text.display_GB2312_string))
<BR><BR>[Stack]<UL><LI>Max Depth = 200<LI>Call Chain = display_GB2312_string &rArr; display_graphic_8x16 &rArr; transfer &rArr; I2C_WriteByte &rArr; HAL_GPIO_WritePin
</UL>
<BR>[Calls]<UL><LI><a href="#[de]">&gt;&gt;</a>&nbsp;&nbsp;&nbsp;display_graphic_8x16
<LI><a href="#[dd]">&gt;&gt;</a>&nbsp;&nbsp;&nbsp;display_graphic_16x16
<LI><a href="#[f3]">&gt;&gt;</a>&nbsp;&nbsp;&nbsp;get_n_bytes_data_from_ROM
</UL>
<BR>[Called By]<UL><LI><a href="#[d8]">&gt;&gt;</a>&nbsp;&nbsp;&nbsp;LCD_demo
</UL>

<P><STRONG><a name="[da]"></a>display_graphic_128x64</STRONG> (Thumb, 226 bytes, Stack size 40 bytes, lcd.o(.text.display_graphic_128x64))
<BR><BR>[Stack]<UL><LI>Max Depth = 104<LI>Call Chain = display_graphic_128x64 &rArr; transfer &rArr; I2C_WriteByte &rArr; HAL_GPIO_WritePin
</UL>
<BR>[Calls]<UL><LI><a href="#[f1]">&gt;&gt;</a>&nbsp;&nbsp;&nbsp;transfer
<LI><a href="#[f2]">&gt;&gt;</a>&nbsp;&nbsp;&nbsp;stop_flag
<LI><a href="#[f0]">&gt;&gt;</a>&nbsp;&nbsp;&nbsp;start_flag
</UL>
<BR>[Called By]<UL><LI><a href="#[d8]">&gt;&gt;</a>&nbsp;&nbsp;&nbsp;LCD_demo
</UL>

<P><STRONG><a name="[dd]"></a>display_graphic_16x16</STRONG> (Thumb, 220 bytes, Stack size 40 bytes, lcd.o(.text.display_graphic_16x16))
<BR><BR>[Stack]<UL><LI>Max Depth = 104<LI>Call Chain = display_graphic_16x16 &rArr; transfer &rArr; I2C_WriteByte &rArr; HAL_GPIO_WritePin
</UL>
<BR>[Calls]<UL><LI><a href="#[f1]">&gt;&gt;</a>&nbsp;&nbsp;&nbsp;transfer
<LI><a href="#[f2]">&gt;&gt;</a>&nbsp;&nbsp;&nbsp;stop_flag
<LI><a href="#[f0]">&gt;&gt;</a>&nbsp;&nbsp;&nbsp;start_flag
</UL>
<BR>[Called By]<UL><LI><a href="#[d8]">&gt;&gt;</a>&nbsp;&nbsp;&nbsp;LCD_demo
<LI><a href="#[df]">&gt;&gt;</a>&nbsp;&nbsp;&nbsp;display_GB2312_string
</UL>

<P><STRONG><a name="[dc]"></a>display_graphic_32x32</STRONG> (Thumb, 226 bytes, Stack size 40 bytes, lcd.o(.text.display_graphic_32x32))
<BR><BR>[Stack]<UL><LI>Max Depth = 104<LI>Call Chain = display_graphic_32x32 &rArr; transfer &rArr; I2C_WriteByte &rArr; HAL_GPIO_WritePin
</UL>
<BR>[Calls]<UL><LI><a href="#[f1]">&gt;&gt;</a>&nbsp;&nbsp;&nbsp;transfer
<LI><a href="#[f2]">&gt;&gt;</a>&nbsp;&nbsp;&nbsp;stop_flag
<LI><a href="#[f0]">&gt;&gt;</a>&nbsp;&nbsp;&nbsp;start_flag
</UL>
<BR>[Called By]<UL><LI><a href="#[d8]">&gt;&gt;</a>&nbsp;&nbsp;&nbsp;LCD_demo
</UL>

<P><STRONG><a name="[f4]"></a>display_graphic_5x7</STRONG> (Thumb, 196 bytes, Stack size 32 bytes, lcd.o(.text.display_graphic_5x7))
<BR><BR>[Stack]<UL><LI>Max Depth = 96<LI>Call Chain = display_graphic_5x7 &rArr; transfer &rArr; I2C_WriteByte &rArr; HAL_GPIO_WritePin
</UL>
<BR>[Calls]<UL><LI><a href="#[f1]">&gt;&gt;</a>&nbsp;&nbsp;&nbsp;transfer
<LI><a href="#[f2]">&gt;&gt;</a>&nbsp;&nbsp;&nbsp;stop_flag
<LI><a href="#[f0]">&gt;&gt;</a>&nbsp;&nbsp;&nbsp;start_flag
</UL>
<BR>[Called By]<UL><LI><a href="#[e0]">&gt;&gt;</a>&nbsp;&nbsp;&nbsp;display_string_5x7
</UL>

<P><STRONG><a name="[de]"></a>display_graphic_8x16</STRONG> (Thumb, 220 bytes, Stack size 40 bytes, lcd.o(.text.display_graphic_8x16))
<BR><BR>[Stack]<UL><LI>Max Depth = 104<LI>Call Chain = display_graphic_8x16 &rArr; transfer &rArr; I2C_WriteByte &rArr; HAL_GPIO_WritePin
</UL>
<BR>[Calls]<UL><LI><a href="#[f1]">&gt;&gt;</a>&nbsp;&nbsp;&nbsp;transfer
<LI><a href="#[f2]">&gt;&gt;</a>&nbsp;&nbsp;&nbsp;stop_flag
<LI><a href="#[f0]">&gt;&gt;</a>&nbsp;&nbsp;&nbsp;start_flag
</UL>
<BR>[Called By]<UL><LI><a href="#[d8]">&gt;&gt;</a>&nbsp;&nbsp;&nbsp;LCD_demo
<LI><a href="#[df]">&gt;&gt;</a>&nbsp;&nbsp;&nbsp;display_GB2312_string
</UL>

<P><STRONG><a name="[e0]"></a>display_string_5x7</STRONG> (Thumb, 210 bytes, Stack size 40 bytes, lcd.o(.text.display_string_5x7))
<BR><BR>[Stack]<UL><LI>Max Depth = 136<LI>Call Chain = display_string_5x7 &rArr; display_graphic_5x7 &rArr; transfer &rArr; I2C_WriteByte &rArr; HAL_GPIO_WritePin
</UL>
<BR>[Calls]<UL><LI><a href="#[f4]">&gt;&gt;</a>&nbsp;&nbsp;&nbsp;display_graphic_5x7
<LI><a href="#[f3]">&gt;&gt;</a>&nbsp;&nbsp;&nbsp;get_n_bytes_data_from_ROM
</UL>
<BR>[Called By]<UL><LI><a href="#[d8]">&gt;&gt;</a>&nbsp;&nbsp;&nbsp;LCD_demo
</UL>

<P><STRONG><a name="[f3]"></a>get_n_bytes_data_from_ROM</STRONG> (Thumb, 154 bytes, Stack size 32 bytes, lcd.o(.text.get_n_bytes_data_from_ROM))
<BR><BR>[Stack]<UL><LI>Max Depth = 80<LI>Call Chain = get_n_bytes_data_from_ROM &rArr; send_command_to_ROM &rArr; SPI_WriteByte &rArr; HAL_GPIO_WritePin
</UL>
<BR>[Calls]<UL><LI><a href="#[d1]">&gt;&gt;</a>&nbsp;&nbsp;&nbsp;HAL_GPIO_WritePin
<LI><a href="#[f6]">&gt;&gt;</a>&nbsp;&nbsp;&nbsp;send_command_to_ROM
<LI><a href="#[f5]">&gt;&gt;</a>&nbsp;&nbsp;&nbsp;get_data_from_ROM
</UL>
<BR>[Called By]<UL><LI><a href="#[e0]">&gt;&gt;</a>&nbsp;&nbsp;&nbsp;display_string_5x7
<LI><a href="#[df]">&gt;&gt;</a>&nbsp;&nbsp;&nbsp;display_GB2312_string
</UL>

<P><STRONG><a name="[d7]"></a>initial_lcd</STRONG> (Thumb, 78 bytes, Stack size 8 bytes, lcd.o(.text.initial_lcd))
<BR><BR>[Stack]<UL><LI>Max Depth = 72<LI>Call Chain = initial_lcd &rArr; transfer &rArr; I2C_WriteByte &rArr; HAL_GPIO_WritePin
</UL>
<BR>[Calls]<UL><LI><a href="#[f1]">&gt;&gt;</a>&nbsp;&nbsp;&nbsp;transfer
<LI><a href="#[f2]">&gt;&gt;</a>&nbsp;&nbsp;&nbsp;stop_flag
<LI><a href="#[f0]">&gt;&gt;</a>&nbsp;&nbsp;&nbsp;start_flag
</UL>
<BR>[Called By]<UL><LI><a href="#[d5]">&gt;&gt;</a>&nbsp;&nbsp;&nbsp;LCD_Start
</UL>

<P><STRONG><a name="[85]"></a>main</STRONG> (Thumb, 44 bytes, Stack size 16 bytes, main.o(.text.main))
<BR><BR>[Stack]<UL><LI>Max Depth = 552<LI>Call Chain = main &rArr; MX_LPTIM1_Init &rArr; HAL_LPTIM_Init &rArr; HAL_LPTIM_MspInit &rArr; HAL_RCCEx_PeriphCLKConfig &rArr; RCCEx_PLL3_Config
</UL>
<BR>[Calls]<UL><LI><a href="#[d8]">&gt;&gt;</a>&nbsp;&nbsp;&nbsp;LCD_demo
<LI><a href="#[d5]">&gt;&gt;</a>&nbsp;&nbsp;&nbsp;LCD_Start
<LI><a href="#[e7]">&gt;&gt;</a>&nbsp;&nbsp;&nbsp;MX_LPTIM1_Init
<LI><a href="#[e6]">&gt;&gt;</a>&nbsp;&nbsp;&nbsp;MX_IWDG_Init
<LI><a href="#[e1]">&gt;&gt;</a>&nbsp;&nbsp;&nbsp;MX_FLASH_Init
<LI><a href="#[e4]">&gt;&gt;</a>&nbsp;&nbsp;&nbsp;MX_GPIO_Init
<LI><a href="#[ee]">&gt;&gt;</a>&nbsp;&nbsp;&nbsp;SystemClock_Config
<LI><a href="#[a4]">&gt;&gt;</a>&nbsp;&nbsp;&nbsp;HAL_Init
</UL>
<BR>[Address Reference Count : 1]<UL><LI> entry9a.o(.ARM.Collect$$$$0000000B)
</UL>
<P><STRONG><a name="[f6]"></a>send_command_to_ROM</STRONG> (Thumb, 20 bytes, Stack size 16 bytes, lcd.o(.text.send_command_to_ROM))
<BR><BR>[Stack]<UL><LI>Max Depth = 48<LI>Call Chain = send_command_to_ROM &rArr; SPI_WriteByte &rArr; HAL_GPIO_WritePin
</UL>
<BR>[Calls]<UL><LI><a href="#[ea]">&gt;&gt;</a>&nbsp;&nbsp;&nbsp;SPI_WriteByte
</UL>
<BR>[Called By]<UL><LI><a href="#[f3]">&gt;&gt;</a>&nbsp;&nbsp;&nbsp;get_n_bytes_data_from_ROM
</UL>

<P><STRONG><a name="[f0]"></a>start_flag</STRONG> (Thumb, 8 bytes, Stack size 8 bytes, lcd.o(.text.start_flag))
<BR><BR>[Stack]<UL><LI>Max Depth = 40<LI>Call Chain = start_flag &rArr; I2C_Start &rArr; HAL_GPIO_WritePin
</UL>
<BR>[Calls]<UL><LI><a href="#[d0]">&gt;&gt;</a>&nbsp;&nbsp;&nbsp;I2C_Start
</UL>
<BR>[Called By]<UL><LI><a href="#[d7]">&gt;&gt;</a>&nbsp;&nbsp;&nbsp;initial_lcd
<LI><a href="#[f4]">&gt;&gt;</a>&nbsp;&nbsp;&nbsp;display_graphic_5x7
<LI><a href="#[de]">&gt;&gt;</a>&nbsp;&nbsp;&nbsp;display_graphic_8x16
<LI><a href="#[dd]">&gt;&gt;</a>&nbsp;&nbsp;&nbsp;display_graphic_16x16
<LI><a href="#[dc]">&gt;&gt;</a>&nbsp;&nbsp;&nbsp;display_graphic_32x32
<LI><a href="#[da]">&gt;&gt;</a>&nbsp;&nbsp;&nbsp;display_graphic_128x64
<LI><a href="#[d9]">&gt;&gt;</a>&nbsp;&nbsp;&nbsp;clear_screen
</UL>

<P><STRONG><a name="[f2]"></a>stop_flag</STRONG> (Thumb, 8 bytes, Stack size 8 bytes, lcd.o(.text.stop_flag))
<BR><BR>[Stack]<UL><LI>Max Depth = 40<LI>Call Chain = stop_flag &rArr; I2C_Stop &rArr; HAL_GPIO_WritePin
</UL>
<BR>[Calls]<UL><LI><a href="#[d3]">&gt;&gt;</a>&nbsp;&nbsp;&nbsp;I2C_Stop
</UL>
<BR>[Called By]<UL><LI><a href="#[d7]">&gt;&gt;</a>&nbsp;&nbsp;&nbsp;initial_lcd
<LI><a href="#[f4]">&gt;&gt;</a>&nbsp;&nbsp;&nbsp;display_graphic_5x7
<LI><a href="#[de]">&gt;&gt;</a>&nbsp;&nbsp;&nbsp;display_graphic_8x16
<LI><a href="#[dd]">&gt;&gt;</a>&nbsp;&nbsp;&nbsp;display_graphic_16x16
<LI><a href="#[dc]">&gt;&gt;</a>&nbsp;&nbsp;&nbsp;display_graphic_32x32
<LI><a href="#[da]">&gt;&gt;</a>&nbsp;&nbsp;&nbsp;display_graphic_128x64
<LI><a href="#[d9]">&gt;&gt;</a>&nbsp;&nbsp;&nbsp;clear_screen
</UL>

<P><STRONG><a name="[f1]"></a>transfer</STRONG> (Thumb, 20 bytes, Stack size 16 bytes, lcd.o(.text.transfer))
<BR><BR>[Stack]<UL><LI>Max Depth = 64<LI>Call Chain = transfer &rArr; I2C_WriteByte &rArr; HAL_GPIO_WritePin
</UL>
<BR>[Calls]<UL><LI><a href="#[d4]">&gt;&gt;</a>&nbsp;&nbsp;&nbsp;I2C_WriteByte
</UL>
<BR>[Called By]<UL><LI><a href="#[d7]">&gt;&gt;</a>&nbsp;&nbsp;&nbsp;initial_lcd
<LI><a href="#[f4]">&gt;&gt;</a>&nbsp;&nbsp;&nbsp;display_graphic_5x7
<LI><a href="#[de]">&gt;&gt;</a>&nbsp;&nbsp;&nbsp;display_graphic_8x16
<LI><a href="#[dd]">&gt;&gt;</a>&nbsp;&nbsp;&nbsp;display_graphic_16x16
<LI><a href="#[dc]">&gt;&gt;</a>&nbsp;&nbsp;&nbsp;display_graphic_32x32
<LI><a href="#[da]">&gt;&gt;</a>&nbsp;&nbsp;&nbsp;display_graphic_128x64
<LI><a href="#[d9]">&gt;&gt;</a>&nbsp;&nbsp;&nbsp;clear_screen
</UL>

<P><STRONG><a name="[eb]"></a>ulSetInterruptMask</STRONG> (Thumb, 22 bytes, Stack size 0 bytes, portasm.o(.text.ulSetInterruptMask))
<BR><BR>[Called By]<UL><LI><a href="#[a]">&gt;&gt;</a>&nbsp;&nbsp;&nbsp;SysTick_Handler
</UL>

<P><STRONG><a name="[ed]"></a>vClearInterruptMask</STRONG> (Thumb, 14 bytes, Stack size 0 bytes, portasm.o(.text.vClearInterruptMask))
<BR><BR>[Called By]<UL><LI><a href="#[a]">&gt;&gt;</a>&nbsp;&nbsp;&nbsp;SysTick_Handler
</UL>

<P><STRONG><a name="[88]"></a>vPortSVCHandler_C</STRONG> (Thumb, 68 bytes, Stack size 24 bytes, port.o(.text.vPortSVCHandler_C))
<BR><BR>[Stack]<UL><LI>Max Depth = 48<LI>Call Chain = vPortSVCHandler_C &rArr; printf
</UL>
<BR>[Calls]<UL><LI><a href="#[f8]">&gt;&gt;</a>&nbsp;&nbsp;&nbsp;printf
<LI><a href="#[f7]">&gt;&gt;</a>&nbsp;&nbsp;&nbsp;vRestoreContextOfFirstTask
</UL>
<BR>[Address Reference Count : 1]<UL><LI> portasm.o(.text.SVC_Handler)
</UL>
<P><STRONG><a name="[f7]"></a>vRestoreContextOfFirstTask</STRONG> (Thumb, 52 bytes, Stack size 0 bytes, portasm.o(.text.vRestoreContextOfFirstTask))
<BR><BR>[Called By]<UL><LI><a href="#[88]">&gt;&gt;</a>&nbsp;&nbsp;&nbsp;vPortSVCHandler_C
</UL>

<P><STRONG><a name="[8a]"></a>vTaskSwitchContext</STRONG> (Thumb, 204 bytes, Stack size 16 bytes, tasks.o(.text.vTaskSwitchContext))
<BR><BR>[Stack]<UL><LI>Max Depth = 40<LI>Call Chain = vTaskSwitchContext &rArr; printf
</UL>
<BR>[Calls]<UL><LI><a href="#[f8]">&gt;&gt;</a>&nbsp;&nbsp;&nbsp;printf
</UL>
<BR>[Called By]<UL><LI><a href="#[9]">&gt;&gt;</a>&nbsp;&nbsp;&nbsp;PendSV_Handler
</UL>

<P><STRONG><a name="[db]"></a>waitkey</STRONG> (Thumb, 56 bytes, Stack size 8 bytes, lcd.o(.text.waitkey))
<BR><BR>[Stack]<UL><LI>Max Depth = 32<LI>Call Chain = waitkey &rArr; HAL_Delay
</UL>
<BR>[Calls]<UL><LI><a href="#[9e]">&gt;&gt;</a>&nbsp;&nbsp;&nbsp;HAL_Delay
</UL>
<BR>[Called By]<UL><LI><a href="#[d8]">&gt;&gt;</a>&nbsp;&nbsp;&nbsp;LCD_demo
</UL>

<P><STRONG><a name="[ec]"></a>xTaskIncrementTick</STRONG> (Thumb, 624 bytes, Stack size 40 bytes, tasks.o(.text.xTaskIncrementTick))
<BR><BR>[Stack]<UL><LI>Max Depth = 64<LI>Call Chain = xTaskIncrementTick &rArr; printf
</UL>
<BR>[Calls]<UL><LI><a href="#[f9]">&gt;&gt;</a>&nbsp;&nbsp;&nbsp;prvResetNextTaskUnblockTime
<LI><a href="#[f8]">&gt;&gt;</a>&nbsp;&nbsp;&nbsp;printf
</UL>
<BR>[Called By]<UL><LI><a href="#[a]">&gt;&gt;</a>&nbsp;&nbsp;&nbsp;SysTick_Handler
</UL>

<P><STRONG><a name="[fa]"></a>__0printf</STRONG> (Thumb, 22 bytes, Stack size 24 bytes, printfa.o(i.__0printf), UNUSED)
<BR><BR>[Calls]<UL><LI><a href="#[fb]">&gt;&gt;</a>&nbsp;&nbsp;&nbsp;_printf_core
</UL>

<P><STRONG><a name="[113]"></a>__1printf</STRONG> (Thumb, 0 bytes, Stack size 24 bytes, printfa.o(i.__0printf), UNUSED)

<P><STRONG><a name="[114]"></a>__2printf</STRONG> (Thumb, 0 bytes, Stack size 24 bytes, printfa.o(i.__0printf), UNUSED)

<P><STRONG><a name="[115]"></a>__c89printf</STRONG> (Thumb, 0 bytes, Stack size 24 bytes, printfa.o(i.__0printf), UNUSED)

<P><STRONG><a name="[f8]"></a>printf</STRONG> (Thumb, 0 bytes, Stack size 24 bytes, printfa.o(i.__0printf))
<BR><BR>[Stack]<UL><LI>Max Depth = 24<LI>Call Chain = printf
</UL>
<BR>[Called By]<UL><LI><a href="#[88]">&gt;&gt;</a>&nbsp;&nbsp;&nbsp;vPortSVCHandler_C
<LI><a href="#[8a]">&gt;&gt;</a>&nbsp;&nbsp;&nbsp;vTaskSwitchContext
<LI><a href="#[ec]">&gt;&gt;</a>&nbsp;&nbsp;&nbsp;xTaskIncrementTick
</UL>

<P><STRONG><a name="[116]"></a>__scatterload_copy</STRONG> (Thumb, 14 bytes, Stack size unknown bytes, handlers.o(i.__scatterload_copy), UNUSED)

<P><STRONG><a name="[117]"></a>__scatterload_null</STRONG> (Thumb, 2 bytes, Stack size unknown bytes, handlers.o(i.__scatterload_null), UNUSED)

<P><STRONG><a name="[118]"></a>__scatterload_zeroinit</STRONG> (Thumb, 14 bytes, Stack size unknown bytes, handlers.o(i.__scatterload_zeroinit), UNUSED)

<P><STRONG><a name="[89]"></a>fputc</STRONG> (Thumb, 18 bytes, Stack size 16 bytes, fputc.o(i.fputc))
<BR><BR>[Stack]<UL><LI>Max Depth = 16<LI>Call Chain = fputc
</UL>
<BR>[Address Reference Count : 1]<UL><LI> printfa.o(i.__0printf)
</UL><P>
<H3>
Local Symbols
</H3>
<P><STRONG><a name="[ba]"></a>__NVIC_SetPriorityGrouping</STRONG> (Thumb, 60 bytes, Stack size 12 bytes, stm32h5xx_hal_cortex.o(.text.__NVIC_SetPriorityGrouping))
<BR><BR>[Stack]<UL><LI>Max Depth = 12<LI>Call Chain = __NVIC_SetPriorityGrouping
</UL>
<BR>[Called By]<UL><LI><a href="#[a5]">&gt;&gt;</a>&nbsp;&nbsp;&nbsp;HAL_NVIC_SetPriorityGrouping
</UL>

<P><STRONG><a name="[b7]"></a>__NVIC_GetPriorityGrouping</STRONG> (Thumb, 16 bytes, Stack size 0 bytes, stm32h5xx_hal_cortex.o(.text.__NVIC_GetPriorityGrouping))
<BR><BR>[Called By]<UL><LI><a href="#[ae]">&gt;&gt;</a>&nbsp;&nbsp;&nbsp;HAL_NVIC_SetPriority
</UL>

<P><STRONG><a name="[b8]"></a>NVIC_EncodePriority</STRONG> (Thumb, 108 bytes, Stack size 32 bytes, stm32h5xx_hal_cortex.o(.text.NVIC_EncodePriority))
<BR><BR>[Stack]<UL><LI>Max Depth = 32<LI>Call Chain = NVIC_EncodePriority
</UL>
<BR>[Called By]<UL><LI><a href="#[ae]">&gt;&gt;</a>&nbsp;&nbsp;&nbsp;HAL_NVIC_SetPriority
</UL>

<P><STRONG><a name="[b9]"></a>__NVIC_SetPriority</STRONG> (Thumb, 66 bytes, Stack size 8 bytes, stm32h5xx_hal_cortex.o(.text.__NVIC_SetPriority))
<BR><BR>[Stack]<UL><LI>Max Depth = 8<LI>Call Chain = __NVIC_SetPriority
</UL>
<BR>[Called By]<UL><LI><a href="#[ae]">&gt;&gt;</a>&nbsp;&nbsp;&nbsp;HAL_NVIC_SetPriority
</UL>

<P><STRONG><a name="[b6]"></a>__NVIC_EnableIRQ</STRONG> (Thumb, 48 bytes, Stack size 4 bytes, stm32h5xx_hal_cortex.o(.text.__NVIC_EnableIRQ))
<BR><BR>[Stack]<UL><LI>Max Depth = 4<LI>Call Chain = __NVIC_EnableIRQ
</UL>
<BR>[Called By]<UL><LI><a href="#[af]">&gt;&gt;</a>&nbsp;&nbsp;&nbsp;HAL_NVIC_EnableIRQ
</UL>

<P><STRONG><a name="[bb]"></a>RCCEx_PLL2_Config</STRONG> (Thumb, 364 bytes, Stack size 24 bytes, stm32h5xx_hal_rcc_ex.o(.text.RCCEx_PLL2_Config))
<BR><BR>[Stack]<UL><LI>Max Depth = 24<LI>Call Chain = RCCEx_PLL2_Config
</UL>
<BR>[Calls]<UL><LI><a href="#[9f]">&gt;&gt;</a>&nbsp;&nbsp;&nbsp;HAL_GetTick
</UL>
<BR>[Called By]<UL><LI><a href="#[b4]">&gt;&gt;</a>&nbsp;&nbsp;&nbsp;HAL_RCCEx_PeriphCLKConfig
</UL>

<P><STRONG><a name="[bc]"></a>RCCEx_PLL3_Config</STRONG> (Thumb, 364 bytes, Stack size 24 bytes, stm32h5xx_hal_rcc_ex.o(.text.RCCEx_PLL3_Config))
<BR><BR>[Stack]<UL><LI>Max Depth = 24<LI>Call Chain = RCCEx_PLL3_Config
</UL>
<BR>[Calls]<UL><LI><a href="#[9f]">&gt;&gt;</a>&nbsp;&nbsp;&nbsp;HAL_GetTick
</UL>
<BR>[Called By]<UL><LI><a href="#[b4]">&gt;&gt;</a>&nbsp;&nbsp;&nbsp;HAL_RCCEx_PeriphCLKConfig
</UL>

<P><STRONG><a name="[b2]"></a>LPTIM_WaitForFlag</STRONG> (Thumb, 136 bytes, Stack size 20 bytes, stm32h5xx_hal_lptim.o(.text.LPTIM_WaitForFlag))
<BR><BR>[Stack]<UL><LI>Max Depth = 20<LI>Call Chain = LPTIM_WaitForFlag
</UL>
<BR>[Called By]<UL><LI><a href="#[b0]">&gt;&gt;</a>&nbsp;&nbsp;&nbsp;HAL_LPTIM_Init
</UL>

<P><STRONG><a name="[f5]"></a>get_data_from_ROM</STRONG> (Thumb, 8 bytes, Stack size 8 bytes, lcd.o(.text.get_data_from_ROM))
<BR><BR>[Stack]<UL><LI>Max Depth = 32<LI>Call Chain = get_data_from_ROM &rArr; SPI_ReadByte &rArr; HAL_GPIO_ReadPin
</UL>
<BR>[Calls]<UL><LI><a href="#[e8]">&gt;&gt;</a>&nbsp;&nbsp;&nbsp;SPI_ReadByte
</UL>
<BR>[Called By]<UL><LI><a href="#[f3]">&gt;&gt;</a>&nbsp;&nbsp;&nbsp;get_n_bytes_data_from_ROM
</UL>

<P><STRONG><a name="[f9]"></a>prvResetNextTaskUnblockTime</STRONG> (Thumb, 60 bytes, Stack size 0 bytes, tasks.o(.text.prvResetNextTaskUnblockTime))
<BR><BR>[Called By]<UL><LI><a href="#[ec]">&gt;&gt;</a>&nbsp;&nbsp;&nbsp;xTaskIncrementTick
</UL>

<P><STRONG><a name="[fc]"></a>_fp_digits</STRONG> (Thumb, 366 bytes, Stack size 64 bytes, printfa.o(i._fp_digits), UNUSED)
<BR><BR>[Calls]<UL><LI><a href="#[90]">&gt;&gt;</a>&nbsp;&nbsp;&nbsp;__aeabi_uldivmod
<LI><a href="#[99]">&gt;&gt;</a>&nbsp;&nbsp;&nbsp;__aeabi_dmul
<LI><a href="#[9a]">&gt;&gt;</a>&nbsp;&nbsp;&nbsp;__aeabi_ddiv
<LI><a href="#[93]">&gt;&gt;</a>&nbsp;&nbsp;&nbsp;__aeabi_dadd
<LI><a href="#[9b]">&gt;&gt;</a>&nbsp;&nbsp;&nbsp;__aeabi_d2ulz
<LI><a href="#[fd]">&gt;&gt;</a>&nbsp;&nbsp;&nbsp;__aeabi_cdrcmple
</UL>
<BR>[Called By]<UL><LI><a href="#[fb]">&gt;&gt;</a>&nbsp;&nbsp;&nbsp;_printf_core
</UL>

<P><STRONG><a name="[fb]"></a>_printf_core</STRONG> (Thumb, 1744 bytes, Stack size 136 bytes, printfa.o(i._printf_core), UNUSED)
<BR><BR>[Calls]<UL><LI><a href="#[90]">&gt;&gt;</a>&nbsp;&nbsp;&nbsp;__aeabi_uldivmod
<LI><a href="#[100]">&gt;&gt;</a>&nbsp;&nbsp;&nbsp;__aeabi_uidivmod
<LI><a href="#[fe]">&gt;&gt;</a>&nbsp;&nbsp;&nbsp;_printf_pre_padding
<LI><a href="#[ff]">&gt;&gt;</a>&nbsp;&nbsp;&nbsp;_printf_post_padding
<LI><a href="#[fc]">&gt;&gt;</a>&nbsp;&nbsp;&nbsp;_fp_digits
</UL>
<BR>[Called By]<UL><LI><a href="#[fa]">&gt;&gt;</a>&nbsp;&nbsp;&nbsp;__0printf
</UL>

<P><STRONG><a name="[ff]"></a>_printf_post_padding</STRONG> (Thumb, 36 bytes, Stack size 24 bytes, printfa.o(i._printf_post_padding), UNUSED)
<BR><BR>[Called By]<UL><LI><a href="#[fb]">&gt;&gt;</a>&nbsp;&nbsp;&nbsp;_printf_core
</UL>

<P><STRONG><a name="[fe]"></a>_printf_pre_padding</STRONG> (Thumb, 46 bytes, Stack size 24 bytes, printfa.o(i._printf_pre_padding), UNUSED)
<BR><BR>[Called By]<UL><LI><a href="#[fb]">&gt;&gt;</a>&nbsp;&nbsp;&nbsp;_printf_core
</UL>
<P>
<H3>
Undefined Global Symbols
</H3><HR></body></html>
