<!doctype html public "-//w3c//dtd html 4.0 transitional//en">
<html><head>
<title>Static Call Graph - [LCD_Hardware\LCD_Hardware.axf]</title></head>
<body><HR>
<H1>Static Call Graph for image LCD_Hardware\LCD_Hardware.axf</H1><HR>
<BR><P>#&#060CALLGRAPH&#062# ARM Linker, 6240002: Last Updated: Wed May 20 21:19:40 2026
<BR><P>
<H3>Maximum Stack Usage =        912 bytes + Unknown(Cycles, Untraceable Function Pointers)</H3><H3>
Call chain for Maximum Stack Depth:</H3>
LCD_task &rArr; GUI_Exec &rArr; GUI_Exec1 &rArr; WM_Exec &rArr; _Exec1Draw &rArr; _DrawNext &rArr; WM__Paint &rArr; GUI_MEMDEV_Draw &rArr; GUI_MEMDEV_CopyToLCD &rArr; GUI_MEMDEV_CopyToLCDAt &rArr; GUI_MEMDEV__WriteToActiveOpaque &rArr; _WriteToActiveOpaque_8 &rArr; GUI_MEMDEV_GetDataPtr &rArr; GUI_Lock &rArr; GUI_X_Lock &rArr; xQueueSemaphoreTake &rArr; prvUnlockQueue &rArr; prvNotifyQueueSetContainer &rArr; prvCopyDataToQueue &rArr; xTaskPriorityDisinherit &rArr; printf
<P>
<H3>
Mutually Recursive functions
</H3> <LI><a href="#[1f]">SecureFault_Handler</a>&nbsp;&nbsp;&nbsp;&rArr;&nbsp;&nbsp;&nbsp;<a href="#[1f]">SecureFault_Handler</a><BR>
 <LI><a href="#[48]">ADC1_IRQHandler</a>&nbsp;&nbsp;&nbsp;&rArr;&nbsp;&nbsp;&nbsp;<a href="#[48]">ADC1_IRQHandler</a><BR>
 <LI><a href="#[38d]">WM__InvalidateRect</a>&nbsp;&nbsp;&nbsp;&rArr;&nbsp;&nbsp;&nbsp;<a href="#[38d]">WM__InvalidateRect</a><BR>
 <LI><a href="#[376]">WM_InvalidateWindowAndDescsEx</a>&nbsp;&nbsp;&nbsp;&rArr;&nbsp;&nbsp;&nbsp;<a href="#[376]">WM_InvalidateWindowAndDescsEx</a><BR>
 <LI><a href="#[370]">WM__InvalidateDrawAndDescs</a>&nbsp;&nbsp;&nbsp;&rArr;&nbsp;&nbsp;&nbsp;<a href="#[370]">WM__InvalidateDrawAndDescs</a><BR>
 <LI><a href="#[35b]">WM_SendToParent</a>&nbsp;&nbsp;&nbsp;&rArr;&nbsp;&nbsp;&nbsp;<a href="#[37b]">WM__SendMessage</a><BR>
 <LI><a href="#[360]">_DeleteAllChildren</a>&nbsp;&nbsp;&nbsp;&rArr;&nbsp;&nbsp;&nbsp;<a href="#[261]">WM_DeleteWindow</a><BR>
 <LI><a href="#[397]">_PopFreeBlock</a>&nbsp;&nbsp;&nbsp;&rArr;&nbsp;&nbsp;&nbsp;<a href="#[3b1]">_EnlargeBlocks</a><BR>
 <LI><a href="#[283]">_Alloc</a>&nbsp;&nbsp;&nbsp;&rArr;&nbsp;&nbsp;&nbsp;<a href="#[288]">_InitOnce</a><BR>
 <LI><a href="#[3b2]">_Findy1</a>&nbsp;&nbsp;&nbsp;&rArr;&nbsp;&nbsp;&nbsp;<a href="#[3b2]">_Findy1</a><BR>
 <LI><a href="#[3b4]">_Findx1</a>&nbsp;&nbsp;&nbsp;&rArr;&nbsp;&nbsp;&nbsp;<a href="#[3b4]">_Findx1</a><BR>
 <LI><a href="#[3b3]">_Findx0</a>&nbsp;&nbsp;&nbsp;&rArr;&nbsp;&nbsp;&nbsp;<a href="#[3b3]">_Findx0</a><BR>
 <LI><a href="#[392]">_PaintTransChildren</a>&nbsp;&nbsp;&nbsp;&rArr;&nbsp;&nbsp;&nbsp;<a href="#[392]">_PaintTransChildren</a><BR>
 <LI><a href="#[375]">WM_InvalidateWindowAndDescs</a>&nbsp;&nbsp;&nbsp;&rArr;&nbsp;&nbsp;&nbsp;<a href="#[375]">WM_InvalidateWindowAndDescs</a><BR>
 <LI><a href="#[38e]">_MoveDescendants</a>&nbsp;&nbsp;&nbsp;&rArr;&nbsp;&nbsp;&nbsp;<a href="#[38e]">_MoveDescendants</a><BR>
 <LI><a href="#[37c]">WM_ResizeWindow</a>&nbsp;&nbsp;&nbsp;&rArr;&nbsp;&nbsp;&nbsp;<a href="#[342]">WM__UpdateChildPositions</a><BR>
 <LI><a href="#[364]">WM__ForEachDesc</a>&nbsp;&nbsp;&nbsp;&rArr;&nbsp;&nbsp;&nbsp;<a href="#[364]">WM__ForEachDesc</a><BR>
 <LI><a href="#[368]">_GetDialogItem</a>&nbsp;&nbsp;&nbsp;&rArr;&nbsp;&nbsp;&nbsp;<a href="#[368]">_GetDialogItem</a><BR>
</UL>
<P>
<H3>
Function Pointers
</H3><UL>
 <LI><a href="#[48]">ADC1_IRQHandler</a> from startup_stm32h562xx.o(.text) referenced from startup_stm32h562xx.o(RESET)
 <LI><a href="#[68]">ADC2_IRQHandler</a> from startup_stm32h562xx.o(.text) referenced from startup_stm32h562xx.o(RESET)
 <LI><a href="#[1d]">BusFault_Handler</a> from stm32h5xx_it.o(.text.BusFault_Handler) referenced from startup_stm32h562xx.o(RESET)
 <LI><a href="#[92]">CEC_IRQHandler</a> from startup_stm32h562xx.o(.text) referenced from startup_stm32h562xx.o(RESET)
 <LI><a href="#[8d]">CORDIC_IRQHandler</a> from startup_stm32h562xx.o(.text) referenced from startup_stm32h562xx.o(RESET)
 <LI><a href="#[6e]">CRS_IRQHandler</a> from startup_stm32h562xx.o(.text) referenced from startup_stm32h562xx.o(RESET)
 <LI><a href="#[49]">DAC1_IRQHandler</a> from startup_stm32h562xx.o(.text) referenced from startup_stm32h562xx.o(RESET)
 <LI><a href="#[8b]">DCACHE1_IRQHandler</a> from startup_stm32h562xx.o(.text) referenced from startup_stm32h562xx.o(RESET)
 <LI><a href="#[8c]">DCMI_PSSI_IRQHandler</a> from startup_stm32h562xx.o(.text) referenced from startup_stm32h562xx.o(RESET)
 <LI><a href="#[8f]">DTS_IRQHandler</a> from startup_stm32h562xx.o(.text) referenced from startup_stm32h562xx.o(RESET)
 <LI><a href="#[21]">DebugMon_Handler</a> from stm32h5xx_it.o(.text.DebugMon_Handler) referenced from startup_stm32h562xx.o(RESET)
 <LI><a href="#[b1]">EDIT_Callback</a> from edit.o(i.EDIT_Callback) referenced from edit.o(i.EDIT_CreateUser)
 <LI><a href="#[110]">EDIT_CreateIndirect</a> from edit.o(i.EDIT_CreateIndirect) referenced from editmodule.o(.rodata._aCreateInfo)
 <LI><a href="#[2f]">EXTI0_IRQHandler</a> from startup_stm32h562xx.o(.text) referenced from startup_stm32h562xx.o(RESET)
 <LI><a href="#[39]">EXTI10_IRQHandler</a> from startup_stm32h562xx.o(.text) referenced from startup_stm32h562xx.o(RESET)
 <LI><a href="#[3a]">EXTI11_IRQHandler</a> from startup_stm32h562xx.o(.text) referenced from startup_stm32h562xx.o(RESET)
 <LI><a href="#[3b]">EXTI12_IRQHandler</a> from startup_stm32h562xx.o(.text) referenced from startup_stm32h562xx.o(RESET)
 <LI><a href="#[3c]">EXTI13_IRQHandler</a> from stm32h5xx_it.o(.text.EXTI13_IRQHandler) referenced from startup_stm32h562xx.o(RESET)
 <LI><a href="#[3d]">EXTI14_IRQHandler</a> from startup_stm32h562xx.o(.text) referenced from startup_stm32h562xx.o(RESET)
 <LI><a href="#[3e]">EXTI15_IRQHandler</a> from startup_stm32h562xx.o(.text) referenced from startup_stm32h562xx.o(RESET)
 <LI><a href="#[30]">EXTI1_IRQHandler</a> from stm32h5xx_it.o(.text.EXTI1_IRQHandler) referenced from startup_stm32h562xx.o(RESET)
 <LI><a href="#[31]">EXTI2_IRQHandler</a> from startup_stm32h562xx.o(.text) referenced from startup_stm32h562xx.o(RESET)
 <LI><a href="#[32]">EXTI3_IRQHandler</a> from startup_stm32h562xx.o(.text) referenced from startup_stm32h562xx.o(RESET)
 <LI><a href="#[33]">EXTI4_IRQHandler</a> from startup_stm32h562xx.o(.text) referenced from startup_stm32h562xx.o(RESET)
 <LI><a href="#[34]">EXTI5_IRQHandler</a> from startup_stm32h562xx.o(.text) referenced from startup_stm32h562xx.o(RESET)
 <LI><a href="#[35]">EXTI6_IRQHandler</a> from startup_stm32h562xx.o(.text) referenced from startup_stm32h562xx.o(RESET)
 <LI><a href="#[36]">EXTI7_IRQHandler</a> from startup_stm32h562xx.o(.text) referenced from startup_stm32h562xx.o(RESET)
 <LI><a href="#[37]">EXTI8_IRQHandler</a> from startup_stm32h562xx.o(.text) referenced from startup_stm32h562xx.o(RESET)
 <LI><a href="#[38]">EXTI9_IRQHandler</a> from startup_stm32h562xx.o(.text) referenced from startup_stm32h562xx.o(RESET)
 <LI><a href="#[4a]">FDCAN1_IT0_IRQHandler</a> from startup_stm32h562xx.o(.text) referenced from startup_stm32h562xx.o(RESET)
 <LI><a href="#[4b]">FDCAN1_IT1_IRQHandler</a> from startup_stm32h562xx.o(.text) referenced from startup_stm32h562xx.o(RESET)
 <LI><a href="#[2a]">FLASH_IRQHandler</a> from startup_stm32h562xx.o(.text) referenced from startup_stm32h562xx.o(RESET)
 <LI><a href="#[2b]">FLASH_S_IRQHandler</a> from startup_stm32h562xx.o(.text) referenced from startup_stm32h562xx.o(RESET)
 <LI><a href="#[8e]">FMAC_IRQHandler</a> from startup_stm32h562xx.o(.text) referenced from startup_stm32h562xx.o(RESET)
 <LI><a href="#[70]">FMC_IRQHandler</a> from startup_stm32h562xx.o(.text) referenced from startup_stm32h562xx.o(RESET)
 <LI><a href="#[89]">FPU_IRQHandler</a> from startup_stm32h562xx.o(.text) referenced from startup_stm32h562xx.o(RESET)
 <LI><a href="#[3f]">GPDMA1_Channel0_IRQHandler</a> from startup_stm32h562xx.o(.text) referenced from startup_stm32h562xx.o(RESET)
 <LI><a href="#[40]">GPDMA1_Channel1_IRQHandler</a> from startup_stm32h562xx.o(.text) referenced from startup_stm32h562xx.o(RESET)
 <LI><a href="#[41]">GPDMA1_Channel2_IRQHandler</a> from startup_stm32h562xx.o(.text) referenced from startup_stm32h562xx.o(RESET)
 <LI><a href="#[42]">GPDMA1_Channel3_IRQHandler</a> from startup_stm32h562xx.o(.text) referenced from startup_stm32h562xx.o(RESET)
 <LI><a href="#[43]">GPDMA1_Channel4_IRQHandler</a> from startup_stm32h562xx.o(.text) referenced from startup_stm32h562xx.o(RESET)
 <LI><a href="#[44]">GPDMA1_Channel5_IRQHandler</a> from startup_stm32h562xx.o(.text) referenced from startup_stm32h562xx.o(RESET)
 <LI><a href="#[45]">GPDMA1_Channel6_IRQHandler</a> from startup_stm32h562xx.o(.text) referenced from startup_stm32h562xx.o(RESET)
 <LI><a href="#[46]">GPDMA1_Channel7_IRQHandler</a> from startup_stm32h562xx.o(.text) referenced from startup_stm32h562xx.o(RESET)
 <LI><a href="#[7d]">GPDMA2_Channel0_IRQHandler</a> from startup_stm32h562xx.o(.text) referenced from startup_stm32h562xx.o(RESET)
 <LI><a href="#[7e]">GPDMA2_Channel1_IRQHandler</a> from startup_stm32h562xx.o(.text) referenced from startup_stm32h562xx.o(RESET)
 <LI><a href="#[7f]">GPDMA2_Channel2_IRQHandler</a> from startup_stm32h562xx.o(.text) referenced from startup_stm32h562xx.o(RESET)
 <LI><a href="#[80]">GPDMA2_Channel3_IRQHandler</a> from startup_stm32h562xx.o(.text) referenced from startup_stm32h562xx.o(RESET)
 <LI><a href="#[81]">GPDMA2_Channel4_IRQHandler</a> from startup_stm32h562xx.o(.text) referenced from startup_stm32h562xx.o(RESET)
 <LI><a href="#[82]">GPDMA2_Channel5_IRQHandler</a> from startup_stm32h562xx.o(.text) referenced from startup_stm32h562xx.o(RESET)
 <LI><a href="#[83]">GPDMA2_Channel6_IRQHandler</a> from startup_stm32h562xx.o(.text) referenced from startup_stm32h562xx.o(RESET)
 <LI><a href="#[84]">GPDMA2_Channel7_IRQHandler</a> from startup_stm32h562xx.o(.text) referenced from startup_stm32h562xx.o(RESET)
 <LI><a href="#[2c]">GTZC_IRQHandler</a> from startup_stm32h562xx.o(.text) referenced from startup_stm32h562xx.o(RESET)
 <LI><a href="#[cf]">GUIMONO_DispChar</a> from gui_charm.o(i.GUIMONO_DispChar) referenced from f6x8.o(.constdata)
 <LI><a href="#[d0]">GUIMONO_GetCharDistX</a> from gui_charm.o(i.GUIMONO_GetCharDistX) referenced from f6x8.o(.constdata)
 <LI><a href="#[d1]">GUIMONO_GetFontInfo</a> from gui_charm.o(i.GUIMONO_GetFontInfo) referenced from f6x8.o(.constdata)
 <LI><a href="#[d2]">GUIMONO_IsInFont</a> from gui_charm.o(i.GUIMONO_IsInFont) referenced from f6x8.o(.constdata)
 <LI><a href="#[e2]">GUIPROP_DispChar</a> from gui_charp.o(i.GUIPROP_DispChar) referenced from f13_1.o(.constdata)
 <LI><a href="#[e3]">GUIPROP_GetCharDistX</a> from gui_charp.o(i.GUIPROP_GetCharDistX) referenced from f13_1.o(.constdata)
 <LI><a href="#[e4]">GUIPROP_GetFontInfo</a> from gui_charp.o(i.GUIPROP_GetFontInfo) referenced from f13_1.o(.constdata)
 <LI><a href="#[e5]">GUIPROP_IsInFont</a> from gui_charp.o(i.GUIPROP_IsInFont) referenced from f13_1.o(.constdata)
 <LI><a href="#[c5]">GUI_MEMDEV_Paint1Static</a> from guidev_staticdevices.o(i.GUI_MEMDEV_Paint1Static) referenced from wm.o(i._Paint1)
 <LI><a href="#[c4]">GUI_MEMDEV__WriteToActiveAlpha</a> from guidev_writetoactivealpha.o(i.GUI_MEMDEV__WriteToActiveAlpha) referenced from guidev_32.o(i._GetDevFunc)
 <LI><a href="#[b3]">GUI_TIMER_Exec</a> from gui_timer.o(i.GUI_TIMER_Exec) referenced from gui_timer.o(i.GUI_TIMER_Create)
 <LI><a href="#[fa]">GUI_USAGE_BM_AddHLine</a> from guidev_usagebm.o(i.GUI_USAGE_BM_AddHLine) referenced from guidev_usagebm.o(.constdata)
 <LI><a href="#[f9]">GUI_USAGE_BM_AddPixel</a> from guidev_usagebm.o(i.GUI_USAGE_BM_AddPixel) referenced from guidev_usagebm.o(.constdata)
 <LI><a href="#[fb]">GUI_USAGE_BM_Clear</a> from guidev_usagebm.o(i.GUI_USAGE_BM_Clear) referenced from guidev_usagebm.o(.constdata)
 <LI><a href="#[fd]">GUI_USAGE_BM_GetNextDirty</a> from guidev_usagebm.o(i.GUI_USAGE_BM_GetNextDirty) referenced from guidev_usagebm.o(.constdata)
 <LI><a href="#[b]">GUI_X_ExecIdle</a> from gui_x_freertos.o(.text.GUI_X_ExecIdle) referenced 2 times from gui_waitevent.o(.data)
 <LI><a href="#[1]">GUI__DrawCharEXT</a> from gui_encext.o(i.GUI__DrawCharEXT) referenced 2 times from gui_core.o(.data)
 <LI><a href="#[c]">GUI__MixColors</a> from gui__alpha.o(i.GUI__MixColors) referenced 2 times from gui__alpha.o(.data)
 <LI><a href="#[d]">GUI__MixColorsBulk</a> from gui__alpha.o(i.GUI__MixColorsBulk) referenced 2 times from gui__alpha.o(.data)
 <LI><a href="#[f]">GUI__NOBIDI_GetCharWrap</a> from gui__wrap.o(i.GUI__NOBIDI_GetCharWrap) referenced 2 times from gui__wrap.o(.data)
 <LI><a href="#[4]">GUI__NOBIDI_GetCursorCharacter</a> from gui__getcursorpos.o(i.GUI__NOBIDI_GetCursorCharacter) referenced 2 times from gui__getcursorpos.o(.data)
 <LI><a href="#[3]">GUI__NOBIDI_GetCursorPosChar</a> from gui__getcursorpos.o(i.GUI__NOBIDI_GetCursorPosChar) referenced 2 times from gui__getcursorpos.o(.data)
 <LI><a href="#[2]">GUI__NOBIDI_GetCursorPosX</a> from gui__getcursorpos.o(i.GUI__NOBIDI_GetCursorPosX) referenced 2 times from gui__getcursorpos.o(.data)
 <LI><a href="#[e]">GUI__NOBIDI_GetWordWrap</a> from gui__wrap.o(i.GUI__NOBIDI_GetWordWrap) referenced 2 times from gui__wrap.o(.data)
 <LI><a href="#[a]">GUI__NOBIDI_Log2VisBuffered</a> from gui_charline.o(i.GUI__NOBIDI_Log2VisBuffered) referenced 2 times from gui_charline.o(.data)
 <LI><a href="#[91]">HASH_IRQHandler</a> from startup_stm32h562xx.o(.text) referenced from startup_stm32h562xx.o(RESET)
 <LI><a href="#[1b]">HardFault_Handler</a> from stm32h5xx_it.o(.text.HardFault_Handler) referenced from startup_stm32h562xx.o(RESET)
 <LI><a href="#[57]">I2C1_ER_IRQHandler</a> from startup_stm32h562xx.o(.text) referenced from startup_stm32h562xx.o(RESET)
 <LI><a href="#[56]">I2C1_EV_IRQHandler</a> from startup_stm32h562xx.o(.text) referenced from startup_stm32h562xx.o(RESET)
 <LI><a href="#[59]">I2C2_ER_IRQHandler</a> from startup_stm32h562xx.o(.text) referenced from startup_stm32h562xx.o(RESET)
 <LI><a href="#[58]">I2C2_EV_IRQHandler</a> from startup_stm32h562xx.o(.text) referenced from startup_stm32h562xx.o(RESET)
 <LI><a href="#[74]">I2C3_ER_IRQHandler</a> from startup_stm32h562xx.o(.text) referenced from startup_stm32h562xx.o(RESET)
 <LI><a href="#[73]">I2C3_EV_IRQHandler</a> from startup_stm32h562xx.o(.text) referenced from startup_stm32h562xx.o(RESET)
 <LI><a href="#[99]">I2C4_ER_IRQHandler</a> from startup_stm32h562xx.o(.text) referenced from startup_stm32h562xx.o(RESET)
 <LI><a href="#[98]">I2C4_EV_IRQHandler</a> from startup_stm32h562xx.o(.text) referenced from startup_stm32h562xx.o(RESET)
 <LI><a href="#[97]">I3C1_ER_IRQHandler</a> from startup_stm32h562xx.o(.text) referenced from startup_stm32h562xx.o(RESET)
 <LI><a href="#[96]">I3C1_EV_IRQHandler</a> from startup_stm32h562xx.o(.text) referenced from startup_stm32h562xx.o(RESET)
 <LI><a href="#[8a]">ICACHE_IRQHandler</a> from startup_stm32h562xx.o(.text) referenced from startup_stm32h562xx.o(RESET)
 <LI><a href="#[47]">IWDG_IRQHandler</a> from startup_stm32h562xx.o(.text) referenced from startup_stm32h562xx.o(RESET)
 <LI><a href="#[18]">LCD_AA_MixColors16</a> from lcd_aa.o(i.LCD_AA_MixColors16) referenced 2 times from lcd_aa.o(.data)
 <LI><a href="#[c8]">LCD_DrawHLine</a> from lcd.o(i.LCD_DrawHLine) referenced from gui_core.o(.constdata)
 <LI><a href="#[c9]">LCD_DrawPixel</a> from lcd.o(i.LCD_DrawPixel) referenced from gui_core.o(.constdata)
 <LI><a href="#[0]">LCD_GetpPalConvTableBM</a> from lcd_color.o(i.LCD_GetpPalConvTableBM) referenced 2 times from gui_core.o(.data)
 <LI><a href="#[cb]">LCD_Index2Color_565</a> from guicc_565.o(i.LCD_Index2Color_565) referenced from guicc_565.o(.constdata)
 <LI><a href="#[b6]">LCD_Index2Color_8888</a> from guicc_8888_index2color.o(i.LCD_Index2Color_8888) referenced from guicc_8888.o(.constdata)
 <LI><a href="#[b6]">LCD_Index2Color_8888</a> from guicc_8888_index2color.o(i.LCD_Index2Color_8888) referenced from gui__alpha.o(i.GUI__DoAlphaBlending)
 <LI><a href="#[b6]">LCD_Index2Color_8888</a> from guicc_8888_index2color.o(i.LCD_Index2Color_8888) referenced from guidev_writetoactivealpha.o(i._WriteToActiveAlpha)
 <LI><a href="#[b9]">LCD_SetPixelAA4_NoTrans</a> from lcd_aa.o(i.LCD_SetPixelAA4_NoTrans) referenced from lcd_aa.o(i.LCD__GetPfSetPixel)
 <LI><a href="#[ba]">LCD_SetPixelAA4_Trans</a> from lcd_aa.o(i.LCD_SetPixelAA4_Trans) referenced from lcd_aa.o(i.LCD__GetPfSetPixel)
 <LI><a href="#[bb]">LCD_SetPixelAA8_NoTrans</a> from lcd_aa.o(i.LCD_SetPixelAA8_NoTrans) referenced from lcd_aa.o(i.LCD__GetPfSetPixel)
 <LI><a href="#[bc]">LCD_SetPixelAA8_Trans</a> from lcd_aa.o(i.LCD_SetPixelAA8_Trans) referenced from lcd_aa.o(i.LCD__GetPfSetPixel)
 <LI><a href="#[ac]">LCD_task</a> from app.o(.text.LCD_task) referenced 2 times from app.o(.text.app_start)
 <LI><a href="#[63]">LPTIM1_IRQHandler</a> from startup_stm32h562xx.o(.text) referenced from startup_stm32h562xx.o(RESET)
 <LI><a href="#[69]">LPTIM2_IRQHandler</a> from startup_stm32h562xx.o(.text) referenced from startup_stm32h562xx.o(RESET)
 <LI><a href="#[9a]">LPTIM3_IRQHandler</a> from startup_stm32h562xx.o(.text) referenced from startup_stm32h562xx.o(RESET)
 <LI><a href="#[9b]">LPTIM4_IRQHandler</a> from startup_stm32h562xx.o(.text) referenced from startup_stm32h562xx.o(RESET)
 <LI><a href="#[9c]">LPTIM5_IRQHandler</a> from startup_stm32h562xx.o(.text) referenced from startup_stm32h562xx.o(RESET)
 <LI><a href="#[9d]">LPTIM6_IRQHandler</a> from startup_stm32h562xx.o(.text) referenced from startup_stm32h562xx.o(RESET)
 <LI><a href="#[62]">LPUART1_IRQHandler</a> from startup_stm32h562xx.o(.text) referenced from startup_stm32h562xx.o(RESET)
 <LI><a href="#[1c]">MemManage_Handler</a> from stm32h5xx_it.o(.text.MemManage_Handler) referenced from startup_stm32h562xx.o(RESET)
 <LI><a href="#[1a]">NMI_Handler</a> from stm32h5xx_it.o(.text.NMI_Handler) referenced from startup_stm32h562xx.o(RESET)
 <LI><a href="#[71]">OCTOSPI1_IRQHandler</a> from startup_stm32h562xx.o(.text) referenced from startup_stm32h562xx.o(RESET)
 <LI><a href="#[25]">PVD_AVD_IRQHandler</a> from startup_stm32h562xx.o(.text) referenced from startup_stm32h562xx.o(RESET)
 <LI><a href="#[22]">PendSV_Handler</a> from portasm.o(.text.PendSV_Handler) referenced from startup_stm32h562xx.o(RESET)
 <LI><a href="#[29]">RAMCFG_IRQHandler</a> from startup_stm32h562xx.o(.text) referenced from startup_stm32h562xx.o(RESET)
 <LI><a href="#[2d]">RCC_IRQHandler</a> from startup_stm32h562xx.o(.text) referenced from startup_stm32h562xx.o(RESET)
 <LI><a href="#[2e]">RCC_S_IRQHandler</a> from startup_stm32h562xx.o(.text) referenced from startup_stm32h562xx.o(RESET)
 <LI><a href="#[90]">RNG_IRQHandler</a> from startup_stm32h562xx.o(.text) referenced from startup_stm32h562xx.o(RESET)
 <LI><a href="#[26]">RTC_IRQHandler</a> from startup_stm32h562xx.o(.text) referenced from startup_stm32h562xx.o(RESET)
 <LI><a href="#[27]">RTC_S_IRQHandler</a> from startup_stm32h562xx.o(.text) referenced from startup_stm32h562xx.o(RESET)
 <LI><a href="#[19]">Reset_Handler</a> from startup_stm32h562xx.o(.text) referenced from startup_stm32h562xx.o(RESET)
 <LI><a href="#[7b]">SAI1_IRQHandler</a> from startup_stm32h562xx.o(.text) referenced from startup_stm32h562xx.o(RESET)
 <LI><a href="#[7c]">SAI2_IRQHandler</a> from startup_stm32h562xx.o(.text) referenced from startup_stm32h562xx.o(RESET)
 <LI><a href="#[72]">SDMMC1_IRQHandler</a> from startup_stm32h562xx.o(.text) referenced from startup_stm32h562xx.o(RESET)
 <LI><a href="#[5a]">SPI1_IRQHandler</a> from startup_stm32h562xx.o(.text) referenced from startup_stm32h562xx.o(RESET)
 <LI><a href="#[5b]">SPI2_IRQHandler</a> from stm32h5xx_it.o(.text.SPI2_IRQHandler) referenced from startup_stm32h562xx.o(RESET)
 <LI><a href="#[5c]">SPI3_IRQHandler</a> from startup_stm32h562xx.o(.text) referenced from startup_stm32h562xx.o(RESET)
 <LI><a href="#[75]">SPI4_IRQHandler</a> from startup_stm32h562xx.o(.text) referenced from startup_stm32h562xx.o(RESET)
 <LI><a href="#[76]">SPI5_IRQHandler</a> from startup_stm32h562xx.o(.text) referenced from startup_stm32h562xx.o(RESET)
 <LI><a href="#[77]">SPI6_IRQHandler</a> from startup_stm32h562xx.o(.text) referenced from startup_stm32h562xx.o(RESET)
 <LI><a href="#[a2]">SPI_DMAAbortOnError</a> from stm32h5xx_hal_spi.o(.text.SPI_DMAAbortOnError) referenced 4 times from stm32h5xx_hal_spi.o(.text.HAL_SPI_IRQHandler)
 <LI><a href="#[20]">SVC_Handler</a> from portasm.o(.text.SVC_Handler) referenced from startup_stm32h562xx.o(RESET)
 <LI><a href="#[1f]">SecureFault_Handler</a> from startup_stm32h562xx.o(.text) referenced from startup_stm32h562xx.o(RESET)
 <LI><a href="#[23]">SysTick_Handler</a> from port.o(.text.SysTick_Handler) referenced from startup_stm32h562xx.o(RESET)
 <LI><a href="#[9f]">SystemInit</a> from system_stm32h5xx.o(.text.SystemInit) referenced from startup_stm32h562xx.o(.text)
 <LI><a href="#[28]">TAMP_IRQHandler</a> from startup_stm32h562xx.o(.text) referenced from startup_stm32h562xx.o(RESET)
 <LI><a href="#[bd]">TEXT_Callback</a> from text.o(i.TEXT_Callback) referenced from text.o(i.TEXT_CreateUser)
 <LI><a href="#[10f]">TEXT_CreateIndirect</a> from text.o(i.TEXT_CreateIndirect) referenced from editmodule.o(.rodata._aCreateInfo)
 <LI><a href="#[93]">TIM12_IRQHandler</a> from startup_stm32h562xx.o(.text) referenced from startup_stm32h562xx.o(RESET)
 <LI><a href="#[94]">TIM13_IRQHandler</a> from startup_stm32h562xx.o(.text) referenced from startup_stm32h562xx.o(RESET)
 <LI><a href="#[95]">TIM14_IRQHandler</a> from startup_stm32h562xx.o(.text) referenced from startup_stm32h562xx.o(RESET)
 <LI><a href="#[6a]">TIM15_IRQHandler</a> from startup_stm32h562xx.o(.text) referenced from startup_stm32h562xx.o(RESET)
 <LI><a href="#[6b]">TIM16_IRQHandler</a> from startup_stm32h562xx.o(.text) referenced from startup_stm32h562xx.o(RESET)
 <LI><a href="#[6c]">TIM17_IRQHandler</a> from startup_stm32h562xx.o(.text) referenced from startup_stm32h562xx.o(RESET)
 <LI><a href="#[4c]">TIM1_BRK_IRQHandler</a> from startup_stm32h562xx.o(.text) referenced from startup_stm32h562xx.o(RESET)
 <LI><a href="#[4f]">TIM1_CC_IRQHandler</a> from startup_stm32h562xx.o(.text) referenced from startup_stm32h562xx.o(RESET)
 <LI><a href="#[4e]">TIM1_TRG_COM_IRQHandler</a> from startup_stm32h562xx.o(.text) referenced from startup_stm32h562xx.o(RESET)
 <LI><a href="#[4d]">TIM1_UP_IRQHandler</a> from startup_stm32h562xx.o(.text) referenced from startup_stm32h562xx.o(RESET)
 <LI><a href="#[50]">TIM2_IRQHandler</a> from stm32h5xx_it.o(.text.TIM2_IRQHandler) referenced from startup_stm32h562xx.o(RESET)
 <LI><a href="#[51]">TIM3_IRQHandler</a> from startup_stm32h562xx.o(.text) referenced from startup_stm32h562xx.o(RESET)
 <LI><a href="#[52]">TIM4_IRQHandler</a> from startup_stm32h562xx.o(.text) referenced from startup_stm32h562xx.o(RESET)
 <LI><a href="#[53]">TIM5_IRQHandler</a> from startup_stm32h562xx.o(.text) referenced from startup_stm32h562xx.o(RESET)
 <LI><a href="#[54]">TIM6_IRQHandler</a> from startup_stm32h562xx.o(.text) referenced from startup_stm32h562xx.o(RESET)
 <LI><a href="#[55]">TIM7_IRQHandler</a> from startup_stm32h562xx.o(.text) referenced from startup_stm32h562xx.o(RESET)
 <LI><a href="#[64]">TIM8_BRK_IRQHandler</a> from startup_stm32h562xx.o(.text) referenced from startup_stm32h562xx.o(RESET)
 <LI><a href="#[67]">TIM8_CC_IRQHandler</a> from startup_stm32h562xx.o(.text) referenced from startup_stm32h562xx.o(RESET)
 <LI><a href="#[66]">TIM8_TRG_COM_IRQHandler</a> from startup_stm32h562xx.o(.text) referenced from startup_stm32h562xx.o(RESET)
 <LI><a href="#[65]">TIM8_UP_IRQHandler</a> from startup_stm32h562xx.o(.text) referenced from startup_stm32h562xx.o(RESET)
 <LI><a href="#[88]">UART12_IRQHandler</a> from startup_stm32h562xx.o(.text) referenced from startup_stm32h562xx.o(RESET)
 <LI><a href="#[60]">UART4_IRQHandler</a> from startup_stm32h562xx.o(.text) referenced from startup_stm32h562xx.o(RESET)
 <LI><a href="#[61]">UART5_IRQHandler</a> from startup_stm32h562xx.o(.text) referenced from startup_stm32h562xx.o(RESET)
 <LI><a href="#[85]">UART7_IRQHandler</a> from startup_stm32h562xx.o(.text) referenced from startup_stm32h562xx.o(RESET)
 <LI><a href="#[86]">UART8_IRQHandler</a> from startup_stm32h562xx.o(.text) referenced from startup_stm32h562xx.o(RESET)
 <LI><a href="#[87]">UART9_IRQHandler</a> from startup_stm32h562xx.o(.text) referenced from startup_stm32h562xx.o(RESET)
 <LI><a href="#[a3]">UART_DMAAbortOnError</a> from stm32h5xx_hal_uart.o(.text.UART_DMAAbortOnError) referenced 2 times from stm32h5xx_hal_uart.o(.text.HAL_UART_IRQHandler)
 <LI><a href="#[6f]">UCPD1_IRQHandler</a> from startup_stm32h562xx.o(.text) referenced from startup_stm32h562xx.o(RESET)
 <LI><a href="#[79]">USART10_IRQHandler</a> from startup_stm32h562xx.o(.text) referenced from startup_stm32h562xx.o(RESET)
 <LI><a href="#[7a]">USART11_IRQHandler</a> from startup_stm32h562xx.o(.text) referenced from startup_stm32h562xx.o(RESET)
 <LI><a href="#[5d]">USART1_IRQHandler</a> from stm32h5xx_it.o(.text.USART1_IRQHandler) referenced from startup_stm32h562xx.o(RESET)
 <LI><a href="#[5e]">USART2_IRQHandler</a> from startup_stm32h562xx.o(.text) referenced from startup_stm32h562xx.o(RESET)
 <LI><a href="#[5f]">USART3_IRQHandler</a> from startup_stm32h562xx.o(.text) referenced from startup_stm32h562xx.o(RESET)
 <LI><a href="#[78]">USART6_IRQHandler</a> from startup_stm32h562xx.o(.text) referenced from startup_stm32h562xx.o(RESET)
 <LI><a href="#[6d]">USB_DRD_FS_IRQHandler</a> from startup_stm32h562xx.o(.text) referenced from startup_stm32h562xx.o(RESET)
 <LI><a href="#[1e]">UsageFault_Handler</a> from stm32h5xx_it.o(.text.UsageFault_Handler) referenced from startup_stm32h562xx.o(RESET)
 <LI><a href="#[be]">WINDOW_Callback</a> from window.o(i.WINDOW_Callback) referenced from window.o(i.WINDOW_CreateUser)
 <LI><a href="#[10e]">WINDOW_CreateIndirect</a> from window.o(i.WINDOW_CreateIndirect) referenced from editmodule.o(.rodata._aCreateInfo)
 <LI><a href="#[c6]">WM__Paint1</a> from wm.o(i.WM__Paint1) referenced from wm.o(i._Paint1)
 <LI><a href="#[24]">WWDG_IRQHandler</a> from startup_stm32h562xx.o(.text) referenced from startup_stm32h562xx.o(RESET)
 <LI><a href="#[d9]">_CalcSizeOfChar</a> from gui_uc.o(i._CalcSizeOfChar) referenced 2 times from gui_uc.o(.constdata)
 <LI><a href="#[cd]">_Color2IndexBulk</a> from guicc_565.o(i._Color2IndexBulk) referenced 2 times from guicc_565.o(.constdata)
 <LI><a href="#[e6]">_Color2Index_0</a> from guicc_0.o(i._Color2Index_0) referenced from guicc_0.o(.constdata)
 <LI><a href="#[ca]">_Color2Index_565</a> from guicc_565.o(i._Color2Index_565) referenced from guicc_565.o(.constdata)
 <LI><a href="#[e9]">_Color2Index_8888</a> from guicc_8888.o(i._Color2Index_8888) referenced from guicc_8888.o(.constdata)
 <LI><a href="#[ed]">_DrawBitmap</a> from guidev_32.o(i._DrawBitmap) referenced from guidev_32.o(.constdata)
 <LI><a href="#[102]">_DrawBitmap</a> from guidrv_template_st7789.o(.text._DrawBitmap) referenced from guidrv_template_st7789.o(.rodata.GUIDRV_ST7789_API)
 <LI><a href="#[10]">_DrawBitmap180</a> from lcd_rotate180.o(i._DrawBitmap180) referenced 2 times from lcd_rotate180.o(.data)
 <LI><a href="#[12]">_DrawBitmapCCW</a> from lcd_rotateccw.o(i._DrawBitmapCCW) referenced 2 times from lcd_rotateccw.o(.data)
 <LI><a href="#[15]">_DrawBitmapCW</a> from lcd_rotatecw.o(i._DrawBitmapCW) referenced 2 times from lcd_rotatecw.o(.data)
 <LI><a href="#[100]">_DrawDown</a> from widget_effect_simple.o(i._DrawDown) referenced from widget_effect_simple.o(.constdata)
 <LI><a href="#[101]">_DrawDownRect</a> from widget_effect_simple.o(i._DrawDownRect) referenced from widget_effect_simple.o(.constdata)
 <LI><a href="#[ee]">_DrawHLine</a> from guidev_32.o(i._DrawHLine) referenced from guidev_32.o(.constdata)
 <LI><a href="#[103]">_DrawHLine</a> from guidrv_template_st7789.o(.text._DrawHLine) referenced from guidrv_template_st7789.o(.rodata.GUIDRV_ST7789_API)
 <LI><a href="#[d6]">_DrawNonExistingCharacter</a> from gui_char.o(i._DrawNonExistingCharacter) referenced from gui_char.o(.constdata)
 <LI><a href="#[d4]">_DrawNonExistingCharacter_Dummy</a> from gui_char.o(i._DrawNonExistingCharacter_Dummy) referenced from gui_char.o(.constdata)
 <LI><a href="#[fe]">_DrawUp</a> from widget_effect_simple.o(i._DrawUp) referenced from widget_effect_simple.o(.constdata)
 <LI><a href="#[ff]">_DrawUpRect</a> from widget_effect_simple.o(i._DrawUpRect) referenced from widget_effect_simple.o(.constdata)
 <LI><a href="#[ef]">_DrawVLine</a> from guidev_32.o(i._DrawVLine) referenced from guidev_32.o(.constdata)
 <LI><a href="#[104]">_DrawVLine</a> from guidrv_template_st7789.o(.text._DrawVLine) referenced from guidrv_template_st7789.o(.rodata.GUIDRV_ST7789_API)
 <LI><a href="#[da]">_Encode</a> from gui_uc.o(i._Encode) referenced 2 times from gui_uc.o(.constdata)
 <LI><a href="#[f0]">_FillRect</a> from guidev_32.o(i._FillRect) referenced from guidev_32.o(.constdata)
 <LI><a href="#[105]">_FillRect</a> from guidrv_template_st7789.o(.text._FillRect) referenced from guidrv_template_st7789.o(.rodata.GUIDRV_ST7789_API)
 <LI><a href="#[fc]">_GUI_USAGE_BM_Delete</a> from guidev_usagebm.o(i._GUI_USAGE_BM_Delete) referenced from guidev_usagebm.o(.constdata)
 <LI><a href="#[d7]">_GetCharCode</a> from gui_uc.o(i._GetCharCode) referenced 2 times from gui_uc.o(.constdata)
 <LI><a href="#[d8]">_GetCharSize</a> from gui_uc.o(i._GetCharSize) referenced 2 times from gui_uc.o(.constdata)
 <LI><a href="#[f7]">_GetDevData</a> from guidev_32.o(i._GetDevData) referenced from guidev_32.o(.constdata)
 <LI><a href="#[10c]">_GetDevData</a> from guidrv_template_st7789.o(.text._GetDevData) referenced from guidrv_template_st7789.o(.rodata.GUIDRV_ST7789_API)
 <LI><a href="#[f5]">_GetDevFunc</a> from guidev_32.o(i._GetDevFunc) referenced from guidev_32.o(.constdata)
 <LI><a href="#[10a]">_GetDevFunc</a> from guidrv_template_st7789.o(.text._GetDevFunc) referenced from guidrv_template_st7789.o(.rodata.GUIDRV_ST7789_API)
 <LI><a href="#[f6]">_GetDevProp</a> from guidev_32.o(i._GetDevProp) referenced from guidev_32.o(.constdata)
 <LI><a href="#[10b]">_GetDevProp</a> from guidrv_template_st7789.o(.text._GetDevProp) referenced from guidrv_template_st7789.o(.rodata.GUIDRV_ST7789_API)
 <LI><a href="#[e8]">_GetIndexMask_0</a> from guicc_0.o(i._GetIndexMask_0) referenced from guicc_0.o(.constdata)
 <LI><a href="#[cc]">_GetIndexMask_565</a> from guicc_565.o(i._GetIndexMask_565) referenced from guicc_565.o(.constdata)
 <LI><a href="#[ea]">_GetIndexMask_8888</a> from guicc_8888.o(i._GetIndexMask_8888) referenced from guicc_8888.o(.constdata)
 <LI><a href="#[d5]">_GetNonExistingCharWidth</a> from gui_char.o(i._GetNonExistingCharWidth) referenced from gui_char.o(.constdata)
 <LI><a href="#[d3]">_GetNonExistingCharWidth_Dummy</a> from gui_char.o(i._GetNonExistingCharWidth_Dummy) referenced from gui_char.o(.constdata)
 <LI><a href="#[f1]">_GetPixelIndex</a> from guidev_32.o(i._GetPixelIndex) referenced from guidev_32.o(.constdata)
 <LI><a href="#[106]">_GetPixelIndex</a> from guidrv_template_st7789.o(.text._GetPixelIndex) referenced from guidrv_template_st7789.o(.rodata.GUIDRV_ST7789_API)
 <LI><a href="#[f8]">_GetRect</a> from guidev_32.o(i._GetRect) referenced from guidev_32.o(.constdata)
 <LI><a href="#[10d]">_GetRect</a> from guidrv_template_st7789.o(.text._GetRect) referenced from guidrv_template_st7789.o(.rodata.GUIDRV_ST7789_API)
 <LI><a href="#[ce]">_Index2ColorBulk</a> from guicc_565.o(i._Index2ColorBulk) referenced 2 times from guicc_565.o(.constdata)
 <LI><a href="#[e7]">_Index2Color_0</a> from guicc_0.o(i._Index2Color_0) referenced from guicc_0.o(.constdata)
 <LI><a href="#[a8]">_Init</a> from guidrv_template_st7789.o(.text._Init) referenced 2 times from guidrv_template_st7789.o(.text._GetDevFunc)
 <LI><a href="#[aa]">_Off</a> from guidrv_template_st7789.o(.text._Off) referenced 2 times from guidrv_template_st7789.o(.text._GetDevFunc)
 <LI><a href="#[a9]">_On</a> from guidrv_template_st7789.o(.text._On) referenced 2 times from guidrv_template_st7789.o(.text._GetDevFunc)
 <LI><a href="#[b2]">_OnExit</a> from gui_task.o(i._OnExit) referenced from gui_task.o(i.GUITASK_Init)
 <LI><a href="#[b4]">_OnExit</a> from gui_timer.o(i._OnExit) referenced from gui_timer.o(i.GUI_TIMER_Create)
 <LI><a href="#[b5]">_OnExit</a> from gui_core.o(i._OnExit) referenced from gui_core.o(i.GUI__Config)
 <LI><a href="#[b7]">_OnExit</a> from gui__alpha.o(i._OnExit) referenced from gui__alpha.o(i.GUI__GetAlphaBuffer)
 <LI><a href="#[b8]">_OnExit</a> from lcd_color.o(i._OnExit) referenced from lcd_color.o(i.LCD_InitColors)
 <LI><a href="#[c2]">_OnExit</a> from wm.o(i._OnExit) referenced from wm.o(i.WM_Init)
 <LI><a href="#[11]">_Rect2TextRect</a> from lcd_rotate180.o(i._Rect2TextRect) referenced 6 times from lcd_rotate180.o(.data)
 <LI><a href="#[e0]">_SetBkColor</a> from lcd.o(i._SetBkColor) referenced from lcd.o(.constdata)
 <LI><a href="#[df]">_SetColor</a> from lcd.o(i._SetColor) referenced from lcd.o(.constdata)
 <LI><a href="#[e1]">_SetDrawMode</a> from lcd.o(i._SetDrawMode) referenced from lcd.o(.constdata)
 <LI><a href="#[ab]">_SetLUTEntry</a> from guidrv_template_st7789.o(.text._SetLUTEntry) referenced 2 times from guidrv_template_st7789.o(.text._GetDevFunc)
 <LI><a href="#[f4]">_SetOrg</a> from guidev_32.o(i._SetOrg) referenced from guidev_32.o(.constdata)
 <LI><a href="#[109]">_SetOrg</a> from guidrv_template_st7789.o(.text._SetOrg) referenced from guidrv_template_st7789.o(.rodata.GUIDRV_ST7789_API)
 <LI><a href="#[f2]">_SetPixelIndex</a> from guidev_32.o(i._SetPixelIndex) referenced from guidev_32.o(.constdata)
 <LI><a href="#[107]">_SetPixelIndex</a> from guidrv_template_st7789.o(.text._SetPixelIndex) referenced from guidrv_template_st7789.o(.rodata.GUIDRV_ST7789_API)
 <LI><a href="#[a7]">_SetSize</a> from guidrv_template_st7789.o(.text._SetSize) referenced 2 times from guidrv_template_st7789.o(.text._GetDevFunc)
 <LI><a href="#[a5]">_SetVRAMAddr</a> from guidrv_template_st7789.o(.text._SetVRAMAddr) referenced 2 times from guidrv_template_st7789.o(.text._GetDevFunc)
 <LI><a href="#[a6]">_SetVSize</a> from guidrv_template_st7789.o(.text._SetVSize) referenced 2 times from guidrv_template_st7789.o(.text._GetDevFunc)
 <LI><a href="#[14]">_TransformRect</a> from lcd_rotateccw.o(i._TransformRect) referenced 4 times from lcd_rotateccw.o(.data)
 <LI><a href="#[f3]">_XorPixel</a> from guidev_32.o(i._XorPixel) referenced from guidev_32.o(.constdata)
 <LI><a href="#[108]">_XorPixel</a> from guidrv_template_st7789.o(.text._XorPixel) referenced from guidrv_template_st7789.o(.rodata.GUIDRV_ST7789_API)
 <LI><a href="#[a0]">__main</a> from entry.o(.ARM.Collect$$$$00000000) referenced from startup_stm32h562xx.o(.text)
 <LI><a href="#[c1]">_cbBackWin</a> from wm.o(i._cbBackWin) referenced from wm.o(i.WM_Init)
 <LI><a href="#[a1]">_cbDialog</a> from editmodule.o(.text._cbDialog) referenced 2 times from editmodule.o(.text.EditModule_Create)
 <LI><a href="#[bf]">_cbInvalidateOne</a> from wm_lib.o(i._cbInvalidateOne) referenced from wm_lib.o(i.WM_BringToTop)
 <LI><a href="#[c3]">_cbPaintMemDev</a> from wm.o(i._cbPaintMemDev) referenced from wm.o(i.WM__Paint)
 <LI><a href="#[c0]">_cbTimer</a> from wm_timer.o(i._cbTimer) referenced from wm_timer.o(i.WM_CreateTimer)
 <LI><a href="#[ae]">_cbfatherDialog</a> from editmodule.o(.text._cbfatherDialog) referenced 2 times from editmodule.o(.text.set_fatherwin)
 <LI><a href="#[c7]">fputc</a> from stm32h5xx_it.o(.text.fputc) referenced from printfa.o(i.__0printf)
 <LI><a href="#[9e]">main</a> from main.o(.text.main) referenced from entry9a.o(.ARM.Collect$$$$0000000B)
 <LI><a href="#[6]">memcpy</a> from memmove.o(.text) referenced 2 times from gui__private.o(.data)
 <LI><a href="#[5]">memset</a> from memseta.o(.text) referenced 2 times from gui__private.o(.data)
 <LI><a href="#[af]">prvIdleTask</a> from tasks.o(.text.prvIdleTask) referenced 2 times from tasks.o(.text.vTaskStartScheduler)
 <LI><a href="#[ad]">prvTaskExitError</a> from port.o(.text.prvTaskExitError) referenced 2 times from port.o(.text.pxPortInitialiseStack)
 <LI><a href="#[b0]">prvTimerTask</a> from timers.o(.text.prvTimerTask) referenced 2 times from timers.o(.text.xTimerCreateTimerTask)
 <LI><a href="#[7]">strcmp</a> from strcmp.o(.text) referenced 2 times from gui__private.o(.data)
 <LI><a href="#[9]">strcpy</a> from strcpy.o(.text) referenced 2 times from gui__private.o(.data)
 <LI><a href="#[8]">strlen</a> from strlen.o(.text) referenced 2 times from gui__private.o(.data)
 <LI><a href="#[a4]">vPortSVCHandler_C</a> from port.o(.text.vPortSVCHandler_C) referenced from portasm.o(.text.SVC_Handler)
</UL>
<P>
<H3>
Global Symbols
</H3>
<P><STRONG><a name="[a0]"></a>__main</STRONG> (Thumb, 0 bytes, Stack size unknown bytes, entry.o(.ARM.Collect$$$$00000000))
<BR>[Address Reference Count : 1]<UL><LI> startup_stm32h562xx.o(.text)
</UL>
<P><STRONG><a name="[3c3]"></a>_main_stk</STRONG> (Thumb, 0 bytes, Stack size unknown bytes, entry2.o(.ARM.Collect$$$$00000001))

<P><STRONG><a name="[112]"></a>_main_scatterload</STRONG> (Thumb, 0 bytes, Stack size unknown bytes, entry5.o(.ARM.Collect$$$$00000004))
<BR><BR>[Calls]<UL><LI><a href="#[113]">&gt;&gt;</a>&nbsp;&nbsp;&nbsp;__scatterload
</UL>

<P><STRONG><a name="[122]"></a>__main_after_scatterload</STRONG> (Thumb, 0 bytes, Stack size unknown bytes, entry5.o(.ARM.Collect$$$$00000004))
<BR><BR>[Called By]<UL><LI><a href="#[113]">&gt;&gt;</a>&nbsp;&nbsp;&nbsp;__scatterload
</UL>

<P><STRONG><a name="[3c4]"></a>_main_clock</STRONG> (Thumb, 0 bytes, Stack size unknown bytes, entry7b.o(.ARM.Collect$$$$00000008))

<P><STRONG><a name="[3c5]"></a>_main_cpp_init</STRONG> (Thumb, 0 bytes, Stack size unknown bytes, entry8b.o(.ARM.Collect$$$$0000000A))

<P><STRONG><a name="[3c6]"></a>_main_init</STRONG> (Thumb, 0 bytes, Stack size unknown bytes, entry9a.o(.ARM.Collect$$$$0000000B))

<P><STRONG><a name="[3c7]"></a>__rt_final_cpp</STRONG> (Thumb, 0 bytes, Stack size unknown bytes, entry10a.o(.ARM.Collect$$$$0000000D))

<P><STRONG><a name="[3c8]"></a>__rt_final_exit</STRONG> (Thumb, 0 bytes, Stack size unknown bytes, entry11a.o(.ARM.Collect$$$$0000000F))

<P><STRONG><a name="[19]"></a>Reset_Handler</STRONG> (Thumb, 8 bytes, Stack size 0 bytes, startup_stm32h562xx.o(.text))
<BR>[Address Reference Count : 1]<UL><LI> startup_stm32h562xx.o(RESET)
</UL>
<P><STRONG><a name="[1f]"></a>SecureFault_Handler</STRONG> (Thumb, 2 bytes, Stack size 0 bytes, startup_stm32h562xx.o(.text))
<BR><BR>[Calls]<UL><LI><a href="#[1f]">&gt;&gt;</a>&nbsp;&nbsp;&nbsp;SecureFault_Handler
</UL>
<BR>[Called By]<UL><LI><a href="#[1f]">&gt;&gt;</a>&nbsp;&nbsp;&nbsp;SecureFault_Handler
</UL>
<BR>[Address Reference Count : 1]<UL><LI> startup_stm32h562xx.o(RESET)
</UL>
<P><STRONG><a name="[48]"></a>ADC1_IRQHandler</STRONG> (Thumb, 0 bytes, Stack size 0 bytes, startup_stm32h562xx.o(.text))
<BR><BR>[Calls]<UL><LI><a href="#[48]">&gt;&gt;</a>&nbsp;&nbsp;&nbsp;ADC1_IRQHandler
</UL>
<BR>[Called By]<UL><LI><a href="#[48]">&gt;&gt;</a>&nbsp;&nbsp;&nbsp;ADC1_IRQHandler
</UL>
<BR>[Address Reference Count : 1]<UL><LI> startup_stm32h562xx.o(RESET)
</UL>
<P><STRONG><a name="[68]"></a>ADC2_IRQHandler</STRONG> (Thumb, 0 bytes, Stack size 0 bytes, startup_stm32h562xx.o(.text))
<BR>[Address Reference Count : 1]<UL><LI> startup_stm32h562xx.o(RESET)
</UL>
<P><STRONG><a name="[92]"></a>CEC_IRQHandler</STRONG> (Thumb, 0 bytes, Stack size 0 bytes, startup_stm32h562xx.o(.text))
<BR>[Address Reference Count : 1]<UL><LI> startup_stm32h562xx.o(RESET)
</UL>
<P><STRONG><a name="[8d]"></a>CORDIC_IRQHandler</STRONG> (Thumb, 0 bytes, Stack size 0 bytes, startup_stm32h562xx.o(.text))
<BR>[Address Reference Count : 1]<UL><LI> startup_stm32h562xx.o(RESET)
</UL>
<P><STRONG><a name="[6e]"></a>CRS_IRQHandler</STRONG> (Thumb, 0 bytes, Stack size 0 bytes, startup_stm32h562xx.o(.text))
<BR>[Address Reference Count : 1]<UL><LI> startup_stm32h562xx.o(RESET)
</UL>
<P><STRONG><a name="[49]"></a>DAC1_IRQHandler</STRONG> (Thumb, 0 bytes, Stack size 0 bytes, startup_stm32h562xx.o(.text))
<BR>[Address Reference Count : 1]<UL><LI> startup_stm32h562xx.o(RESET)
</UL>
<P><STRONG><a name="[8b]"></a>DCACHE1_IRQHandler</STRONG> (Thumb, 0 bytes, Stack size 0 bytes, startup_stm32h562xx.o(.text))
<BR>[Address Reference Count : 1]<UL><LI> startup_stm32h562xx.o(RESET)
</UL>
<P><STRONG><a name="[8c]"></a>DCMI_PSSI_IRQHandler</STRONG> (Thumb, 0 bytes, Stack size 0 bytes, startup_stm32h562xx.o(.text))
<BR>[Address Reference Count : 1]<UL><LI> startup_stm32h562xx.o(RESET)
</UL>
<P><STRONG><a name="[8f]"></a>DTS_IRQHandler</STRONG> (Thumb, 0 bytes, Stack size 0 bytes, startup_stm32h562xx.o(.text))
<BR>[Address Reference Count : 1]<UL><LI> startup_stm32h562xx.o(RESET)
</UL>
<P><STRONG><a name="[2f]"></a>EXTI0_IRQHandler</STRONG> (Thumb, 0 bytes, Stack size 0 bytes, startup_stm32h562xx.o(.text))
<BR>[Address Reference Count : 1]<UL><LI> startup_stm32h562xx.o(RESET)
</UL>
<P><STRONG><a name="[39]"></a>EXTI10_IRQHandler</STRONG> (Thumb, 0 bytes, Stack size 0 bytes, startup_stm32h562xx.o(.text))
<BR>[Address Reference Count : 1]<UL><LI> startup_stm32h562xx.o(RESET)
</UL>
<P><STRONG><a name="[3a]"></a>EXTI11_IRQHandler</STRONG> (Thumb, 0 bytes, Stack size 0 bytes, startup_stm32h562xx.o(.text))
<BR>[Address Reference Count : 1]<UL><LI> startup_stm32h562xx.o(RESET)
</UL>
<P><STRONG><a name="[3b]"></a>EXTI12_IRQHandler</STRONG> (Thumb, 0 bytes, Stack size 0 bytes, startup_stm32h562xx.o(.text))
<BR>[Address Reference Count : 1]<UL><LI> startup_stm32h562xx.o(RESET)
</UL>
<P><STRONG><a name="[3d]"></a>EXTI14_IRQHandler</STRONG> (Thumb, 0 bytes, Stack size 0 bytes, startup_stm32h562xx.o(.text))
<BR>[Address Reference Count : 1]<UL><LI> startup_stm32h562xx.o(RESET)
</UL>
<P><STRONG><a name="[3e]"></a>EXTI15_IRQHandler</STRONG> (Thumb, 0 bytes, Stack size 0 bytes, startup_stm32h562xx.o(.text))
<BR>[Address Reference Count : 1]<UL><LI> startup_stm32h562xx.o(RESET)
</UL>
<P><STRONG><a name="[31]"></a>EXTI2_IRQHandler</STRONG> (Thumb, 0 bytes, Stack size 0 bytes, startup_stm32h562xx.o(.text))
<BR>[Address Reference Count : 1]<UL><LI> startup_stm32h562xx.o(RESET)
</UL>
<P><STRONG><a name="[32]"></a>EXTI3_IRQHandler</STRONG> (Thumb, 0 bytes, Stack size 0 bytes, startup_stm32h562xx.o(.text))
<BR>[Address Reference Count : 1]<UL><LI> startup_stm32h562xx.o(RESET)
</UL>
<P><STRONG><a name="[33]"></a>EXTI4_IRQHandler</STRONG> (Thumb, 0 bytes, Stack size 0 bytes, startup_stm32h562xx.o(.text))
<BR>[Address Reference Count : 1]<UL><LI> startup_stm32h562xx.o(RESET)
</UL>
<P><STRONG><a name="[34]"></a>EXTI5_IRQHandler</STRONG> (Thumb, 0 bytes, Stack size 0 bytes, startup_stm32h562xx.o(.text))
<BR>[Address Reference Count : 1]<UL><LI> startup_stm32h562xx.o(RESET)
</UL>
<P><STRONG><a name="[35]"></a>EXTI6_IRQHandler</STRONG> (Thumb, 0 bytes, Stack size 0 bytes, startup_stm32h562xx.o(.text))
<BR>[Address Reference Count : 1]<UL><LI> startup_stm32h562xx.o(RESET)
</UL>
<P><STRONG><a name="[36]"></a>EXTI7_IRQHandler</STRONG> (Thumb, 0 bytes, Stack size 0 bytes, startup_stm32h562xx.o(.text))
<BR>[Address Reference Count : 1]<UL><LI> startup_stm32h562xx.o(RESET)
</UL>
<P><STRONG><a name="[37]"></a>EXTI8_IRQHandler</STRONG> (Thumb, 0 bytes, Stack size 0 bytes, startup_stm32h562xx.o(.text))
<BR>[Address Reference Count : 1]<UL><LI> startup_stm32h562xx.o(RESET)
</UL>
<P><STRONG><a name="[38]"></a>EXTI9_IRQHandler</STRONG> (Thumb, 0 bytes, Stack size 0 bytes, startup_stm32h562xx.o(.text))
<BR>[Address Reference Count : 1]<UL><LI> startup_stm32h562xx.o(RESET)
</UL>
<P><STRONG><a name="[4a]"></a>FDCAN1_IT0_IRQHandler</STRONG> (Thumb, 0 bytes, Stack size 0 bytes, startup_stm32h562xx.o(.text))
<BR>[Address Reference Count : 1]<UL><LI> startup_stm32h562xx.o(RESET)
</UL>
<P><STRONG><a name="[4b]"></a>FDCAN1_IT1_IRQHandler</STRONG> (Thumb, 0 bytes, Stack size 0 bytes, startup_stm32h562xx.o(.text))
<BR>[Address Reference Count : 1]<UL><LI> startup_stm32h562xx.o(RESET)
</UL>
<P><STRONG><a name="[2a]"></a>FLASH_IRQHandler</STRONG> (Thumb, 0 bytes, Stack size 0 bytes, startup_stm32h562xx.o(.text))
<BR>[Address Reference Count : 1]<UL><LI> startup_stm32h562xx.o(RESET)
</UL>
<P><STRONG><a name="[2b]"></a>FLASH_S_IRQHandler</STRONG> (Thumb, 0 bytes, Stack size 0 bytes, startup_stm32h562xx.o(.text))
<BR>[Address Reference Count : 1]<UL><LI> startup_stm32h562xx.o(RESET)
</UL>
<P><STRONG><a name="[8e]"></a>FMAC_IRQHandler</STRONG> (Thumb, 0 bytes, Stack size 0 bytes, startup_stm32h562xx.o(.text))
<BR>[Address Reference Count : 1]<UL><LI> startup_stm32h562xx.o(RESET)
</UL>
<P><STRONG><a name="[70]"></a>FMC_IRQHandler</STRONG> (Thumb, 0 bytes, Stack size 0 bytes, startup_stm32h562xx.o(.text))
<BR>[Address Reference Count : 1]<UL><LI> startup_stm32h562xx.o(RESET)
</UL>
<P><STRONG><a name="[89]"></a>FPU_IRQHandler</STRONG> (Thumb, 0 bytes, Stack size 0 bytes, startup_stm32h562xx.o(.text))
<BR>[Address Reference Count : 1]<UL><LI> startup_stm32h562xx.o(RESET)
</UL>
<P><STRONG><a name="[3f]"></a>GPDMA1_Channel0_IRQHandler</STRONG> (Thumb, 0 bytes, Stack size 0 bytes, startup_stm32h562xx.o(.text))
<BR>[Address Reference Count : 1]<UL><LI> startup_stm32h562xx.o(RESET)
</UL>
<P><STRONG><a name="[40]"></a>GPDMA1_Channel1_IRQHandler</STRONG> (Thumb, 0 bytes, Stack size 0 bytes, startup_stm32h562xx.o(.text))
<BR>[Address Reference Count : 1]<UL><LI> startup_stm32h562xx.o(RESET)
</UL>
<P><STRONG><a name="[41]"></a>GPDMA1_Channel2_IRQHandler</STRONG> (Thumb, 0 bytes, Stack size 0 bytes, startup_stm32h562xx.o(.text))
<BR>[Address Reference Count : 1]<UL><LI> startup_stm32h562xx.o(RESET)
</UL>
<P><STRONG><a name="[42]"></a>GPDMA1_Channel3_IRQHandler</STRONG> (Thumb, 0 bytes, Stack size 0 bytes, startup_stm32h562xx.o(.text))
<BR>[Address Reference Count : 1]<UL><LI> startup_stm32h562xx.o(RESET)
</UL>
<P><STRONG><a name="[43]"></a>GPDMA1_Channel4_IRQHandler</STRONG> (Thumb, 0 bytes, Stack size 0 bytes, startup_stm32h562xx.o(.text))
<BR>[Address Reference Count : 1]<UL><LI> startup_stm32h562xx.o(RESET)
</UL>
<P><STRONG><a name="[44]"></a>GPDMA1_Channel5_IRQHandler</STRONG> (Thumb, 0 bytes, Stack size 0 bytes, startup_stm32h562xx.o(.text))
<BR>[Address Reference Count : 1]<UL><LI> startup_stm32h562xx.o(RESET)
</UL>
<P><STRONG><a name="[45]"></a>GPDMA1_Channel6_IRQHandler</STRONG> (Thumb, 0 bytes, Stack size 0 bytes, startup_stm32h562xx.o(.text))
<BR>[Address Reference Count : 1]<UL><LI> startup_stm32h562xx.o(RESET)
</UL>
<P><STRONG><a name="[46]"></a>GPDMA1_Channel7_IRQHandler</STRONG> (Thumb, 0 bytes, Stack size 0 bytes, startup_stm32h562xx.o(.text))
<BR>[Address Reference Count : 1]<UL><LI> startup_stm32h562xx.o(RESET)
</UL>
<P><STRONG><a name="[7d]"></a>GPDMA2_Channel0_IRQHandler</STRONG> (Thumb, 0 bytes, Stack size 0 bytes, startup_stm32h562xx.o(.text))
<BR>[Address Reference Count : 1]<UL><LI> startup_stm32h562xx.o(RESET)
</UL>
<P><STRONG><a name="[7e]"></a>GPDMA2_Channel1_IRQHandler</STRONG> (Thumb, 0 bytes, Stack size 0 bytes, startup_stm32h562xx.o(.text))
<BR>[Address Reference Count : 1]<UL><LI> startup_stm32h562xx.o(RESET)
</UL>
<P><STRONG><a name="[7f]"></a>GPDMA2_Channel2_IRQHandler</STRONG> (Thumb, 0 bytes, Stack size 0 bytes, startup_stm32h562xx.o(.text))
<BR>[Address Reference Count : 1]<UL><LI> startup_stm32h562xx.o(RESET)
</UL>
<P><STRONG><a name="[80]"></a>GPDMA2_Channel3_IRQHandler</STRONG> (Thumb, 0 bytes, Stack size 0 bytes, startup_stm32h562xx.o(.text))
<BR>[Address Reference Count : 1]<UL><LI> startup_stm32h562xx.o(RESET)
</UL>
<P><STRONG><a name="[81]"></a>GPDMA2_Channel4_IRQHandler</STRONG> (Thumb, 0 bytes, Stack size 0 bytes, startup_stm32h562xx.o(.text))
<BR>[Address Reference Count : 1]<UL><LI> startup_stm32h562xx.o(RESET)
</UL>
<P><STRONG><a name="[82]"></a>GPDMA2_Channel5_IRQHandler</STRONG> (Thumb, 0 bytes, Stack size 0 bytes, startup_stm32h562xx.o(.text))
<BR>[Address Reference Count : 1]<UL><LI> startup_stm32h562xx.o(RESET)
</UL>
<P><STRONG><a name="[83]"></a>GPDMA2_Channel6_IRQHandler</STRONG> (Thumb, 0 bytes, Stack size 0 bytes, startup_stm32h562xx.o(.text))
<BR>[Address Reference Count : 1]<UL><LI> startup_stm32h562xx.o(RESET)
</UL>
<P><STRONG><a name="[84]"></a>GPDMA2_Channel7_IRQHandler</STRONG> (Thumb, 0 bytes, Stack size 0 bytes, startup_stm32h562xx.o(.text))
<BR>[Address Reference Count : 1]<UL><LI> startup_stm32h562xx.o(RESET)
</UL>
<P><STRONG><a name="[2c]"></a>GTZC_IRQHandler</STRONG> (Thumb, 0 bytes, Stack size 0 bytes, startup_stm32h562xx.o(.text))
<BR>[Address Reference Count : 1]<UL><LI> startup_stm32h562xx.o(RESET)
</UL>
<P><STRONG><a name="[91]"></a>HASH_IRQHandler</STRONG> (Thumb, 0 bytes, Stack size 0 bytes, startup_stm32h562xx.o(.text))
<BR>[Address Reference Count : 1]<UL><LI> startup_stm32h562xx.o(RESET)
</UL>
<P><STRONG><a name="[57]"></a>I2C1_ER_IRQHandler</STRONG> (Thumb, 0 bytes, Stack size 0 bytes, startup_stm32h562xx.o(.text))
<BR>[Address Reference Count : 1]<UL><LI> startup_stm32h562xx.o(RESET)
</UL>
<P><STRONG><a name="[56]"></a>I2C1_EV_IRQHandler</STRONG> (Thumb, 0 bytes, Stack size 0 bytes, startup_stm32h562xx.o(.text))
<BR>[Address Reference Count : 1]<UL><LI> startup_stm32h562xx.o(RESET)
</UL>
<P><STRONG><a name="[59]"></a>I2C2_ER_IRQHandler</STRONG> (Thumb, 0 bytes, Stack size 0 bytes, startup_stm32h562xx.o(.text))
<BR>[Address Reference Count : 1]<UL><LI> startup_stm32h562xx.o(RESET)
</UL>
<P><STRONG><a name="[58]"></a>I2C2_EV_IRQHandler</STRONG> (Thumb, 0 bytes, Stack size 0 bytes, startup_stm32h562xx.o(.text))
<BR>[Address Reference Count : 1]<UL><LI> startup_stm32h562xx.o(RESET)
</UL>
<P><STRONG><a name="[74]"></a>I2C3_ER_IRQHandler</STRONG> (Thumb, 0 bytes, Stack size 0 bytes, startup_stm32h562xx.o(.text))
<BR>[Address Reference Count : 1]<UL><LI> startup_stm32h562xx.o(RESET)
</UL>
<P><STRONG><a name="[73]"></a>I2C3_EV_IRQHandler</STRONG> (Thumb, 0 bytes, Stack size 0 bytes, startup_stm32h562xx.o(.text))
<BR>[Address Reference Count : 1]<UL><LI> startup_stm32h562xx.o(RESET)
</UL>
<P><STRONG><a name="[99]"></a>I2C4_ER_IRQHandler</STRONG> (Thumb, 0 bytes, Stack size 0 bytes, startup_stm32h562xx.o(.text))
<BR>[Address Reference Count : 1]<UL><LI> startup_stm32h562xx.o(RESET)
</UL>
<P><STRONG><a name="[98]"></a>I2C4_EV_IRQHandler</STRONG> (Thumb, 0 bytes, Stack size 0 bytes, startup_stm32h562xx.o(.text))
<BR>[Address Reference Count : 1]<UL><LI> startup_stm32h562xx.o(RESET)
</UL>
<P><STRONG><a name="[97]"></a>I3C1_ER_IRQHandler</STRONG> (Thumb, 0 bytes, Stack size 0 bytes, startup_stm32h562xx.o(.text))
<BR>[Address Reference Count : 1]<UL><LI> startup_stm32h562xx.o(RESET)
</UL>
<P><STRONG><a name="[96]"></a>I3C1_EV_IRQHandler</STRONG> (Thumb, 0 bytes, Stack size 0 bytes, startup_stm32h562xx.o(.text))
<BR>[Address Reference Count : 1]<UL><LI> startup_stm32h562xx.o(RESET)
</UL>
<P><STRONG><a name="[8a]"></a>ICACHE_IRQHandler</STRONG> (Thumb, 0 bytes, Stack size 0 bytes, startup_stm32h562xx.o(.text))
<BR>[Address Reference Count : 1]<UL><LI> startup_stm32h562xx.o(RESET)
</UL>
<P><STRONG><a name="[47]"></a>IWDG_IRQHandler</STRONG> (Thumb, 0 bytes, Stack size 0 bytes, startup_stm32h562xx.o(.text))
<BR>[Address Reference Count : 1]<UL><LI> startup_stm32h562xx.o(RESET)
</UL>
<P><STRONG><a name="[63]"></a>LPTIM1_IRQHandler</STRONG> (Thumb, 0 bytes, Stack size 0 bytes, startup_stm32h562xx.o(.text))
<BR>[Address Reference Count : 1]<UL><LI> startup_stm32h562xx.o(RESET)
</UL>
<P><STRONG><a name="[69]"></a>LPTIM2_IRQHandler</STRONG> (Thumb, 0 bytes, Stack size 0 bytes, startup_stm32h562xx.o(.text))
<BR>[Address Reference Count : 1]<UL><LI> startup_stm32h562xx.o(RESET)
</UL>
<P><STRONG><a name="[9a]"></a>LPTIM3_IRQHandler</STRONG> (Thumb, 0 bytes, Stack size 0 bytes, startup_stm32h562xx.o(.text))
<BR>[Address Reference Count : 1]<UL><LI> startup_stm32h562xx.o(RESET)
</UL>
<P><STRONG><a name="[9b]"></a>LPTIM4_IRQHandler</STRONG> (Thumb, 0 bytes, Stack size 0 bytes, startup_stm32h562xx.o(.text))
<BR>[Address Reference Count : 1]<UL><LI> startup_stm32h562xx.o(RESET)
</UL>
<P><STRONG><a name="[9c]"></a>LPTIM5_IRQHandler</STRONG> (Thumb, 0 bytes, Stack size 0 bytes, startup_stm32h562xx.o(.text))
<BR>[Address Reference Count : 1]<UL><LI> startup_stm32h562xx.o(RESET)
</UL>
<P><STRONG><a name="[9d]"></a>LPTIM6_IRQHandler</STRONG> (Thumb, 0 bytes, Stack size 0 bytes, startup_stm32h562xx.o(.text))
<BR>[Address Reference Count : 1]<UL><LI> startup_stm32h562xx.o(RESET)
</UL>
<P><STRONG><a name="[62]"></a>LPUART1_IRQHandler</STRONG> (Thumb, 0 bytes, Stack size 0 bytes, startup_stm32h562xx.o(.text))
<BR>[Address Reference Count : 1]<UL><LI> startup_stm32h562xx.o(RESET)
</UL>
<P><STRONG><a name="[71]"></a>OCTOSPI1_IRQHandler</STRONG> (Thumb, 0 bytes, Stack size 0 bytes, startup_stm32h562xx.o(.text))
<BR>[Address Reference Count : 1]<UL><LI> startup_stm32h562xx.o(RESET)
</UL>
<P><STRONG><a name="[25]"></a>PVD_AVD_IRQHandler</STRONG> (Thumb, 0 bytes, Stack size 0 bytes, startup_stm32h562xx.o(.text))
<BR>[Address Reference Count : 1]<UL><LI> startup_stm32h562xx.o(RESET)
</UL>
<P><STRONG><a name="[29]"></a>RAMCFG_IRQHandler</STRONG> (Thumb, 0 bytes, Stack size 0 bytes, startup_stm32h562xx.o(.text))
<BR>[Address Reference Count : 1]<UL><LI> startup_stm32h562xx.o(RESET)
</UL>
<P><STRONG><a name="[2d]"></a>RCC_IRQHandler</STRONG> (Thumb, 0 bytes, Stack size 0 bytes, startup_stm32h562xx.o(.text))
<BR>[Address Reference Count : 1]<UL><LI> startup_stm32h562xx.o(RESET)
</UL>
<P><STRONG><a name="[2e]"></a>RCC_S_IRQHandler</STRONG> (Thumb, 0 bytes, Stack size 0 bytes, startup_stm32h562xx.o(.text))
<BR>[Address Reference Count : 1]<UL><LI> startup_stm32h562xx.o(RESET)
</UL>
<P><STRONG><a name="[90]"></a>RNG_IRQHandler</STRONG> (Thumb, 0 bytes, Stack size 0 bytes, startup_stm32h562xx.o(.text))
<BR>[Address Reference Count : 1]<UL><LI> startup_stm32h562xx.o(RESET)
</UL>
<P><STRONG><a name="[26]"></a>RTC_IRQHandler</STRONG> (Thumb, 0 bytes, Stack size 0 bytes, startup_stm32h562xx.o(.text))
<BR>[Address Reference Count : 1]<UL><LI> startup_stm32h562xx.o(RESET)
</UL>
<P><STRONG><a name="[27]"></a>RTC_S_IRQHandler</STRONG> (Thumb, 0 bytes, Stack size 0 bytes, startup_stm32h562xx.o(.text))
<BR>[Address Reference Count : 1]<UL><LI> startup_stm32h562xx.o(RESET)
</UL>
<P><STRONG><a name="[7b]"></a>SAI1_IRQHandler</STRONG> (Thumb, 0 bytes, Stack size 0 bytes, startup_stm32h562xx.o(.text))
<BR>[Address Reference Count : 1]<UL><LI> startup_stm32h562xx.o(RESET)
</UL>
<P><STRONG><a name="[7c]"></a>SAI2_IRQHandler</STRONG> (Thumb, 0 bytes, Stack size 0 bytes, startup_stm32h562xx.o(.text))
<BR>[Address Reference Count : 1]<UL><LI> startup_stm32h562xx.o(RESET)
</UL>
<P><STRONG><a name="[72]"></a>SDMMC1_IRQHandler</STRONG> (Thumb, 0 bytes, Stack size 0 bytes, startup_stm32h562xx.o(.text))
<BR>[Address Reference Count : 1]<UL><LI> startup_stm32h562xx.o(RESET)
</UL>
<P><STRONG><a name="[5a]"></a>SPI1_IRQHandler</STRONG> (Thumb, 0 bytes, Stack size 0 bytes, startup_stm32h562xx.o(.text))
<BR>[Address Reference Count : 1]<UL><LI> startup_stm32h562xx.o(RESET)
</UL>
<P><STRONG><a name="[5c]"></a>SPI3_IRQHandler</STRONG> (Thumb, 0 bytes, Stack size 0 bytes, startup_stm32h562xx.o(.text))
<BR>[Address Reference Count : 1]<UL><LI> startup_stm32h562xx.o(RESET)
</UL>
<P><STRONG><a name="[75]"></a>SPI4_IRQHandler</STRONG> (Thumb, 0 bytes, Stack size 0 bytes, startup_stm32h562xx.o(.text))
<BR>[Address Reference Count : 1]<UL><LI> startup_stm32h562xx.o(RESET)
</UL>
<P><STRONG><a name="[76]"></a>SPI5_IRQHandler</STRONG> (Thumb, 0 bytes, Stack size 0 bytes, startup_stm32h562xx.o(.text))
<BR>[Address Reference Count : 1]<UL><LI> startup_stm32h562xx.o(RESET)
</UL>
<P><STRONG><a name="[77]"></a>SPI6_IRQHandler</STRONG> (Thumb, 0 bytes, Stack size 0 bytes, startup_stm32h562xx.o(.text))
<BR>[Address Reference Count : 1]<UL><LI> startup_stm32h562xx.o(RESET)
</UL>
<P><STRONG><a name="[28]"></a>TAMP_IRQHandler</STRONG> (Thumb, 0 bytes, Stack size 0 bytes, startup_stm32h562xx.o(.text))
<BR>[Address Reference Count : 1]<UL><LI> startup_stm32h562xx.o(RESET)
</UL>
<P><STRONG><a name="[93]"></a>TIM12_IRQHandler</STRONG> (Thumb, 0 bytes, Stack size 0 bytes, startup_stm32h562xx.o(.text))
<BR>[Address Reference Count : 1]<UL><LI> startup_stm32h562xx.o(RESET)
</UL>
<P><STRONG><a name="[94]"></a>TIM13_IRQHandler</STRONG> (Thumb, 0 bytes, Stack size 0 bytes, startup_stm32h562xx.o(.text))
<BR>[Address Reference Count : 1]<UL><LI> startup_stm32h562xx.o(RESET)
</UL>
<P><STRONG><a name="[95]"></a>TIM14_IRQHandler</STRONG> (Thumb, 0 bytes, Stack size 0 bytes, startup_stm32h562xx.o(.text))
<BR>[Address Reference Count : 1]<UL><LI> startup_stm32h562xx.o(RESET)
</UL>
<P><STRONG><a name="[6a]"></a>TIM15_IRQHandler</STRONG> (Thumb, 0 bytes, Stack size 0 bytes, startup_stm32h562xx.o(.text))
<BR>[Address Reference Count : 1]<UL><LI> startup_stm32h562xx.o(RESET)
</UL>
<P><STRONG><a name="[6b]"></a>TIM16_IRQHandler</STRONG> (Thumb, 0 bytes, Stack size 0 bytes, startup_stm32h562xx.o(.text))
<BR>[Address Reference Count : 1]<UL><LI> startup_stm32h562xx.o(RESET)
</UL>
<P><STRONG><a name="[6c]"></a>TIM17_IRQHandler</STRONG> (Thumb, 0 bytes, Stack size 0 bytes, startup_stm32h562xx.o(.text))
<BR>[Address Reference Count : 1]<UL><LI> startup_stm32h562xx.o(RESET)
</UL>
<P><STRONG><a name="[4c]"></a>TIM1_BRK_IRQHandler</STRONG> (Thumb, 0 bytes, Stack size 0 bytes, startup_stm32h562xx.o(.text))
<BR>[Address Reference Count : 1]<UL><LI> startup_stm32h562xx.o(RESET)
</UL>
<P><STRONG><a name="[4f]"></a>TIM1_CC_IRQHandler</STRONG> (Thumb, 0 bytes, Stack size 0 bytes, startup_stm32h562xx.o(.text))
<BR>[Address Reference Count : 1]<UL><LI> startup_stm32h562xx.o(RESET)
</UL>
<P><STRONG><a name="[4e]"></a>TIM1_TRG_COM_IRQHandler</STRONG> (Thumb, 0 bytes, Stack size 0 bytes, startup_stm32h562xx.o(.text))
<BR>[Address Reference Count : 1]<UL><LI> startup_stm32h562xx.o(RESET)
</UL>
<P><STRONG><a name="[4d]"></a>TIM1_UP_IRQHandler</STRONG> (Thumb, 0 bytes, Stack size 0 bytes, startup_stm32h562xx.o(.text))
<BR>[Address Reference Count : 1]<UL><LI> startup_stm32h562xx.o(RESET)
</UL>
<P><STRONG><a name="[51]"></a>TIM3_IRQHandler</STRONG> (Thumb, 0 bytes, Stack size 0 bytes, startup_stm32h562xx.o(.text))
<BR>[Address Reference Count : 1]<UL><LI> startup_stm32h562xx.o(RESET)
</UL>
<P><STRONG><a name="[52]"></a>TIM4_IRQHandler</STRONG> (Thumb, 0 bytes, Stack size 0 bytes, startup_stm32h562xx.o(.text))
<BR>[Address Reference Count : 1]<UL><LI> startup_stm32h562xx.o(RESET)
</UL>
<P><STRONG><a name="[53]"></a>TIM5_IRQHandler</STRONG> (Thumb, 0 bytes, Stack size 0 bytes, startup_stm32h562xx.o(.text))
<BR>[Address Reference Count : 1]<UL><LI> startup_stm32h562xx.o(RESET)
</UL>
<P><STRONG><a name="[54]"></a>TIM6_IRQHandler</STRONG> (Thumb, 0 bytes, Stack size 0 bytes, startup_stm32h562xx.o(.text))
<BR>[Address Reference Count : 1]<UL><LI> startup_stm32h562xx.o(RESET)
</UL>
<P><STRONG><a name="[55]"></a>TIM7_IRQHandler</STRONG> (Thumb, 0 bytes, Stack size 0 bytes, startup_stm32h562xx.o(.text))
<BR>[Address Reference Count : 1]<UL><LI> startup_stm32h562xx.o(RESET)
</UL>
<P><STRONG><a name="[64]"></a>TIM8_BRK_IRQHandler</STRONG> (Thumb, 0 bytes, Stack size 0 bytes, startup_stm32h562xx.o(.text))
<BR>[Address Reference Count : 1]<UL><LI> startup_stm32h562xx.o(RESET)
</UL>
<P><STRONG><a name="[67]"></a>TIM8_CC_IRQHandler</STRONG> (Thumb, 0 bytes, Stack size 0 bytes, startup_stm32h562xx.o(.text))
<BR>[Address Reference Count : 1]<UL><LI> startup_stm32h562xx.o(RESET)
</UL>
<P><STRONG><a name="[66]"></a>TIM8_TRG_COM_IRQHandler</STRONG> (Thumb, 0 bytes, Stack size 0 bytes, startup_stm32h562xx.o(.text))
<BR>[Address Reference Count : 1]<UL><LI> startup_stm32h562xx.o(RESET)
</UL>
<P><STRONG><a name="[65]"></a>TIM8_UP_IRQHandler</STRONG> (Thumb, 0 bytes, Stack size 0 bytes, startup_stm32h562xx.o(.text))
<BR>[Address Reference Count : 1]<UL><LI> startup_stm32h562xx.o(RESET)
</UL>
<P><STRONG><a name="[88]"></a>UART12_IRQHandler</STRONG> (Thumb, 0 bytes, Stack size 0 bytes, startup_stm32h562xx.o(.text))
<BR>[Address Reference Count : 1]<UL><LI> startup_stm32h562xx.o(RESET)
</UL>
<P><STRONG><a name="[60]"></a>UART4_IRQHandler</STRONG> (Thumb, 0 bytes, Stack size 0 bytes, startup_stm32h562xx.o(.text))
<BR>[Address Reference Count : 1]<UL><LI> startup_stm32h562xx.o(RESET)
</UL>
<P><STRONG><a name="[61]"></a>UART5_IRQHandler</STRONG> (Thumb, 0 bytes, Stack size 0 bytes, startup_stm32h562xx.o(.text))
<BR>[Address Reference Count : 1]<UL><LI> startup_stm32h562xx.o(RESET)
</UL>
<P><STRONG><a name="[85]"></a>UART7_IRQHandler</STRONG> (Thumb, 0 bytes, Stack size 0 bytes, startup_stm32h562xx.o(.text))
<BR>[Address Reference Count : 1]<UL><LI> startup_stm32h562xx.o(RESET)
</UL>
<P><STRONG><a name="[86]"></a>UART8_IRQHandler</STRONG> (Thumb, 0 bytes, Stack size 0 bytes, startup_stm32h562xx.o(.text))
<BR>[Address Reference Count : 1]<UL><LI> startup_stm32h562xx.o(RESET)
</UL>
<P><STRONG><a name="[87]"></a>UART9_IRQHandler</STRONG> (Thumb, 0 bytes, Stack size 0 bytes, startup_stm32h562xx.o(.text))
<BR>[Address Reference Count : 1]<UL><LI> startup_stm32h562xx.o(RESET)
</UL>
<P><STRONG><a name="[6f]"></a>UCPD1_IRQHandler</STRONG> (Thumb, 0 bytes, Stack size 0 bytes, startup_stm32h562xx.o(.text))
<BR>[Address Reference Count : 1]<UL><LI> startup_stm32h562xx.o(RESET)
</UL>
<P><STRONG><a name="[79]"></a>USART10_IRQHandler</STRONG> (Thumb, 0 bytes, Stack size 0 bytes, startup_stm32h562xx.o(.text))
<BR>[Address Reference Count : 1]<UL><LI> startup_stm32h562xx.o(RESET)
</UL>
<P><STRONG><a name="[7a]"></a>USART11_IRQHandler</STRONG> (Thumb, 0 bytes, Stack size 0 bytes, startup_stm32h562xx.o(.text))
<BR>[Address Reference Count : 1]<UL><LI> startup_stm32h562xx.o(RESET)
</UL>
<P><STRONG><a name="[5e]"></a>USART2_IRQHandler</STRONG> (Thumb, 0 bytes, Stack size 0 bytes, startup_stm32h562xx.o(.text))
<BR>[Address Reference Count : 1]<UL><LI> startup_stm32h562xx.o(RESET)
</UL>
<P><STRONG><a name="[5f]"></a>USART3_IRQHandler</STRONG> (Thumb, 0 bytes, Stack size 0 bytes, startup_stm32h562xx.o(.text))
<BR>[Address Reference Count : 1]<UL><LI> startup_stm32h562xx.o(RESET)
</UL>
<P><STRONG><a name="[78]"></a>USART6_IRQHandler</STRONG> (Thumb, 0 bytes, Stack size 0 bytes, startup_stm32h562xx.o(.text))
<BR>[Address Reference Count : 1]<UL><LI> startup_stm32h562xx.o(RESET)
</UL>
<P><STRONG><a name="[6d]"></a>USB_DRD_FS_IRQHandler</STRONG> (Thumb, 0 bytes, Stack size 0 bytes, startup_stm32h562xx.o(.text))
<BR>[Address Reference Count : 1]<UL><LI> startup_stm32h562xx.o(RESET)
</UL>
<P><STRONG><a name="[24]"></a>WWDG_IRQHandler</STRONG> (Thumb, 0 bytes, Stack size 0 bytes, startup_stm32h562xx.o(.text))
<BR>[Address Reference Count : 1]<UL><LI> startup_stm32h562xx.o(RESET)
</UL>
<P><STRONG><a name="[114]"></a>__aeabi_uldivmod</STRONG> (Thumb, 98 bytes, Stack size 40 bytes, uldiv.o(.text))
<BR><BR>[Stack]<UL><LI>Max Depth = 40<LI>Call Chain = __aeabi_uldivmod
</UL>
<BR>[Calls]<UL><LI><a href="#[115]">&gt;&gt;</a>&nbsp;&nbsp;&nbsp;__aeabi_llsr
<LI><a href="#[116]">&gt;&gt;</a>&nbsp;&nbsp;&nbsp;__aeabi_llsl
</UL>
<BR>[Called By]<UL><LI><a href="#[1be]">&gt;&gt;</a>&nbsp;&nbsp;&nbsp;UART_SetConfig
<LI><a href="#[3bd]">&gt;&gt;</a>&nbsp;&nbsp;&nbsp;_printf_core
<LI><a href="#[3be]">&gt;&gt;</a>&nbsp;&nbsp;&nbsp;_fp_digits
</UL>

<P><STRONG><a name="[3c9]"></a>____aeabi_memcpy8$ret$move</STRONG> (Thumb, 0 bytes, Stack size 8 bytes, memmove.o(.text), UNUSED)

<P><STRONG><a name="[3ca]"></a>___aeabi_memmove4$ret</STRONG> (Thumb, 0 bytes, Stack size 8 bytes, memmove.o(.text), UNUSED)

<P><STRONG><a name="[3cb]"></a>___aeabi_memmove8$ret</STRONG> (Thumb, 0 bytes, Stack size 8 bytes, memmove.o(.text), UNUSED)

<P><STRONG><a name="[1ce]"></a>__aeabi_memcpy</STRONG> (Thumb, 66 bytes, Stack size 8 bytes, memmove.o(.text))
<BR><BR>[Stack]<UL><LI>Max Depth = 8<LI>Call Chain = __aeabi_memcpy
</UL>
<BR>[Called By]<UL><LI><a href="#[20f]">&gt;&gt;</a>&nbsp;&nbsp;&nbsp;prvCopyDataFromQueue
<LI><a href="#[210]">&gt;&gt;</a>&nbsp;&nbsp;&nbsp;prvCopyDataToQueue
<LI><a href="#[ac]">&gt;&gt;</a>&nbsp;&nbsp;&nbsp;LCD_task
<LI><a href="#[251]">&gt;&gt;</a>&nbsp;&nbsp;&nbsp;_ChangeCharacter
</UL>

<P><STRONG><a name="[25f]"></a>__aeabi_memcpy4</STRONG> (Thumb, 0 bytes, Stack size 8 bytes, memmove.o(.text))
<BR><BR>[Stack]<UL><LI>Max Depth = 8<LI>Call Chain = __aeabi_memcpy4
</UL>
<BR>[Called By]<UL><LI><a href="#[27e]">&gt;&gt;</a>&nbsp;&nbsp;&nbsp;GUITASK_CopyContext
<LI><a href="#[2fd]">&gt;&gt;</a>&nbsp;&nbsp;&nbsp;GUI_SaveContext_W
<LI><a href="#[2fc]">&gt;&gt;</a>&nbsp;&nbsp;&nbsp;GUI_RestoreContext
<LI><a href="#[340]">&gt;&gt;</a>&nbsp;&nbsp;&nbsp;TEXT_CreateUser
<LI><a href="#[25c]">&gt;&gt;</a>&nbsp;&nbsp;&nbsp;EDIT_CreateUser
</UL>

<P><STRONG><a name="[3b8]"></a>__aeabi_memmove</STRONG> (Thumb, 0 bytes, Stack size 8 bytes, memmove.o(.text))
<BR><BR>[Stack]<UL><LI>Max Depth = 8<LI>Call Chain = __aeabi_memmove
</UL>
<BR>[Called By]<UL><LI><a href="#[289]">&gt;&gt;</a>&nbsp;&nbsp;&nbsp;_RemoveHoles
<LI><a href="#[24b]">&gt;&gt;</a>&nbsp;&nbsp;&nbsp;_InsertChar
</UL>

<P><STRONG><a name="[6]"></a>memcpy</STRONG> (Thumb, 0 bytes, Stack size 8 bytes, memmove.o(.text))
<BR><BR>[Stack]<UL><LI>Max Depth = 8<LI>Call Chain = memcpy
</UL>
<BR>[Address Reference Count : 1]<UL><LI> gui__private.o(.data)
</UL>
<P><STRONG><a name="[3cc]"></a>memmove</STRONG> (Thumb, 0 bytes, Stack size 8 bytes, memmove.o(.text), UNUSED)

<P><STRONG><a name="[118]"></a>__aeabi_memset</STRONG> (Thumb, 14 bytes, Stack size 0 bytes, memseta.o(.text))
<BR><BR>[Called By]<UL><LI><a href="#[fa]">&gt;&gt;</a>&nbsp;&nbsp;&nbsp;GUI_USAGE_BM_AddHLine
<LI><a href="#[5]">&gt;&gt;</a>&nbsp;&nbsp;&nbsp;memset
<LI><a href="#[117]">&gt;&gt;</a>&nbsp;&nbsp;&nbsp;__aeabi_memclr
</UL>

<P><STRONG><a name="[21a]"></a>__aeabi_memset4</STRONG> (Thumb, 0 bytes, Stack size 0 bytes, memseta.o(.text))
<BR><BR>[Called By]<UL><LI><a href="#[219]">&gt;&gt;</a>&nbsp;&nbsp;&nbsp;prvInitialiseNewTask
</UL>

<P><STRONG><a name="[3cd]"></a>__aeabi_memset8</STRONG> (Thumb, 0 bytes, Stack size 0 bytes, memseta.o(.text), UNUSED)

<P><STRONG><a name="[117]"></a>__aeabi_memclr</STRONG> (Thumb, 4 bytes, Stack size 0 bytes, memseta.o(.text), UNUSED)
<BR><BR>[Calls]<UL><LI><a href="#[118]">&gt;&gt;</a>&nbsp;&nbsp;&nbsp;__aeabi_memset
</UL>

<P><STRONG><a name="[1d9]"></a>__aeabi_memclr4</STRONG> (Thumb, 0 bytes, Stack size 0 bytes, memseta.o(.text))
<BR><BR>[Called By]<UL><LI><a href="#[1d8]">&gt;&gt;</a>&nbsp;&nbsp;&nbsp;MX_TIM1_Init
<LI><a href="#[1e4]">&gt;&gt;</a>&nbsp;&nbsp;&nbsp;SystemClock_Config
<LI><a href="#[fb]">&gt;&gt;</a>&nbsp;&nbsp;&nbsp;GUI_USAGE_BM_Clear
</UL>

<P><STRONG><a name="[160]"></a>__aeabi_memclr8</STRONG> (Thumb, 0 bytes, Stack size 0 bytes, memseta.o(.text))
<BR><BR>[Called By]<UL><LI><a href="#[1bc]">&gt;&gt;</a>&nbsp;&nbsp;&nbsp;HAL_UART_MspInit
<LI><a href="#[192]">&gt;&gt;</a>&nbsp;&nbsp;&nbsp;HAL_SPI_MspInit
<LI><a href="#[15a]">&gt;&gt;</a>&nbsp;&nbsp;&nbsp;HAL_ADC_MspInit
</UL>

<P><STRONG><a name="[5]"></a>memset</STRONG> (Thumb, 18 bytes, Stack size 8 bytes, memseta.o(.text))
<BR><BR>[Stack]<UL><LI>Max Depth = 8<LI>Call Chain = memset
</UL>
<BR>[Calls]<UL><LI><a href="#[118]">&gt;&gt;</a>&nbsp;&nbsp;&nbsp;__aeabi_memset
</UL>
<BR>[Address Reference Count : 1]<UL><LI> gui__private.o(.data)
</UL>
<P><STRONG><a name="[8]"></a>strlen</STRONG> (Thumb, 14 bytes, Stack size 0 bytes, strlen.o(.text))
<BR>[Address Reference Count : 1]<UL><LI> gui__private.o(.data)
</UL>
<P><STRONG><a name="[7]"></a>strcmp</STRONG> (Thumb, 28 bytes, Stack size 8 bytes, strcmp.o(.text))
<BR><BR>[Stack]<UL><LI>Max Depth = 8<LI>Call Chain = strcmp
</UL>
<BR>[Address Reference Count : 1]<UL><LI> gui__private.o(.data)
</UL>
<P><STRONG><a name="[9]"></a>strcpy</STRONG> (Thumb, 18 bytes, Stack size 0 bytes, strcpy.o(.text))
<BR>[Address Reference Count : 1]<UL><LI> gui__private.o(.data)
</UL>
<P><STRONG><a name="[3ce]"></a>__aeabi_uidiv</STRONG> (Thumb, 0 bytes, Stack size 12 bytes, uidiv.o(.text), UNUSED)

<P><STRONG><a name="[3c2]"></a>__aeabi_uidivmod</STRONG> (Thumb, 44 bytes, Stack size 12 bytes, uidiv.o(.text), UNUSED)
<BR><BR>[Called By]<UL><LI><a href="#[3bd]">&gt;&gt;</a>&nbsp;&nbsp;&nbsp;_printf_core
</UL>

<P><STRONG><a name="[116]"></a>__aeabi_llsl</STRONG> (Thumb, 30 bytes, Stack size 0 bytes, llshl.o(.text))
<BR><BR>[Called By]<UL><LI><a href="#[114]">&gt;&gt;</a>&nbsp;&nbsp;&nbsp;__aeabi_uldivmod
<LI><a href="#[119]">&gt;&gt;</a>&nbsp;&nbsp;&nbsp;__aeabi_dadd
<LI><a href="#[11b]">&gt;&gt;</a>&nbsp;&nbsp;&nbsp;_double_epilogue
<LI><a href="#[121]">&gt;&gt;</a>&nbsp;&nbsp;&nbsp;__aeabi_d2ulz
</UL>

<P><STRONG><a name="[3cf]"></a>_ll_shift_l</STRONG> (Thumb, 0 bytes, Stack size 0 bytes, llshl.o(.text), UNUSED)

<P><STRONG><a name="[115]"></a>__aeabi_llsr</STRONG> (Thumb, 32 bytes, Stack size 0 bytes, llushr.o(.text))
<BR><BR>[Called By]<UL><LI><a href="#[114]">&gt;&gt;</a>&nbsp;&nbsp;&nbsp;__aeabi_uldivmod
<LI><a href="#[11b]">&gt;&gt;</a>&nbsp;&nbsp;&nbsp;_double_epilogue
<LI><a href="#[121]">&gt;&gt;</a>&nbsp;&nbsp;&nbsp;__aeabi_d2ulz
</UL>

<P><STRONG><a name="[3d0]"></a>_ll_ushift_r</STRONG> (Thumb, 0 bytes, Stack size 0 bytes, llushr.o(.text), UNUSED)

<P><STRONG><a name="[3d1]"></a>__I$use$fp</STRONG> (Thumb, 0 bytes, Stack size 48 bytes, iusefp.o(.text), UNUSED)

<P><STRONG><a name="[119]"></a>__aeabi_dadd</STRONG> (Thumb, 322 bytes, Stack size 48 bytes, dadd.o(.text), UNUSED)
<BR><BR>[Calls]<UL><LI><a href="#[11a]">&gt;&gt;</a>&nbsp;&nbsp;&nbsp;__aeabi_lasr
<LI><a href="#[11c]">&gt;&gt;</a>&nbsp;&nbsp;&nbsp;_double_round
<LI><a href="#[11b]">&gt;&gt;</a>&nbsp;&nbsp;&nbsp;_double_epilogue
<LI><a href="#[116]">&gt;&gt;</a>&nbsp;&nbsp;&nbsp;__aeabi_llsl
</UL>
<BR>[Called By]<UL><LI><a href="#[11e]">&gt;&gt;</a>&nbsp;&nbsp;&nbsp;__aeabi_drsub
<LI><a href="#[11d]">&gt;&gt;</a>&nbsp;&nbsp;&nbsp;__aeabi_dsub
<LI><a href="#[3be]">&gt;&gt;</a>&nbsp;&nbsp;&nbsp;_fp_digits
</UL>

<P><STRONG><a name="[11d]"></a>__aeabi_dsub</STRONG> (Thumb, 6 bytes, Stack size 0 bytes, dadd.o(.text), UNUSED)
<BR><BR>[Calls]<UL><LI><a href="#[119]">&gt;&gt;</a>&nbsp;&nbsp;&nbsp;__aeabi_dadd
</UL>

<P><STRONG><a name="[11e]"></a>__aeabi_drsub</STRONG> (Thumb, 6 bytes, Stack size 0 bytes, dadd.o(.text), UNUSED)
<BR><BR>[Calls]<UL><LI><a href="#[119]">&gt;&gt;</a>&nbsp;&nbsp;&nbsp;__aeabi_dadd
</UL>

<P><STRONG><a name="[11f]"></a>__aeabi_dmul</STRONG> (Thumb, 228 bytes, Stack size 48 bytes, dmul.o(.text), UNUSED)
<BR><BR>[Calls]<UL><LI><a href="#[11b]">&gt;&gt;</a>&nbsp;&nbsp;&nbsp;_double_epilogue
</UL>
<BR>[Called By]<UL><LI><a href="#[3be]">&gt;&gt;</a>&nbsp;&nbsp;&nbsp;_fp_digits
</UL>

<P><STRONG><a name="[120]"></a>__aeabi_ddiv</STRONG> (Thumb, 222 bytes, Stack size 32 bytes, ddiv.o(.text), UNUSED)
<BR><BR>[Calls]<UL><LI><a href="#[11c]">&gt;&gt;</a>&nbsp;&nbsp;&nbsp;_double_round
</UL>
<BR>[Called By]<UL><LI><a href="#[3be]">&gt;&gt;</a>&nbsp;&nbsp;&nbsp;_fp_digits
</UL>

<P><STRONG><a name="[121]"></a>__aeabi_d2ulz</STRONG> (Thumb, 48 bytes, Stack size 0 bytes, dfixul.o(.text), UNUSED)
<BR><BR>[Calls]<UL><LI><a href="#[115]">&gt;&gt;</a>&nbsp;&nbsp;&nbsp;__aeabi_llsr
<LI><a href="#[116]">&gt;&gt;</a>&nbsp;&nbsp;&nbsp;__aeabi_llsl
</UL>
<BR>[Called By]<UL><LI><a href="#[3be]">&gt;&gt;</a>&nbsp;&nbsp;&nbsp;_fp_digits
</UL>

<P><STRONG><a name="[3bf]"></a>__aeabi_cdrcmple</STRONG> (Thumb, 48 bytes, Stack size 0 bytes, cdrcmple.o(.text), UNUSED)
<BR><BR>[Called By]<UL><LI><a href="#[3be]">&gt;&gt;</a>&nbsp;&nbsp;&nbsp;_fp_digits
</UL>

<P><STRONG><a name="[113]"></a>__scatterload</STRONG> (Thumb, 38 bytes, Stack size 0 bytes, init.o(.text))
<BR><BR>[Calls]<UL><LI><a href="#[122]">&gt;&gt;</a>&nbsp;&nbsp;&nbsp;__main_after_scatterload
</UL>
<BR>[Called By]<UL><LI><a href="#[112]">&gt;&gt;</a>&nbsp;&nbsp;&nbsp;_main_scatterload
</UL>

<P><STRONG><a name="[3d2]"></a>__scatterload_rt2</STRONG> (Thumb, 0 bytes, Stack size 0 bytes, init.o(.text), UNUSED)

<P><STRONG><a name="[11a]"></a>__aeabi_lasr</STRONG> (Thumb, 36 bytes, Stack size 0 bytes, llsshr.o(.text), UNUSED)
<BR><BR>[Called By]<UL><LI><a href="#[119]">&gt;&gt;</a>&nbsp;&nbsp;&nbsp;__aeabi_dadd
</UL>

<P><STRONG><a name="[3d3]"></a>_ll_sshift_r</STRONG> (Thumb, 0 bytes, Stack size 0 bytes, llsshr.o(.text), UNUSED)

<P><STRONG><a name="[11c]"></a>_double_round</STRONG> (Thumb, 30 bytes, Stack size 8 bytes, depilogue.o(.text), UNUSED)
<BR><BR>[Called By]<UL><LI><a href="#[119]">&gt;&gt;</a>&nbsp;&nbsp;&nbsp;__aeabi_dadd
<LI><a href="#[11b]">&gt;&gt;</a>&nbsp;&nbsp;&nbsp;_double_epilogue
<LI><a href="#[120]">&gt;&gt;</a>&nbsp;&nbsp;&nbsp;__aeabi_ddiv
</UL>

<P><STRONG><a name="[11b]"></a>_double_epilogue</STRONG> (Thumb, 156 bytes, Stack size 32 bytes, depilogue.o(.text), UNUSED)
<BR><BR>[Calls]<UL><LI><a href="#[11c]">&gt;&gt;</a>&nbsp;&nbsp;&nbsp;_double_round
<LI><a href="#[115]">&gt;&gt;</a>&nbsp;&nbsp;&nbsp;__aeabi_llsr
<LI><a href="#[116]">&gt;&gt;</a>&nbsp;&nbsp;&nbsp;__aeabi_llsl
</UL>
<BR>[Called By]<UL><LI><a href="#[119]">&gt;&gt;</a>&nbsp;&nbsp;&nbsp;__aeabi_dadd
<LI><a href="#[11f]">&gt;&gt;</a>&nbsp;&nbsp;&nbsp;__aeabi_dmul
</UL>

<P><STRONG><a name="[3d4]"></a>__decompress</STRONG> (Thumb, 0 bytes, Stack size unknown bytes, __dczerorl.o(.text), UNUSED)

<P><STRONG><a name="[3d5]"></a>__decompress0</STRONG> (Thumb, 58 bytes, Stack size unknown bytes, __dczerorl.o(.text), UNUSED)

<P><STRONG><a name="[1d]"></a>BusFault_Handler</STRONG> (Thumb, 4 bytes, Stack size 0 bytes, stm32h5xx_it.o(.text.BusFault_Handler))
<BR>[Address Reference Count : 1]<UL><LI> startup_stm32h562xx.o(RESET)
</UL>
<P><STRONG><a name="[200]"></a>DWT_Init</STRONG> (Thumb, 46 bytes, Stack size 0 bytes, main.o(.text.DWT_Init))
<BR><BR>[Called By]<UL><LI><a href="#[9e]">&gt;&gt;</a>&nbsp;&nbsp;&nbsp;main
</UL>

<P><STRONG><a name="[21]"></a>DebugMon_Handler</STRONG> (Thumb, 2 bytes, Stack size 0 bytes, stm32h5xx_it.o(.text.DebugMon_Handler))
<BR>[Address Reference Count : 1]<UL><LI> startup_stm32h562xx.o(RESET)
</UL>
<P><STRONG><a name="[123]"></a>DelayM</STRONG> (Thumb, 20 bytes, Stack size 16 bytes, inf_st7789_lcd.o(.text.DelayM))
<BR><BR>[Stack]<UL><LI>Max Depth = 40<LI>Call Chain = DelayM &rArr; HAL_Delay
</UL>
<BR>[Calls]<UL><LI><a href="#[124]">&gt;&gt;</a>&nbsp;&nbsp;&nbsp;HAL_Delay
</UL>
<BR>[Called By]<UL><LI><a href="#[1c3]">&gt;&gt;</a>&nbsp;&nbsp;&nbsp;ST7789_LCD_Init
</UL>

<P><STRONG><a name="[3c]"></a>EXTI13_IRQHandler</STRONG> (Thumb, 12 bytes, Stack size 8 bytes, stm32h5xx_it.o(.text.EXTI13_IRQHandler))
<BR><BR>[Stack]<UL><LI>Max Depth = 52<LI>Call Chain = EXTI13_IRQHandler &rArr; HAL_GPIO_EXTI_IRQHandler &rArr; HAL_GPIO_EXTI_Falling_Callback &rArr; delay_us
</UL>
<BR>[Calls]<UL><LI><a href="#[125]">&gt;&gt;</a>&nbsp;&nbsp;&nbsp;HAL_GPIO_EXTI_IRQHandler
</UL>
<BR>[Address Reference Count : 1]<UL><LI> startup_stm32h562xx.o(RESET)
</UL>
<P><STRONG><a name="[30]"></a>EXTI1_IRQHandler</STRONG> (Thumb, 10 bytes, Stack size 8 bytes, stm32h5xx_it.o(.text.EXTI1_IRQHandler))
<BR><BR>[Stack]<UL><LI>Max Depth = 52<LI>Call Chain = EXTI1_IRQHandler &rArr; HAL_GPIO_EXTI_IRQHandler &rArr; HAL_GPIO_EXTI_Falling_Callback &rArr; delay_us
</UL>
<BR>[Calls]<UL><LI><a href="#[125]">&gt;&gt;</a>&nbsp;&nbsp;&nbsp;HAL_GPIO_EXTI_IRQHandler
</UL>
<BR>[Address Reference Count : 1]<UL><LI> startup_stm32h562xx.o(RESET)
</UL>
<P><STRONG><a name="[126]"></a>EditModule_Create</STRONG> (Thumb, 56 bytes, Stack size 24 bytes, editmodule.o(.text.EditModule_Create))
<BR><BR>[Stack]<UL><LI>Max Depth = 464<LI>Call Chain = EditModule_Create &rArr; GUI_CreateDialogBox &rArr; WM_SetFocusOnNextChild &rArr; WM_SetFocus &rArr; WM__SendMessage &rArr; WM_DefaultProc &rArr; WM_InvalidateWindow &rArr; WM_InvalidateRect &rArr; WM__InvalidateRectEx &rArr; WM__InvalidateRect &rArr;  WM__InvalidateRect (Cycle)
</UL>
<BR>[Calls]<UL><LI><a href="#[12a]">&gt;&gt;</a>&nbsp;&nbsp;&nbsp;GUI_CreateDialogBox
<LI><a href="#[129]">&gt;&gt;</a>&nbsp;&nbsp;&nbsp;WM_GetDesktopWindow
<LI><a href="#[128]">&gt;&gt;</a>&nbsp;&nbsp;&nbsp;LCD_GetYSize
<LI><a href="#[127]">&gt;&gt;</a>&nbsp;&nbsp;&nbsp;LCD_GetXSize
</UL>
<BR>[Called By]<UL><LI><a href="#[ac]">&gt;&gt;</a>&nbsp;&nbsp;&nbsp;LCD_task
</UL>

<P><STRONG><a name="[162]"></a>Error_Handler</STRONG> (Thumb, 6 bytes, Stack size 0 bytes, main.o(.text.Error_Handler))
<BR><BR>[Called By]<UL><LI><a href="#[1bc]">&gt;&gt;</a>&nbsp;&nbsp;&nbsp;HAL_UART_MspInit
<LI><a href="#[192]">&gt;&gt;</a>&nbsp;&nbsp;&nbsp;HAL_SPI_MspInit
<LI><a href="#[15a]">&gt;&gt;</a>&nbsp;&nbsp;&nbsp;HAL_ADC_MspInit
<LI><a href="#[1d0]">&gt;&gt;</a>&nbsp;&nbsp;&nbsp;MX_ADC1_Init
<LI><a href="#[1d7]">&gt;&gt;</a>&nbsp;&nbsp;&nbsp;MX_SPI2_Init
<LI><a href="#[1d8]">&gt;&gt;</a>&nbsp;&nbsp;&nbsp;MX_TIM1_Init
<LI><a href="#[1dc]">&gt;&gt;</a>&nbsp;&nbsp;&nbsp;MX_USART1_UART_Init
<LI><a href="#[1d1]">&gt;&gt;</a>&nbsp;&nbsp;&nbsp;MX_CRC_Init
<LI><a href="#[1d6]">&gt;&gt;</a>&nbsp;&nbsp;&nbsp;MX_IWDG_Init
<LI><a href="#[1d2]">&gt;&gt;</a>&nbsp;&nbsp;&nbsp;MX_FLASH_Init
<LI><a href="#[1e4]">&gt;&gt;</a>&nbsp;&nbsp;&nbsp;SystemClock_Config
</UL>

<P><STRONG><a name="[12b]"></a>FT6236_CheckAck</STRONG> (Thumb, 144 bytes, Stack size 24 bytes, inf_ft6236.o(.text.FT6236_CheckAck))
<BR><BR>[Stack]<UL><LI>Max Depth = 60<LI>Call Chain = FT6236_CheckAck &rArr; FT6236_Stop &rArr; delay_us
</UL>
<BR>[Calls]<UL><LI><a href="#[12e]">&gt;&gt;</a>&nbsp;&nbsp;&nbsp;HAL_GPIO_ReadPin
<LI><a href="#[12d]">&gt;&gt;</a>&nbsp;&nbsp;&nbsp;delay_us
<LI><a href="#[12c]">&gt;&gt;</a>&nbsp;&nbsp;&nbsp;HAL_GPIO_WritePin
<LI><a href="#[12f]">&gt;&gt;</a>&nbsp;&nbsp;&nbsp;FT6236_Stop
</UL>
<BR>[Called By]<UL><LI><a href="#[133]">&gt;&gt;</a>&nbsp;&nbsp;&nbsp;FT6236_RD_Reg
<LI><a href="#[131]">&gt;&gt;</a>&nbsp;&nbsp;&nbsp;FT6236_WR_Reg
</UL>

<P><STRONG><a name="[130]"></a>FT6236_Init</STRONG> (Thumb, 134 bytes, Stack size 32 bytes, inf_ft6236.o(.text.FT6236_Init))
<BR><BR>[Stack]<UL><LI>Max Depth = 116<LI>Call Chain = FT6236_Init &rArr; FT6236_WR_Reg &rArr; FT6236_CheckAck &rArr; FT6236_Stop &rArr; delay_us
</UL>
<BR>[Calls]<UL><LI><a href="#[12c]">&gt;&gt;</a>&nbsp;&nbsp;&nbsp;HAL_GPIO_WritePin
<LI><a href="#[124]">&gt;&gt;</a>&nbsp;&nbsp;&nbsp;HAL_Delay
<LI><a href="#[131]">&gt;&gt;</a>&nbsp;&nbsp;&nbsp;FT6236_WR_Reg
</UL>
<BR>[Called By]<UL><LI><a href="#[ac]">&gt;&gt;</a>&nbsp;&nbsp;&nbsp;LCD_task
</UL>

<P><STRONG><a name="[132]"></a>FT6236_McuACK</STRONG> (Thumb, 90 bytes, Stack size 32 bytes, inf_ft6236.o(.text.FT6236_McuACK))
<BR><BR>[Stack]<UL><LI>Max Depth = 44<LI>Call Chain = FT6236_McuACK &rArr; delay_us
</UL>
<BR>[Calls]<UL><LI><a href="#[12d]">&gt;&gt;</a>&nbsp;&nbsp;&nbsp;delay_us
<LI><a href="#[12c]">&gt;&gt;</a>&nbsp;&nbsp;&nbsp;HAL_GPIO_WritePin
</UL>
<BR>[Called By]<UL><LI><a href="#[133]">&gt;&gt;</a>&nbsp;&nbsp;&nbsp;FT6236_RD_Reg
</UL>

<P><STRONG><a name="[133]"></a>FT6236_RD_Reg</STRONG> (Thumb, 114 bytes, Stack size 24 bytes, inf_ft6236.o(.text.FT6236_RD_Reg))
<BR><BR>[Stack]<UL><LI>Max Depth = 84<LI>Call Chain = FT6236_RD_Reg &rArr; FT6236_CheckAck &rArr; FT6236_Stop &rArr; delay_us
</UL>
<BR>[Calls]<UL><LI><a href="#[136]">&gt;&gt;</a>&nbsp;&nbsp;&nbsp;FT6236_RdOneByte
<LI><a href="#[135]">&gt;&gt;</a>&nbsp;&nbsp;&nbsp;FT6236_WrOneByte
<LI><a href="#[12b]">&gt;&gt;</a>&nbsp;&nbsp;&nbsp;FT6236_CheckAck
<LI><a href="#[132]">&gt;&gt;</a>&nbsp;&nbsp;&nbsp;FT6236_McuACK
<LI><a href="#[12f]">&gt;&gt;</a>&nbsp;&nbsp;&nbsp;FT6236_Stop
<LI><a href="#[134]">&gt;&gt;</a>&nbsp;&nbsp;&nbsp;FT6236_Start
</UL>
<BR>[Called By]<UL><LI><a href="#[137]">&gt;&gt;</a>&nbsp;&nbsp;&nbsp;FT6236_Scan
</UL>

<P><STRONG><a name="[136]"></a>FT6236_RdOneByte</STRONG> (Thumb, 168 bytes, Stack size 24 bytes, inf_ft6236.o(.text.FT6236_RdOneByte))
<BR><BR>[Stack]<UL><LI>Max Depth = 36<LI>Call Chain = FT6236_RdOneByte &rArr; delay_us
</UL>
<BR>[Calls]<UL><LI><a href="#[12e]">&gt;&gt;</a>&nbsp;&nbsp;&nbsp;HAL_GPIO_ReadPin
<LI><a href="#[12d]">&gt;&gt;</a>&nbsp;&nbsp;&nbsp;delay_us
<LI><a href="#[12c]">&gt;&gt;</a>&nbsp;&nbsp;&nbsp;HAL_GPIO_WritePin
</UL>
<BR>[Called By]<UL><LI><a href="#[133]">&gt;&gt;</a>&nbsp;&nbsp;&nbsp;FT6236_RD_Reg
</UL>

<P><STRONG><a name="[137]"></a>FT6236_Scan</STRONG> (Thumb, 336 bytes, Stack size 16 bytes, inf_ft6236.o(.text.FT6236_Scan))
<BR><BR>[Stack]<UL><LI>Max Depth = 100<LI>Call Chain = FT6236_Scan &rArr; FT6236_RD_Reg &rArr; FT6236_CheckAck &rArr; FT6236_Stop &rArr; delay_us
</UL>
[...]
</UL>
<BR>[Calls]<UL><LI><a href="#[128]">&gt;&gt;</a>&nbsp;&nbsp;&nbsp;LCD_GetYSize
<LI><a href="#[127]">&gt;&gt;</a>&nbsp;&nbsp;&nbsp;LCD_GetXSize
<LI><a href="#[36c]">&gt;&gt;</a>&nbsp;&nbsp;&nbsp;WM_GetWindowRect
</UL>
<BR>[Called By]<UL><LI><a href="#[17]">&gt;&gt;</a>&nbsp;&nbsp;&nbsp;_TransformRect
<LI><a href="#[15]">&gt;&gt;</a>&nbsp;&nbsp;&nbsp;_DrawBitmapCW
</UL>

<P><STRONG><a name="[17]"></a>_TransformRect</STRONG> (Thumb, 62 bytes, Stack size 24 bytes, lcd_rotatecw.o(i._TransformRect))
<BR><BR>[Stack]<UL><LI>Max Depth = 256<LI>Call Chain = _TransformRect &rArr; _TransformPoint &rArr; WM_GetWindowRect &rArr; GUI_Lock &rArr; GUI_X_Lock &rArr; xQueueSemaphoreTake &rArr; prvUnlockQueue &rArr; prvNotifyQueueSetContainer &rArr; prvCopyDataToQueue &rArr; xTaskPriorityDisinherit &rArr; printf
</UL>
<BR>[Calls]<UL><LI><a href="#[3ae]">&gt;&gt;</a>&nbsp;&nbsp;&nbsp;_TransformPoint
</UL>
<BR>[Address Reference Count : 1]<UL><LI> lcd_rotatecw.o(.data)
</UL>
<P><STRONG><a name="[3a9]"></a>_DrawBitLine1BPP</STRONG> (Thumb, 272 bytes, Stack size 56 bytes, guidev_32.o(i._DrawBitLine1BPP))
<BR><BR>[Stack]<UL><LI>Max Depth = 56<LI>Call Chain = _DrawBitLine1BPP
</UL>
<BR>[Called By]<UL><LI><a href="#[ed]">&gt;&gt;</a>&nbsp;&nbsp;&nbsp;_DrawBitmap
</UL>

<P><STRONG><a name="[3aa]"></a>_DrawBitLine2BPP</STRONG> (Thumb, 218 bytes, Stack size 56 bytes, guidev_32.o(i._DrawBitLine2BPP))
<BR><BR>[Stack]<UL><LI>Max Depth = 56<LI>Call Chain = _DrawBitLine2BPP
</UL>
<BR>[Called By]<UL><LI><a href="#[ed]">&gt;&gt;</a>&nbsp;&nbsp;&nbsp;_DrawBitmap
</UL>

<P><STRONG><a name="[3a8]"></a>_DrawBitLine32BPP_DDB</STRONG> (Thumb, 170 bytes, Stack size 32 bytes, guidev_32.o(i._DrawBitLine32BPP_DDB))
<BR><BR>[Stack]<UL><LI>Max Depth = 32<LI>Call Chain = _DrawBitLine32BPP_DDB
</UL>
<BR>[Called By]<UL><LI><a href="#[ed]">&gt;&gt;</a>&nbsp;&nbsp;&nbsp;_DrawBitmap
</UL>

<P><STRONG><a name="[3ab]"></a>_DrawBitLine4BPP</STRONG> (Thumb, 340 bytes, Stack size 40 bytes, guidev_32.o(i._DrawBitLine4BPP))
<BR><BR>[Stack]<UL><LI>Max Depth = 40<LI>Call Chain = _DrawBitLine4BPP
</UL>
<BR>[Called By]<UL><LI><a href="#[ed]">&gt;&gt;</a>&nbsp;&nbsp;&nbsp;_DrawBitmap
</UL>

<P><STRONG><a name="[ed]"></a>_DrawBitmap</STRONG> (Thumb, 666 bytes, Stack size 104 bytes, guidev_32.o(i._DrawBitmap))
<BR><BR>[Stack]<UL><LI>Max Depth = 160<LI>Call Chain = _DrawBitmap &rArr; _DrawBitLine2BPP
</UL>
<BR>[Calls]<UL><LI><a href="#[249]">&gt;&gt;</a>&nbsp;&nbsp;&nbsp;GUI_ALLOC_UnlockH
<LI><a href="#[248]">&gt;&gt;</a>&nbsp;&nbsp;&nbsp;GUI_ALLOC_LockH
<LI><a href="#[3a6]">&gt;&gt;</a>&nbsp;&nbsp;&nbsp;GUI_USAGE_AddRect
<LI><a href="#[3a7]">&gt;&gt;</a>&nbsp;&nbsp;&nbsp;_XY2PTR
<LI><a href="#[3ab]">&gt;&gt;</a>&nbsp;&nbsp;&nbsp;_DrawBitLine4BPP
<LI><a href="#[3a8]">&gt;&gt;</a>&nbsp;&nbsp;&nbsp;_DrawBitLine32BPP_DDB
<LI><a href="#[3aa]">&gt;&gt;</a>&nbsp;&nbsp;&nbsp;_DrawBitLine2BPP
<LI><a href="#[3a9]">&gt;&gt;</a>&nbsp;&nbsp;&nbsp;_DrawBitLine1BPP
</UL>
<BR>[Address Reference Count : 1]<UL><LI> guidev_32.o(.constdata)
</UL>
<P><STRONG><a name="[ee]"></a>_DrawHLine</STRONG> (Thumb, 10 bytes, Stack size 8 bytes, guidev_32.o(i._DrawHLine))
<BR><BR>[Stack]<UL><LI>Max Depth = 80<LI>Call Chain = _DrawHLine &rArr; _FillRect &rArr; GUI_USAGE_AddRect
</UL>
<BR>[Calls]<UL><LI><a href="#[f0]">&gt;&gt;</a>&nbsp;&nbsp;&nbsp;_FillRect
</UL>
<BR>[Address Reference Count : 1]<UL><LI> guidev_32.o(.constdata)
</UL>
<P><STRONG><a name="[ef]"></a>_DrawVLine</STRONG> (Thumb, 168 bytes, Stack size 40 bytes, guidev_32.o(i._DrawVLine))
<BR><BR>[Stack]<UL><LI>Max Depth = 56<LI>Call Chain = _DrawVLine &rArr; _XY2PTR
</UL>
<BR>[Calls]<UL><LI><a href="#[249]">&gt;&gt;</a>&nbsp;&nbsp;&nbsp;GUI_ALLOC_UnlockH
<LI><a href="#[248]">&gt;&gt;</a>&nbsp;&nbsp;&nbsp;GUI_ALLOC_LockH
<LI><a href="#[3a7]">&gt;&gt;</a>&nbsp;&nbsp;&nbsp;_XY2PTR
</UL>
<BR>[Address Reference Count : 1]<UL><LI> guidev_32.o(.constdata)
</UL>
<P><STRONG><a name="[f0]"></a>_FillRect</STRONG> (Thumb, 164 bytes, Stack size 48 bytes, guidev_32.o(i._FillRect))
<BR><BR>[Stack]<UL><LI>Max Depth = 72<LI>Call Chain = _FillRect &rArr; GUI_USAGE_AddRect
</UL>
<BR>[Calls]<UL><LI><a href="#[249]">&gt;&gt;</a>&nbsp;&nbsp;&nbsp;GUI_ALLOC_UnlockH
<LI><a href="#[248]">&gt;&gt;</a>&nbsp;&nbsp;&nbsp;GUI_ALLOC_LockH
<LI><a href="#[3a6]">&gt;&gt;</a>&nbsp;&nbsp;&nbsp;GUI_USAGE_AddRect
<LI><a href="#[3a7]">&gt;&gt;</a>&nbsp;&nbsp;&nbsp;_XY2PTR
</UL>
<BR>[Called By]<UL><LI><a href="#[ee]">&gt;&gt;</a>&nbsp;&nbsp;&nbsp;_DrawHLine
</UL>
<BR>[Address Reference Count : 1]<UL><LI> guidev_32.o(.constdata)
</UL>
<P><STRONG><a name="[f7]"></a>_GetDevData</STRONG> (Thumb, 12 bytes, Stack size 0 bytes, guidev_32.o(i._GetDevData))
<BR>[Address Reference Count : 1]<UL><LI> guidev_32.o(.constdata)
</UL>
<P><STRONG><a name="[f5]"></a>_GetDevFunc</STRONG> (Thumb, 12 bytes, Stack size 0 bytes, guidev_32.o(i._GetDevFunc))
<BR>[Address Reference Count : 1]<UL><LI> guidev_32.o(.constdata)
</UL>
<P><STRONG><a name="[f6]"></a>_GetDevProp</STRONG> (Thumb, 12 bytes, Stack size 0 bytes, guidev_32.o(i._GetDevProp))
<BR>[Address Reference Count : 1]<UL><LI> guidev_32.o(.constdata)
</UL>
<P><STRONG><a name="[f1]"></a>_GetPixelIndex</STRONG> (Thumb, 14 bytes, Stack size 8 bytes, guidev_32.o(i._GetPixelIndex))
<BR><BR>[Stack]<UL><LI>Max Depth = 24<LI>Call Chain = _GetPixelIndex &rArr; _XY2PTR
</UL>
<BR>[Calls]<UL><LI><a href="#[3a7]">&gt;&gt;</a>&nbsp;&nbsp;&nbsp;_XY2PTR
</UL>
<BR>[Address Reference Count : 1]<UL><LI> guidev_32.o(.constdata)
</UL>
<P><STRONG><a name="[f8]"></a>_GetRect</STRONG> (Thumb, 52 bytes, Stack size 16 bytes, guidev_32.o(i._GetRect))
<BR><BR>[Stack]<UL><LI>Max Depth = 16<LI>Call Chain = _GetRect
</UL>
<BR>[Calls]<UL><LI><a href="#[249]">&gt;&gt;</a>&nbsp;&nbsp;&nbsp;GUI_ALLOC_UnlockH
<LI><a href="#[248]">&gt;&gt;</a>&nbsp;&nbsp;&nbsp;GUI_ALLOC_LockH
</UL>
<BR>[Address Reference Count : 1]<UL><LI> guidev_32.o(.constdata)
</UL>
<P><STRONG><a name="[f4]"></a>_SetOrg</STRONG> (Thumb, 8 bytes, Stack size 0 bytes, guidev_32.o(i._SetOrg))
<BR>[Address Reference Count : 1]<UL><LI> guidev_32.o(.constdata)
</UL>
<P><STRONG><a name="[f2]"></a>_SetPixelIndex</STRONG> (Thumb, 66 bytes, Stack size 24 bytes, guidev_32.o(i._SetPixelIndex))
<BR><BR>[Stack]<UL><LI>Max Depth = 40<LI>Call Chain = _SetPixelIndex &rArr; _XY2PTR
</UL>
<BR>[Calls]<UL><LI><a href="#[249]">&gt;&gt;</a>&nbsp;&nbsp;&nbsp;GUI_ALLOC_UnlockH
<LI><a href="#[248]">&gt;&gt;</a>&nbsp;&nbsp;&nbsp;GUI_ALLOC_LockH
<LI><a href="#[3a7]">&gt;&gt;</a>&nbsp;&nbsp;&nbsp;_XY2PTR
</UL>
<BR>[Address Reference Count : 1]<UL><LI> guidev_32.o(.constdata)
</UL>
<P><STRONG><a name="[3a7]"></a>_XY2PTR</STRONG> (Thumb, 56 bytes, Stack size 16 bytes, guidev_32.o(i._XY2PTR))
<BR><BR>[Stack]<UL><LI>Max Depth = 16<LI>Call Chain = _XY2PTR
</UL>
<BR>[Calls]<UL><LI><a href="#[249]">&gt;&gt;</a>&nbsp;&nbsp;&nbsp;GUI_ALLOC_UnlockH
<LI><a href="#[248]">&gt;&gt;</a>&nbsp;&nbsp;&nbsp;GUI_ALLOC_LockH
</UL>
<BR>[Called By]<UL><LI><a href="#[f3]">&gt;&gt;</a>&nbsp;&nbsp;&nbsp;_XorPixel
<LI><a href="#[f2]">&gt;&gt;</a>&nbsp;&nbsp;&nbsp;_SetPixelIndex
<LI><a href="#[f1]">&gt;&gt;</a>&nbsp;&nbsp;&nbsp;_GetPixelIndex
<LI><a href="#[f0]">&gt;&gt;</a>&nbsp;&nbsp;&nbsp;_FillRect
<LI><a href="#[ef]">&gt;&gt;</a>&nbsp;&nbsp;&nbsp;_DrawVLine
<LI><a href="#[ed]">&gt;&gt;</a>&nbsp;&nbsp;&nbsp;_DrawBitmap
</UL>

<P><STRONG><a name="[f3]"></a>_XorPixel</STRONG> (Thumb, 84 bytes, Stack size 32 bytes, guidev_32.o(i._XorPixel))
<BR><BR>[Stack]<UL><LI>Max Depth = 48<LI>Call Chain = _XorPixel &rArr; _XY2PTR
</UL>
<BR>[Calls]<UL><LI><a href="#[249]">&gt;&gt;</a>&nbsp;&nbsp;&nbsp;GUI_ALLOC_UnlockH
<LI><a href="#[248]">&gt;&gt;</a>&nbsp;&nbsp;&nbsp;GUI_ALLOC_LockH
<LI><a href="#[3a7]">&gt;&gt;</a>&nbsp;&nbsp;&nbsp;_XY2PTR
</UL>
<BR>[Address Reference Count : 1]<UL><LI> guidev_32.o(.constdata)
</UL>
<P><STRONG><a name="[fa]"></a>GUI_USAGE_BM_AddHLine</STRONG> (Thumb, 116 bytes, Stack size 16 bytes, guidev_usagebm.o(i.GUI_USAGE_BM_AddHLine))
<BR><BR>[Stack]<UL><LI>Max Depth = 16<LI>Call Chain = GUI_USAGE_BM_AddHLine
</UL>
<BR>[Calls]<UL><LI><a href="#[118]">&gt;&gt;</a>&nbsp;&nbsp;&nbsp;__aeabi_memset
</UL>
<BR>[Address Reference Count : 1]<UL><LI> guidev_usagebm.o(.constdata)
</UL>
<P><STRONG><a name="[f9]"></a>GUI_USAGE_BM_AddPixel</STRONG> (Thumb, 44 bytes, Stack size 8 bytes, guidev_usagebm.o(i.GUI_USAGE_BM_AddPixel))
<BR><BR>[Stack]<UL><LI>Max Depth = 8<LI>Call Chain = GUI_USAGE_BM_AddPixel
</UL>
<BR>[Address Reference Count : 1]<UL><LI> guidev_usagebm.o(.constdata)
</UL>
<P><STRONG><a name="[fb]"></a>GUI_USAGE_BM_Clear</STRONG> (Thumb, 14 bytes, Stack size 0 bytes, guidev_usagebm.o(i.GUI_USAGE_BM_Clear))
<BR><BR>[Calls]<UL><LI><a href="#[1d9]">&gt;&gt;</a>&nbsp;&nbsp;&nbsp;__aeabi_memclr4
</UL>
<BR>[Address Reference Count : 1]<UL><LI> guidev_usagebm.o(.constdata)
</UL>
<P><STRONG><a name="[fd]"></a>GUI_USAGE_BM_GetNextDirty</STRONG> (Thumb, 154 bytes, Stack size 16 bytes, guidev_usagebm.o(i.GUI_USAGE_BM_GetNextDirty))
<BR><BR>[Stack]<UL><LI>Max Depth = 16<LI>Call Chain = GUI_USAGE_BM_GetNextDirty
</UL>
<BR>[Address Reference Count : 1]<UL><LI> guidev_usagebm.o(.constdata)
</UL>
<P><STRONG><a name="[fc]"></a>_GUI_USAGE_BM_Delete</STRONG> (Thumb, 4 bytes, Stack size 0 bytes, guidev_usagebm.o(i._GUI_USAGE_BM_Delete))
<BR><BR>[Stack]<UL><LI>Max Depth = 208<LI>Call Chain = _GUI_USAGE_BM_Delete &rArr; GUI_ALLOC_Free &rArr; GUI_Lock &rArr; GUI_X_Lock &rArr; xQueueSemaphoreTake &rArr; prvUnlockQueue &rArr; prvNotifyQueueSetContainer &rArr; prvCopyDataToQueue &rArr; xTaskPriorityDisinherit &rArr; printf
</UL>
<BR>[Calls]<UL><LI><a href="#[285]">&gt;&gt;</a>&nbsp;&nbsp;&nbsp;GUI_ALLOC_Free
</UL>
<BR>[Address Reference Count : 1]<UL><LI> guidev_usagebm.o(.constdata)
</UL>
<P><STRONG><a name="[39c]"></a>_Convert16</STRONG> (Thumb, 62 bytes, Stack size 40 bytes, guidev_writetoactiveopaque.o(i._Convert16))
<BR><BR>[Stack]<UL><LI>Max Depth = 48<LI>Call Chain = _Convert16 &rArr; GUI__CompactPixelIndices
</UL>
<BR>[Calls]<UL><LI><a href="#[39d]">&gt;&gt;</a>&nbsp;&nbsp;&nbsp;GUI__CompactPixelIndices
</UL>
<BR>[Called By]<UL><LI><a href="#[2f5]">&gt;&gt;</a>&nbsp;&nbsp;&nbsp;_WriteToActiveOpaque_8
</UL>

<P><STRONG><a name="[39e]"></a>_Convert8</STRONG> (Thumb, 62 bytes, Stack size 40 bytes, guidev_writetoactiveopaque.o(i._Convert8))
<BR><BR>[Stack]<UL><LI>Max Depth = 48<LI>Call Chain = _Convert8 &rArr; GUI__CompactPixelIndices
</UL>
<BR>[Calls]<UL><LI><a href="#[39d]">&gt;&gt;</a>&nbsp;&nbsp;&nbsp;GUI__CompactPixelIndices
</UL>
<BR>[Called By]<UL><LI><a href="#[2f5]">&gt;&gt;</a>&nbsp;&nbsp;&nbsp;_WriteToActiveOpaque_8
</UL>

<P><STRONG><a name="[2f5]"></a>_WriteToActiveOpaque_8</STRONG> (Thumb, 824 bytes, Stack size 168 bytes, guidev_writetoactiveopaque.o(i._WriteToActiveOpaque_8))
<BR><BR>[Stack]<UL><LI>Max Depth = 384<LI>Call Chain = _WriteToActiveOpaque_8 &rArr; GUI_MEMDEV_GetDataPtr &rArr; GUI_Lock &rArr; GUI_X_Lock &rArr; xQueueSemaphoreTake &rArr; prvUnlockQueue &rArr; prvNotifyQueueSetContainer &rArr; prvCopyDataToQueue &rArr; xTaskPriorityDisinherit &rArr; printf
</UL>
<BR>[Calls]<UL><LI><a href="#[249]">&gt;&gt;</a>&nbsp;&nbsp;&nbsp;GUI_ALLOC_UnlockH
<LI><a href="#[248]">&gt;&gt;</a>&nbsp;&nbsp;&nbsp;GUI_ALLOC_LockH
<LI><a href="#[285]">&gt;&gt;</a>&nbsp;&nbsp;&nbsp;GUI_ALLOC_Free
<LI><a href="#[282]">&gt;&gt;</a>&nbsp;&nbsp;&nbsp;GUI_ALLOC_AllocNoInit
<LI><a href="#[31b]">&gt;&gt;</a>&nbsp;&nbsp;&nbsp;GUI_GetpfIndex2ColorEx
<LI><a href="#[3bb]">&gt;&gt;</a>&nbsp;&nbsp;&nbsp;GUI_GetpfColor2IndexEx
<LI><a href="#[31a]">&gt;&gt;</a>&nbsp;&nbsp;&nbsp;GUI_GetBitsPerPixelEx
<LI><a href="#[33e]">&gt;&gt;</a>&nbsp;&nbsp;&nbsp;LCD__DrawBitmap_1bpp
<LI><a href="#[277]">&gt;&gt;</a>&nbsp;&nbsp;&nbsp;LCD_DrawBitmap
<LI><a href="#[2eb]">&gt;&gt;</a>&nbsp;&nbsp;&nbsp;GUI_MEMDEV_GetDataPtr
<LI><a href="#[39e]">&gt;&gt;</a>&nbsp;&nbsp;&nbsp;_Convert8
<LI><a href="#[39c]">&gt;&gt;</a>&nbsp;&nbsp;&nbsp;_Convert16
</UL>
<BR>[Called By]<UL><LI><a href="#[2d7]">&gt;&gt;</a>&nbsp;&nbsp;&nbsp;GUI_MEMDEV__WriteToActiveOpaque
</UL>

<P><STRONG><a name="[2f6]"></a>_WriteToActiveOpaque_HT</STRONG> (Thumb, 826 bytes, Stack size 144 bytes, guidev_writetoactiveopaque.o(i._WriteToActiveOpaque_HT))
<BR><BR>[Stack]<UL><LI>Max Depth = 352<LI>Call Chain = _WriteToActiveOpaque_HT &rArr; GUI_ALLOC_Free &rArr; GUI_Lock &rArr; GUI_X_Lock &rArr; xQueueSemaphoreTake &rArr; prvUnlockQueue &rArr; prvNotifyQueueSetContainer &rArr; prvCopyDataToQueue &rArr; xTaskPriorityDisinherit &rArr; printf
</UL>
<BR>[Calls]<UL><LI><a href="#[249]">&gt;&gt;</a>&nbsp;&nbsp;&nbsp;GUI_ALLOC_UnlockH
<LI><a href="#[248]">&gt;&gt;</a>&nbsp;&nbsp;&nbsp;GUI_ALLOC_LockH
<LI><a href="#[285]">&gt;&gt;</a>&nbsp;&nbsp;&nbsp;GUI_ALLOC_Free
<LI><a href="#[282]">&gt;&gt;</a>&nbsp;&nbsp;&nbsp;GUI_ALLOC_AllocNoInit
<LI><a href="#[31a]">&gt;&gt;</a>&nbsp;&nbsp;&nbsp;GUI_GetBitsPerPixelEx
<LI><a href="#[277]">&gt;&gt;</a>&nbsp;&nbsp;&nbsp;LCD_DrawBitmap
</UL>
<BR>[Called By]<UL><LI><a href="#[2d7]">&gt;&gt;</a>&nbsp;&nbsp;&nbsp;GUI_MEMDEV__WriteToActiveOpaque
</UL>

<P><STRONG><a name="[100]"></a>_DrawDown</STRONG> (Thumb, 16 bytes, Stack size 16 bytes, widget_effect_simple.o(i._DrawDown))
<BR><BR>[Stack]<UL><LI>Max Depth = 400<LI>Call Chain = _DrawDown &rArr; _DrawDownRect &rArr; GUI_DrawRect &rArr; GUI_Lock &rArr; GUI_X_Lock &rArr; xQueueSemaphoreTake &rArr; prvUnlockQueue &rArr; prvNotifyQueueSetContainer &rArr; prvCopyDataToQueue &rArr; xTaskPriorityDisinherit &rArr; printf
</UL>
<BR>[Calls]<UL><LI><a href="#[2c0]">&gt;&gt;</a>&nbsp;&nbsp;&nbsp;WM_GetClientRect
<LI><a href="#[101]">&gt;&gt;</a>&nbsp;&nbsp;&nbsp;_DrawDownRect
</UL>
<BR>[Address Reference Count : 1]<UL><LI> widget_effect_simple.o(.constdata)
</UL>
<P><STRONG><a name="[101]"></a>_DrawDownRect</STRONG> (Thumb, 50 bytes, Stack size 120 bytes, widget_effect_simple.o(i._DrawDownRect))
<BR><BR>[Stack]<UL><LI>Max Depth = 384<LI>Call Chain = _DrawDownRect &rArr; GUI_DrawRect &rArr; GUI_Lock &rArr; GUI_X_Lock &rArr; xQueueSemaphoreTake &rArr; prvUnlockQueue &rArr; prvNotifyQueueSetContainer &rArr; prvCopyDataToQueue &rArr; xTaskPriorityDisinherit &rArr; printf
</UL>
<BR>[Calls]<UL><LI><a href="#[300]">&gt;&gt;</a>&nbsp;&nbsp;&nbsp;LCD_SetColor
<LI><a href="#[2fd]">&gt;&gt;</a>&nbsp;&nbsp;&nbsp;GUI_SaveContext_W
<LI><a href="#[2fc]">&gt;&gt;</a>&nbsp;&nbsp;&nbsp;GUI_RestoreContext
<LI><a href="#[2b4]">&gt;&gt;</a>&nbsp;&nbsp;&nbsp;GUI_DrawRect
</UL>
<BR>[Called By]<UL><LI><a href="#[100]">&gt;&gt;</a>&nbsp;&nbsp;&nbsp;_DrawDown
</UL>
<BR>[Address Reference Count : 1]<UL><LI> widget_effect_simple.o(.constdata)
</UL>
<P><STRONG><a name="[fe]"></a>_DrawUp</STRONG> (Thumb, 16 bytes, Stack size 16 bytes, widget_effect_simple.o(i._DrawUp))
<BR><BR>[Stack]<UL><LI>Max Depth = 400<LI>Call Chain = _DrawUp &rArr; _DrawUpRect &rArr; GUI_DrawRect &rArr; GUI_Lock &rArr; GUI_X_Lock &rArr; xQueueSemaphoreTake &rArr; prvUnlockQueue &rArr; prvNotifyQueueSetContainer &rArr; prvCopyDataToQueue &rArr; xTaskPriorityDisinherit &rArr; printf
</UL>
<BR>[Calls]<UL><LI><a href="#[2c0]">&gt;&gt;</a>&nbsp;&nbsp;&nbsp;WM_GetClientRect
<LI><a href="#[ff]">&gt;&gt;</a>&nbsp;&nbsp;&nbsp;_DrawUpRect
</UL>
<BR>[Address Reference Count : 1]<UL><LI> widget_effect_simple.o(.constdata)
</UL>
<P><STRONG><a name="[ff]"></a>_DrawUpRect</STRONG> (Thumb, 50 bytes, Stack size 120 bytes, widget_effect_simple.o(i._DrawUpRect))
<BR><BR>[Stack]<UL><LI>Max Depth = 384<LI>Call Chain = _DrawUpRect &rArr; GUI_DrawRect &rArr; GUI_Lock &rArr; GUI_X_Lock &rArr; xQueueSemaphoreTake &rArr; prvUnlockQueue &rArr; prvNotifyQueueSetContainer &rArr; prvCopyDataToQueue &rArr; xTaskPriorityDisinherit &rArr; printf
</UL>
<BR>[Calls]<UL><LI><a href="#[300]">&gt;&gt;</a>&nbsp;&nbsp;&nbsp;LCD_SetColor
<LI><a href="#[2fd]">&gt;&gt;</a>&nbsp;&nbsp;&nbsp;GUI_SaveContext_W
<LI><a href="#[2fc]">&gt;&gt;</a>&nbsp;&nbsp;&nbsp;GUI_RestoreContext
<LI><a href="#[2b4]">&gt;&gt;</a>&nbsp;&nbsp;&nbsp;GUI_DrawRect
</UL>
<BR>[Called By]<UL><LI><a href="#[fe]">&gt;&gt;</a>&nbsp;&nbsp;&nbsp;_DrawUp
</UL>
<BR>[Address Reference Count : 1]<UL><LI> widget_effect_simple.o(.constdata)
</UL>
<P><STRONG><a name="[2b5]"></a>_DrawRect</STRONG> (Thumb, 50 bytes, Stack size 24 bytes, gui_2dlib.o(i._DrawRect))
<BR><BR>[Stack]<UL><LI>Max Depth = 40<LI>Call Chain = _DrawRect &rArr; LCD_DrawHLine
</UL>
<BR>[Calls]<UL><LI><a href="#[c8]">&gt;&gt;</a>&nbsp;&nbsp;&nbsp;LCD_DrawHLine
<LI><a href="#[3b0]">&gt;&gt;</a>&nbsp;&nbsp;&nbsp;LCD_DrawVLine
</UL>
<BR>[Called By]<UL><LI><a href="#[2b4]">&gt;&gt;</a>&nbsp;&nbsp;&nbsp;GUI_DrawRect
</UL>

<P><STRONG><a name="[2fb]"></a>LCD_ReadRectEx</STRONG> (Thumb, 404 bytes, Stack size 64 bytes, lcd_readrect.o(i.LCD_ReadRectEx))
<BR><BR>[Stack]<UL><LI>Max Depth = 64<LI>Call Chain = LCD_ReadRectEx
</UL>
<BR>[Calls]<UL><LI><a href="#[31a]">&gt;&gt;</a>&nbsp;&nbsp;&nbsp;GUI_GetBitsPerPixelEx
</UL>
<BR>[Called By]<UL><LI><a href="#[2fa]">&gt;&gt;</a>&nbsp;&nbsp;&nbsp;GUI_ReadRectEx
</UL>

<P><STRONG><a name="[2f4]"></a>_WriteToActiveAlpha</STRONG> (Thumb, 390 bytes, Stack size 104 bytes, guidev_writetoactivealpha.o(i._WriteToActiveAlpha))
<BR><BR>[Stack]<UL><LI>Max Depth = 528<LI>Call Chain = _WriteToActiveAlpha &rArr; GUI__DoAlphaBlending &rArr; GUI__GetAlphaBuffer &rArr; GUI_ALLOC_GetFixedBlock &rArr; _InitOnce &rArr; _EnlargeBlocks &rArr; GUI_ALLOC_Free &rArr; GUI_Lock &rArr; GUI_X_Lock &rArr; xQueueSemaphoreTake &rArr; prvUnlockQueue &rArr; prvNotifyQueueSetContainer &rArr; prvCopyDataToQueue &rArr; xTaskPriorityDisinherit &rArr; printf
</UL>
<BR>[Calls]<UL><LI><a href="#[249]">&gt;&gt;</a>&nbsp;&nbsp;&nbsp;GUI_ALLOC_UnlockH
<LI><a href="#[248]">&gt;&gt;</a>&nbsp;&nbsp;&nbsp;GUI_ALLOC_LockH
<LI><a href="#[277]">&gt;&gt;</a>&nbsp;&nbsp;&nbsp;LCD_DrawBitmap
<LI><a href="#[319]">&gt;&gt;</a>&nbsp;&nbsp;&nbsp;GUI__DoAlphaBlending
<LI><a href="#[311]">&gt;&gt;</a>&nbsp;&nbsp;&nbsp;GUI__AllocAlphaBuffer
<LI><a href="#[2eb]">&gt;&gt;</a>&nbsp;&nbsp;&nbsp;GUI_MEMDEV_GetDataPtr
<LI><a href="#[315]">&gt;&gt;</a>&nbsp;&nbsp;&nbsp;GUI__CompactPixelIndicesEx
</UL>
<BR>[Called By]<UL><LI><a href="#[c4]">&gt;&gt;</a>&nbsp;&nbsp;&nbsp;GUI_MEMDEV__WriteToActiveAlpha
</UL>

<P><STRONG><a name="[3be]"></a>_fp_digits</STRONG> (Thumb, 366 bytes, Stack size 64 bytes, printfa.o(i._fp_digits), UNUSED)
<BR><BR>[Calls]<UL><LI><a href="#[114]">&gt;&gt;</a>&nbsp;&nbsp;&nbsp;__aeabi_uldivmod
<LI><a href="#[119]">&gt;&gt;</a>&nbsp;&nbsp;&nbsp;__aeabi_dadd
<LI><a href="#[3bf]">&gt;&gt;</a>&nbsp;&nbsp;&nbsp;__aeabi_cdrcmple
<LI><a href="#[11f]">&gt;&gt;</a>&nbsp;&nbsp;&nbsp;__aeabi_dmul
<LI><a href="#[120]">&gt;&gt;</a>&nbsp;&nbsp;&nbsp;__aeabi_ddiv
<LI><a href="#[121]">&gt;&gt;</a>&nbsp;&nbsp;&nbsp;__aeabi_d2ulz
</UL>
<BR>[Called By]<UL><LI><a href="#[3bd]">&gt;&gt;</a>&nbsp;&nbsp;&nbsp;_printf_core
</UL>

<P><STRONG><a name="[3bd]"></a>_printf_core</STRONG> (Thumb, 1744 bytes, Stack size 136 bytes, printfa.o(i._printf_core), UNUSED)
<BR><BR>[Calls]<UL><LI><a href="#[114]">&gt;&gt;</a>&nbsp;&nbsp;&nbsp;__aeabi_uldivmod
<LI><a href="#[3c2]">&gt;&gt;</a>&nbsp;&nbsp;&nbsp;__aeabi_uidivmod
<LI><a href="#[3c0]">&gt;&gt;</a>&nbsp;&nbsp;&nbsp;_printf_pre_padding
<LI><a href="#[3c1]">&gt;&gt;</a>&nbsp;&nbsp;&nbsp;_printf_post_padding
<LI><a href="#[3be]">&gt;&gt;</a>&nbsp;&nbsp;&nbsp;_fp_digits
</UL>
<BR>[Called By]<UL><LI><a href="#[3bc]">&gt;&gt;</a>&nbsp;&nbsp;&nbsp;__0printf
</UL>

<P><STRONG><a name="[3c1]"></a>_printf_post_padding</STRONG> (Thumb, 36 bytes, Stack size 24 bytes, printfa.o(i._printf_post_padding), UNUSED)
<BR><BR>[Called By]<UL><LI><a href="#[3bd]">&gt;&gt;</a>&nbsp;&nbsp;&nbsp;_printf_core
</UL>

<P><STRONG><a name="[3c0]"></a>_printf_pre_padding</STRONG> (Thumb, 46 bytes, Stack size 24 bytes, printfa.o(i._printf_pre_padding), UNUSED)
<BR><BR>[Called By]<UL><LI><a href="#[3bd]">&gt;&gt;</a>&nbsp;&nbsp;&nbsp;_printf_core
</UL>
<P>
<H3>
Undefined Global Symbols
</H3><HR></body></html>
