<html>
<body>
<pre>
<h1>�Vision Build Log</h1>
<h2>Tool Versions:</h2>
IDE-Version: ��Vision V5.43.1.0
Copyright (C) 2025 ARM Ltd and ARM Germany GmbH. All rights reserved.
License Information: dsd Administrator, sd, LIC=FYKYW-QCYBP-LQR0Q-N9KIX-FQ86M-A709S
 
Tool Versions:
Toolchain:       MDK-ARM Plus  Version: 5.43.0.0
Toolchain Path:  C:\Apps\Keil543\Arm\ARM\ARMCLANG\Bin
C Compiler:      ArmClang.exe V6.24
Assembler:       Armasm.exe V6.24
Linker/Locator:  ArmLink.exe V6.24
Library Manager: ArmAr.exe V6.24
Hex Converter:   FromElf.exe V6.24
CPU DLL:         
Dialog DLL:      
Target DLL:      Segger\JL2CM3.dll V2.99.45.0
Dialog DLL:      TCM.DLL V1.56.6.0
 
<h2>Project:</h2>
C:\Code\Embedded\workspace\STM32H562\LCD_Hardware\MDK-ARM\LCD_Hardware.uvprojx
Project File Date:  03/24/2026

<h2>Output:</h2>
*** Using Compiler 'V6.24', folder: 'C:\Apps\Keil543\Arm\ARM\ARMCLANG\Bin'
Build target 'LCD_Hardware'
assembling startup_stm32h562xx.s...
compiling gpio.c...
compiling lptim.c...
compiling iwdg.c...
compiling flash.c...
compiling stm32h5xx_it.c...
compiling main.c...
compiling stm32h5xx_hal_msp.c...
compiling stm32h5xx_hal_timebase_tim.c...
compiling stm32h5xx_hal_cortex.c...
compiling stm32h5xx_hal_flash.c...
compiling stm32h5xx_hal_flash_ex.c...
compiling stm32h5xx_hal_rcc.c...
compiling stm32h5xx_hal_tim_ex.c...
compiling stm32h5xx_hal_tim.c...
compiling stm32h5xx_hal_rcc_ex.c...
compiling stm32h5xx_hal_gpio.c...
compiling stm32h5xx_hal_dma.c...
compiling stm32h5xx_hal_pwr.c...
compiling stm32h5xx_hal_pwr_ex.c...
compiling stm32h5xx_hal_exti.c...
compiling stm32h5xx_hal.c...
compiling stm32h5xx_hal_dma_ex.c...
compiling stm32h5xx_hal_iwdg.c...
compiling system_stm32h5xx.c...
compiling stm32h5xx_hal_lptim.c...
Inf/LCD.c(411): warning: illegal character encoding in string literal [-Winvalid-source-encoding]
  411 |                 display_GB2312_string(3,1,(uint8_t*)"16X16<BC><F2><CC>庺<D7>ֿ<E2>,");
      |                                                           ^~~~~~~~~~~~  ~~~~~~~~
Inf/LCD.c(412): warning: illegal character encoding in string literal [-Winvalid-source-encoding]
  412 |                 display_GB2312_string(5,1,(uint8_t*)"<BB><F2>8X16<B5><E3><D5><F3>ASCII,");  /*<CF><D4>ʾһ<B4><AE>16x16<B5><E3><D5><F3><BA><BA><D7>ֻ<F2>8x16<B5><C4>ASCII<D7><D6>.<D2><D4><CF><C2><C0><D7>ͬ*/
      |                                                      ^~~~~~~~    ~~~~~~~~~~~~~~~~
Inf/LCD.c(413): warning: illegal character encoding in string literal [-Winvalid-source-encoding]
  413 |                 display_GB2312_string(7,1,(uint8_t*)"<BB><F2>5X7<B5><E3><D5><F3>ASCII<C2><EB>");
      |                                                      ^~~~~~~~   ~~~~~~~~~~~~~~~~     ~~~~~~~~
Inf/LCD.c(420): warning: passing 'char[22]' to parameter of type 'uint8_t *' (aka 'unsigned char *') converts between pointers to integer types where one is of the unique plain 'char' type and the other is not [-Wpointer-sign]
  420 |                 display_string_5x7(5,1,"Ltd. established at  ");/*<CF><D4>ʾһ<B4><AE>5x7<B5><E3><D5><F3><B5><C4>ASCII<D7><D6>*/    
      |                                        ^~~~~~~~~~~~~~~~~~~~~~~
Inf/LCD.c(323): note: passing argument to parameter 'text' here
  323 | void display_string_5x7(uchar y,uchar x,uchar *text)
      |                                                ^
Inf/LCD.c(422): warning: passing 'char[26]' to parameter of type 'uint8_t *' (aka 'unsigned char *') converts between pointers to integer types where one is of the unique plain 'char' type and the other is not [-Wpointer-sign]
  422 |                 display_string_5x7(7,1,"TEL:TEL:0755-29784961    ");/*<CF><D4>ʾһ<B4><AE>5x7<B5><E3><D5><F3><B5><C4>ASCII<D7><D6>*/
      |                                        ^~~~~~~~~~~~~~~~~~~~~~~~~~~
Inf/LCD.c(323): note: passing argument to parameter 'text' here
  323 | void display_string_5x7(uchar y,uchar x,uchar *text)
      |                                                ^
Inf/LCD.c(423): warning: passing 'char[22]' to parameter of type 'uint8_t *' (aka 'unsigned char *') converts between pointers to integer types where one is of the unique plain 'char' type and the other is not [-Wpointer-sign]
  423 |                 display_string_5x7(8,1,"FAX:0755-29784964    ");/*<CF><D4>ʾһ<B4><AE>5x7<B5><E3><D5><F3><B5><C4>ASCII<D7><D6>*/
      |                                        ^~~~~~~~~~~~~~~~~~~~~~~
Inf/LCD.c(323): note: passing argument to parameter 'text' here
  323 | void display_string_5x7(uchar y,uchar x,uchar *text)
      |                                                ^
6 warnings generated.
compiling LCD.c...
compiling I2C.c...
compiling SPI.c...
compiling croutine.c...
compiling list.c...
compiling event_groups.c...
compiling queue.c...
compiling stream_buffer.c...
compiling heap_4.c...
compiling portasm.c...
compiling port.c...
compiling timers.c...
compiling tasks.c...
linking...
Program Size: Code=26912 RO-data=968 RW-data=6868 ZI-data=1900  
FromELF: creating hex file...
"LCD_Hardware\LCD_Hardware.axf" - 0 Error(s), 6 Warning(s).

<h2>Software Packages used:</h2>

Package Vendor: ARM
                https://www.keil.com/pack/ARM.CMSIS.6.2.0.pack
                ARM::CMSIS@6.2.0
                CMSIS (Common Microcontroller Software Interface Standard)
   * Component: CORE Version: 6.1.1

Package Vendor: Keil
                https://www.keil.com/pack/Keil.STM32H5xx_DFP.2.1.1.pack
                Keil::STM32H5xx_DFP@2.1.1
                STMicroelectronics STM32H5 Series Device Support

<h2>Collection of Component include folders:</h2>
  ./RTE/_LCD_Hardware
  C:/Apps/Keil543/Packs/ARM/CMSIS/6.2.0/CMSIS/Core/Include

<h2>Collection of Component Files used:</h2>

   * Component: ARM::CMSIS:CORE@6.1.1
      Include file:  CMSIS/Core/Include/tz_context.h
Build Time Elapsed:  00:00:07
</pre>
</body>
</html>
